Archive member included to satisfy reference by file (symbol)

../libdaisy/build/libdaisy.a(daisy_seed.o)
                              build/Veno-Echo.o (daisy::DaisySeed::Configure())
../libdaisy/build/libdaisy.a(codec_ak4556.o)
                              ../libdaisy/build/libdaisy.a(daisy_seed.o) (daisy::Ak4556::Init(dsy_gpio_pin))
../libdaisy/build/libdaisy.a(sdram.o)
                              ../libdaisy/build/libdaisy.a(daisy_seed.o) (dsy_sdram_init)
../libdaisy/build/libdaisy.a(audio.o)
                              ../libdaisy/build/libdaisy.a(daisy_seed.o) (daisy::AudioHandle::Init(daisy::AudioHandle::Config const&, daisy::SaiHandle))
../libdaisy/build/libdaisy.a(led.o)
                              build/LEDs.o (daisy::Led::Init(dsy_gpio_pin, bool, float))
../libdaisy/build/libdaisy.a(switch.o)
                              build/Veno-Echo.o (daisy::Switch::Init(dsy_gpio_pin, float, daisy::Switch::Type, daisy::Switch::Polarity, daisy::Switch::Pull))
../libdaisy/build/libdaisy.a(adc.o)
                              build/Veno-Echo.o (daisy::AdcChannelConfig::InitSingle(dsy_gpio_pin))
../libdaisy/build/libdaisy.a(gpio.o)
                              ../libdaisy/build/libdaisy.a(daisy_seed.o) (dsy_gpio_init)
../libdaisy/build/libdaisy.a(qspi.o)
                              build/QSPI_Settings.o (dsy_qspi_init)
../libdaisy/build/libdaisy.a(sai.o)
                              ../libdaisy/build/libdaisy.a(daisy_seed.o) (daisy::SaiHandle::Init(daisy::SaiHandle::Config const&))
../libdaisy/build/libdaisy.a(system.o)
                              build/Veno-Echo.o (daisy::System::GetNow())
../libdaisy/build/libdaisy.a(system_stm32h7xx.o)
                              build/startup_stm32h750xx.o (SystemInit)
../libdaisy/build/libdaisy.a(hal_map.o)
                              ../libdaisy/build/libdaisy.a(sdram.o) (dsy_hal_map_get_port)
../libdaisy/build/libdaisy.a(stm32h7xx_hal.o)
                              ../libdaisy/build/libdaisy.a(system.o) (HAL_Init)
../libdaisy/build/libdaisy.a(stm32h7xx_hal_adc.o)
                              ../libdaisy/build/libdaisy.a(adc.o) (HAL_ADC_ConfigChannel)
../libdaisy/build/libdaisy.a(stm32h7xx_hal_adc_ex.o)
                              ../libdaisy/build/libdaisy.a(adc.o) (HAL_ADCEx_Calibration_Start)
../libdaisy/build/libdaisy.a(stm32h7xx_hal_cortex.o)
                              ../libdaisy/build/libdaisy.a(stm32h7xx_hal.o) (HAL_NVIC_SetPriorityGrouping)
../libdaisy/build/libdaisy.a(stm32h7xx_hal_dma.o)
                              ../libdaisy/build/libdaisy.a(adc.o) (HAL_DMA_Init)
../libdaisy/build/libdaisy.a(stm32h7xx_hal_gpio.o)
                              ../libdaisy/build/libdaisy.a(sdram.o) (HAL_GPIO_Init)
../libdaisy/build/libdaisy.a(stm32h7xx_hal_pwr_ex.o)
                              ../libdaisy/build/libdaisy.a(system.o) (HAL_PWREx_ConfigSupply)
../libdaisy/build/libdaisy.a(stm32h7xx_hal_qspi.o)
                              ../libdaisy/build/libdaisy.a(qspi.o) (HAL_QSPI_Init)
../libdaisy/build/libdaisy.a(stm32h7xx_hal_rcc.o)
                              ../libdaisy/build/libdaisy.a(system.o) (HAL_RCC_OscConfig)
../libdaisy/build/libdaisy.a(stm32h7xx_hal_rcc_ex.o)
                              ../libdaisy/build/libdaisy.a(system.o) (HAL_RCCEx_PeriphCLKConfig)
../libdaisy/build/libdaisy.a(stm32h7xx_hal_sai.o)
                              ../libdaisy/build/libdaisy.a(sai.o) (HAL_SAI_InitProtocol)
../libdaisy/build/libdaisy.a(stm32h7xx_hal_sdram.o)
                              ../libdaisy/build/libdaisy.a(sdram.o) (HAL_SDRAM_Init)
../libdaisy/build/libdaisy.a(stm32h7xx_ll_fmc.o)
                              ../libdaisy/build/libdaisy.a(stm32h7xx_hal_sdram.o) (FMC_SDRAM_Init)
../libdaisy/build/libdaisy.a(i2c.o)
                              ../libdaisy/build/libdaisy.a(system.o) (dsy_i2c_global_init)
../libdaisy/build/libdaisy.a(tim.o)
                              ../libdaisy/build/libdaisy.a(system.o) (daisy::TimerHandle::Init(daisy::TimerHandle::Config const&))
../libdaisy/build/libdaisy.a(dma.o)
                              ../libdaisy/build/libdaisy.a(system.o) (dsy_dma_init)
../libdaisy/build/libdaisy.a(stm32h7xx_hal_i2c.o)
                              ../libdaisy/build/libdaisy.a(i2c.o) (HAL_I2C_Init)
../libdaisy/build/libdaisy.a(stm32h7xx_hal_i2c_ex.o)
                              ../libdaisy/build/libdaisy.a(i2c.o) (HAL_I2CEx_ConfigAnalogFilter)
../libdaisy/build/libdaisy.a(stm32h7xx_hal_mdma.o)
                              ../libdaisy/build/libdaisy.a(stm32h7xx_hal_qspi.o) (HAL_MDMA_Start_IT)
../libdaisy/build/libdaisy.a(stm32h7xx_hal_pwr.o)
                              ../libdaisy/build/libdaisy.a(stm32h7xx_hal_pwr_ex.o) (HAL_PWR_PVDCallback)
../libdaisy/build/libdaisy.a(stm32h7xx_hal_tim.o)
                              ../libdaisy/build/libdaisy.a(tim.o) (HAL_TIM_Base_Init)
../libdaisy/build/libdaisy.a(stm32h7xx_hal_tim_ex.o)
[...]
Memory Configuration

Name             Origin             Length             Attributes
FLASH            0x0000000008000000 0x0000000000020000 xr
DTCMRAM          0x0000000020000000 0x0000000000020000 xrw
SRAM             0x0000000024000000 0x0000000000080000 xrw
RAM_D2           0x0000000030000000 0x0000000000048000 xrw
RAM_D3           0x0000000038000000 0x0000000000010000 xrw
ITCMRAM          0x0000000000000000 0x0000000000010000 xrw
SDRAM            0x00000000c0000000 0x0000000004000000 xrw
QSPIFLASH        0x0000000090000000 0x0000000000800000 xr
*default*        0x0000000000000000 0xffffffffffffffff

Linker script and memory map

LOAD /usr/local/Cellar/arm-none-eabi-gcc/9-2019-q4-major/gcc/bin/../lib/gcc/arm-none-eabi/9.2.1/thumb/v7e-m+dp/hard/crti.o
LOAD /usr/local/Cellar/arm-none-eabi-gcc/9-2019-q4-major/gcc/bin/../lib/gcc/arm-none-eabi/9.2.1/thumb/v7e-m+dp/hard/crtbegin.o
LOAD /usr/local/Cellar/arm-none-eabi-gcc/9-2019-q4-major/gcc/bin/../lib/gcc/arm-none-eabi/9.2.1/../../../../arm-none-eabi/lib/thumb/v7e-m+dp/hard/crt0.o
LOAD build/startup_stm32h750xx.o
LOAD build/diskio.o
LOAD build/ff.o
LOAD build/ff_gen_drv.o
LOAD build/ccsbcs.o
LOAD build/Veno-Echo.o
LOAD build/scale.o
LOAD build/taptempo.o
LOAD build/DelayMulti.o
LOAD build/LEDs.o
LOAD build/QSPI_Settings.o
LOAD ../libdaisy/build/libdaisy.a
LOAD /usr/local/Cellar/arm-none-eabi-gcc/9-2019-q4-major/gcc/bin/../lib/gcc/arm-none-eabi/9.2.1/../../../../arm-none-eabi/lib/thumb/v7e-m+dp/hard/libnosys.a
LOAD ../DaisySP/build/libdaisysp.a
LOAD /usr/local/Cellar/arm-none-eabi-gcc/9-2019-q4-major/gcc/bin/../lib/gcc/arm-none-eabi/9.2.1/../../../../arm-none-eabi/lib/thumb/v7e-m+dp/hard/libstdc++_nano.a
LOAD /usr/local/Cellar/arm-none-eabi-gcc/9-2019-q4-major/gcc/bin/../lib/gcc/arm-none-eabi/9.2.1/../../../../arm-none-eabi/lib/thumb/v7e-m+dp/hard/libm.a
LOAD /usr/local/Cellar/arm-none-eabi-gcc/9-2019-q4-major/gcc/bin/../lib/gcc/arm-none-eabi/9.2.1/../../../../arm-none-eabi/lib/thumb/v7e-m+dp/hard/libc_nano.a
START GROUP
LOAD /usr/local/Cellar/arm-none-eabi-gcc/9-2019-q4-major/gcc/bin/../lib/gcc/arm-none-eabi/9.2.1/thumb/v7e-m+dp/hard/libgcc.a
LOAD /usr/local/Cellar/arm-none-eabi-gcc/9-2019-q4-major/gcc/bin/../lib/gcc/arm-none-eabi/9.2.1/../../../../arm-none-eabi/lib/thumb/v7e-m+dp/hard/libc_nano.a
END GROUP
START GROUP
LOAD /usr/local/Cellar/arm-none-eabi-gcc/9-2019-q4-major/gcc/bin/../lib/gcc/arm-none-eabi/9.2.1/thumb/v7e-m+dp/hard/libgcc.a
LOAD /usr/local/Cellar/arm-none-eabi-gcc/9-2019-q4-major/gcc/bin/../lib/gcc/arm-none-eabi/9.2.1/../../../../arm-none-eabi/lib/thumb/v7e-m+dp/hard/libc_nano.a
LOAD /usr/local/Cellar/arm-none-eabi-gcc/9-2019-q4-major/gcc/bin/../lib/gcc/arm-none-eabi/9.2.1/../../../../arm-none-eabi/lib/thumb/v7e-m+dp/hard/libnosys.a
END GROUP
START GROUP
LOAD /usr/local/Cellar/arm-none-eabi-gcc/9-2019-q4-major/gcc/bin/../lib/gcc/arm-none-eabi/9.2.1/thumb/v7e-m+dp/hard/libgcc.a
LOAD /usr/local/Cellar/arm-none-eabi-gcc/9-2019-q4-major/gcc/bin/../lib/gcc/arm-none-eabi/9.2.1/../../../../arm-none-eabi/lib/thumb/v7e-m+dp/hard/libc_nano.a
LOAD /usr/local/Cellar/arm-none-eabi-gcc/9-2019-q4-major/gcc/bin/../lib/gcc/arm-none-eabi/9.2.1/../../../../arm-none-eabi/lib/thumb/v7e-m+dp/hard/libnosys.a
END GROUP
LOAD /usr/local/Cellar/arm-none-eabi-gcc/9-2019-q4-major/gcc/bin/../lib/gcc/arm-none-eabi/9.2.1/thumb/v7e-m+dp/hard/crtend.o
LOAD /usr/local/Cellar/arm-none-eabi-gcc/9-2019-q4-major/gcc/bin/../lib/gcc/arm-none-eabi/9.2.1/thumb/v7e-m+dp/hard/crtn.o
                0x0000000020020000                _estack = 0x20020000

.isr_vector     0x0000000008000000      0x298
                0x0000000008000000                . = ALIGN (0x4)
 *(.isr_vector)
 .isr_vector    0x0000000008000000      0x298 build/startup_stm32h750xx.o
                0x0000000008000000                g_pfnVectors
                0x0000000008000298                . = ALIGN (0x4)

.text           0x0000000008000298     0xdae8
                0x0000000008000298                . = ALIGN (0x4)
                0x0000000008000298                _stext = .
 *(.text)
 .text          0x0000000008000298       0x40 /usr/local/Cellar/arm-none-eabi-gcc/9-2019-q4-major/gcc/bin/../lib/gcc/arm-none-eabi/9.2.1/thumb/v7e-m+dp/hard/crtbegin.o
 .text          0x00000000080002d8      0x378 /usr/local/Cellar/arm-none-eabi-gcc/9-2019-q4-major/gcc/bin/../lib/gcc/arm-none-eabi/9.2.1/thumb/v7e-m+dp/hard/libgcc.a(_arm_addsubdf3.o)
                0x00000000080002d8                __aeabi_drsub
                0x00000000080002e0                __subdf3
                0x00000000080002e0                __aeabi_dsub
                0x00000000080002e4                __aeabi_dadd
                0x00000000080002e4                __adddf3
                0x000000000800055c                __aeabi_ui2d
                0x000000000800055c                __floatunsidf
                0x000000000800057c                __floatsidf
                0x000000000800057c                __aeabi_i2d
                0x00000000080005a0                __extendsfdf2
                0x00000000080005a0                __aeabi_f2d
                0x00000000080005e4                __aeabi_ul2d
                0x00000000080005e4                __floatundidf
                0x00000000080005f4                __aeabi_l2d
                0x00000000080005f4                __floatdidf
 *(.text*)
 .text.Default_Handler
                0x0000000008000650        0x4 build/startup_stm32h750xx.o
                0x0000000008000650                SAI1_IRQHandler
                0x0000000008000650                HASH_RNG_IRQHandler
                0x0000000008000650                EXTI2_IRQHandler
                0x0000000008000650                TIM8_CC_IRQHandler
                0x0000000008000650                HRTIM1_Master_IRQHandler
                0x0000000008000650                DebugMon_Handler
                0x0000000008000650                UART8_IRQHandler
                0x0000000008000650                SPI4_IRQHandler
                0x0000000008000650                TIM1_CC_IRQHandler
                0x0000000008000650                BDMA_Channel6_IRQHandler
                0x0000000008000650                DMA2_Stream5_IRQHandler
                0x0000000008000650                HRTIM1_FLT_IRQHandler
                0x0000000008000650                JPEG_IRQHandler
                0x0000000008000650                DMA1_Stream5_IRQHandler
                0x0000000008000650                BDMA_Channel1_IRQHandler
                0x0000000008000650                HRTIM1_TIMD_IRQHandler
                0x0000000008000650                TAMP_STAMP_IRQHandler
                0x0000000008000650                PendSV_Handler
                0x0000000008000650                NMI_Handler
                0x0000000008000650                EXTI3_IRQHandler
                0x0000000008000650                LPTIM4_IRQHandler
                0x0000000008000650                TIM8_TRG_COM_TIM14_IRQHandler
                0x0000000008000650                LPTIM2_IRQHandler
                0x0000000008000650                DFSDM1_FLT1_IRQHandler
                0x0000000008000650                DMAMUX2_OVR_IRQHandler
                0x0000000008000650                TIM8_UP_TIM13_IRQHandler
                0x0000000008000650                I2C3_ER_IRQHandler
                0x0000000008000650                DFSDM1_FLT2_IRQHandler
                0x0000000008000650                MDMA_IRQHandler
                0x0000000008000650                LPTIM3_IRQHandler
                0x0000000008000650                HSEM1_IRQHandler
                0x0000000008000650                EXTI0_IRQHandler
                0x0000000008000650                FPU_IRQHandler
                0x0000000008000650                OTG_HS_WKUP_IRQHandler
                0x0000000008000650                FDCAN1_IT1_IRQHandler
                0x0000000008000650                UsageFault_Handler
                0x0000000008000650                LTDC_ER_IRQHandler
                0x0000000008000650                DMA2_Stream2_IRQHandler
                0x0000000008000650                HRTIM1_TIME_IRQHandler
                0x0000000008000650                SPI1_IRQHandler
                0x0000000008000650                TIM6_DAC_IRQHandler
                0x0000000008000650                DCMI_IRQHandler
                0x0000000008000650                HRTIM1_TIMC_IRQHandler
                0x0000000008000650                DMA2_Stream3_IRQHandler
                0x0000000008000650                SAI2_IRQHandler
                0x0000000008000650                DFSDM1_FLT3_IRQHandler
                0x0000000008000650                USART6_IRQHandler
                0x0000000008000650                TIM17_IRQHandler
                0x0000000008000650                USART3_IRQHandler
                0x0000000008000650                CRYP_IRQHandler
                0x0000000008000650                BDMA_Channel7_IRQHandler
                0x0000000008000650                LPTIM5_IRQHandler
                0x0000000008000650                UART5_IRQHandler
                0x0000000008000650                ADC3_IRQHandler
                0x0000000008000650                DMA2_Stream0_IRQHandler
                0x0000000008000650                TIM4_IRQHandler
                0x0000000008000650                BDMA_Channel2_IRQHandler
                0x0000000008000650                DMAMUX1_OVR_IRQHandler
                0x0000000008000650                TIM16_IRQHandler
                0x0000000008000650                UART4_IRQHandler
                0x0000000008000650                BDMA_Channel5_IRQHandler
                0x0000000008000650                TIM3_IRQHandler
                0x0000000008000650                RCC_IRQHandler
                0x0000000008000650                TIM8_BRK_TIM12_IRQHandler
                0x0000000008000650                TIM1_TRG_COM_IRQHandler
                0x0000000008000650                Default_Handler
                0x0000000008000650                ECC_IRQHandler
                0x0000000008000650                CEC_IRQHandler
                0x0000000008000650                EXTI15_10_IRQHandler
                0x0000000008000650                BDMA_Channel0_IRQHandler
                0x0000000008000650                ADC_IRQHandler
                0x0000000008000650                DMA1_Stream7_IRQHandler
                0x0000000008000650                HRTIM1_TIMA_IRQHandler
                0x0000000008000650                SPI5_IRQHandler
                0x0000000008000650                TIM7_IRQHandler
                0x0000000008000650                SDMMC1_IRQHandler
                0x0000000008000650                TIM5_IRQHandler
                0x0000000008000650                DMA2_Stream7_IRQHandler
                0x0000000008000650                TIM15_IRQHandler
                0x0000000008000650                PVD_AVD_IRQHandler
                0x0000000008000650                EXTI9_5_IRQHandler
                0x0000000008000650                RTC_WKUP_IRQHandler
                0x0000000008000650                LTDC_IRQHandler
                0x0000000008000650                SAI3_IRQHandler
                0x0000000008000650                ETH_WKUP_IRQHandler
                0x0000000008000650                SPDIF_RX_IRQHandler
                0x0000000008000650                SPI2_IRQHandler
                0x0000000008000650                OTG_HS_EP1_IN_IRQHandler
                0x0000000008000650                MemManage_Handler
                0x0000000008000650                SVC_Handler
                0x0000000008000650                CRS_IRQHandler
                0x0000000008000650                EXTI4_IRQHandler
                0x0000000008000650                HRTIM1_TIMB_IRQHandler
                0x0000000008000650                FDCAN2_IT1_IRQHandler
                0x0000000008000650                ETH_IRQHandler
                0x0000000008000650                TIM1_UP_IRQHandler
                0x0000000008000650                BDMA_Channel4_IRQHandler
                0x0000000008000650                OTG_HS_EP1_OUT_IRQHandler
                0x0000000008000650                WWDG_IRQHandler
                0x0000000008000650                SPI6_IRQHandler
                0x0000000008000650                I2C4_EV_IRQHandler
                0x0000000008000650                MDIOS_IRQHandler
                0x0000000008000650                FDCAN2_IT0_IRQHandler
                0x0000000008000650                LPUART1_IRQHandler
                0x0000000008000650                FDCAN1_IT0_IRQHandler
                0x0000000008000650                TIM2_IRQHandler
                0x0000000008000650                OTG_FS_WKUP_IRQHandler
                0x0000000008000650                OTG_HS_IRQHandler
                0x0000000008000650                DMA2D_IRQHandler
                0x0000000008000650                TIM1_BRK_IRQHandler
                0x0000000008000650                EXTI1_IRQHandler
                0x0000000008000650                SDMMC2_IRQHandler
                0x0000000008000650                OTG_FS_EP1_OUT_IRQHandler
                0x0000000008000650                BDMA_Channel3_IRQHandler
                0x0000000008000650                UART7_IRQHandler
                0x0000000008000650                MDIOS_WKUP_IRQHandler
                0x0000000008000650                USART2_IRQHandler
                0x0000000008000650                DFSDM1_FLT0_IRQHandler
                0x0000000008000650                SAI4_IRQHandler
                0x0000000008000650                I2C2_ER_IRQHandler
                0x0000000008000650                DMA2_Stream1_IRQHandler
                0x0000000008000650                FLASH_IRQHandler
                0x0000000008000650                DMA2_Stream4_IRQHandler
                0x0000000008000650                BusFault_Handler
                0x0000000008000650                USART1_IRQHandler
                0x0000000008000650                OTG_FS_IRQHandler
                0x0000000008000650                SPI3_IRQHandler
                0x0000000008000650                WAKEUP_PIN_IRQHandler
                0x0000000008000650                OTG_FS_EP1_IN_IRQHandler
                0x0000000008000650                I2C1_ER_IRQHandler
                0x0000000008000650                FMC_IRQHandler
                0x0000000008000650                FDCAN_CAL_IRQHandler
                0x0000000008000650                SWPMI1_IRQHandler
                0x0000000008000650                COMP1_IRQHandler
                0x0000000008000650                LPTIM1_IRQHandler
                0x0000000008000650                I2C4_ER_IRQHandler
                0x0000000008000650                DMA2_Stream6_IRQHandler
                0x0000000008000650                RTC_Alarm_IRQHandler
 .text.Reset_Handler
                0x0000000008000654       0x4c build/startup_stm32h750xx.o
                0x0000000008000654                Reset_Handler
 .text._ZN5daisy6SwitchD2Ev
                0x00000000080006a0        0x4 build/Veno-Echo.o
                0x00000000080006a0                daisy::Switch::~Switch()
                0x00000000080006a0                daisy::Switch::~Switch()
 .text._ZN5daisy9DaisySeedD2Ev
                0x00000000080006a4        0x4 build/Veno-Echo.o
                0x00000000080006a4                daisy::DaisySeed::~DaisySeed()
                0x00000000080006a4                daisy::DaisySeed::~DaisySeed()
 .text._ZN7daisysp4AdsrD2Ev
                0x00000000080006a8        0x4 build/Veno-Echo.o
                0x00000000080006a8                daisysp::Adsr::~Adsr()
                0x00000000080006a8                daisysp::Adsr::~Adsr()
 .text._ZN7daisysp10OscillatorD2Ev
                0x00000000080006ac        0x4 build/Veno-Echo.o
                0x00000000080006ac                daisysp::Oscillator::~Oscillator()
                0x00000000080006ac                daisysp::Oscillator::~Oscillator()
 .text._ZN7daisysp3SvfD2Ev
                0x00000000080006b0        0x4 build/Veno-Echo.o
                0x00000000080006b0                daisysp::Svf::~Svf()
                0x00000000080006b0                daisysp::Svf::~Svf()
 .text._ZN7daisysp9CrossFadeD2Ev
                0x00000000080006b4        0x4 build/Veno-Echo.o
                0x00000000080006b4                daisysp::CrossFade::~CrossFade()
                0x00000000080006b4                daisysp::CrossFade::~CrossFade()
 .text._ZN7daisysp7DcBlockD2Ev
                0x00000000080006b8        0x4 build/Veno-Echo.o
                0x00000000080006b8                daisysp::DcBlock::~DcBlock()
                0x00000000080006b8                daisysp::DcBlock::~DcBlock()
 .text._ZN7daisysp9EnvFollowD2Ev
                0x00000000080006bc        0x4 build/Veno-Echo.o
                0x00000000080006bc                daisysp::EnvFollow::~EnvFollow()
                0x00000000080006bc                daisysp::EnvFollow::~EnvFollow()
 .text._ZN8TaptempoD2Ev
                0x00000000080006c0        0x4 build/Veno-Echo.o
                0x00000000080006c0                Taptempo::~Taptempo()
                0x00000000080006c0                Taptempo::~Taptempo()
 .text._ZN8TempoLEDD2Ev
                0x00000000080006c4        0x4 build/Veno-Echo.o
                0x00000000080006c4                TempoLED::~TempoLED()
                0x00000000080006c4                TempoLED::~TempoLED()
 .text._ZN9ButtonLEDD2Ev
                0x00000000080006c8        0x4 build/Veno-Echo.o
                0x00000000080006c8                ButtonLED::~ButtonLED()
                0x00000000080006c8                ButtonLED::~ButtonLED()
 .text._ZN10DelayMultiD2Ev
                0x00000000080006cc        0x4 build/Veno-Echo.o
                0x00000000080006cc                DelayMulti::~DelayMulti()
                0x00000000080006cc                DelayMulti::~DelayMulti()
 .text._ZN7daisysp17DelayLineMultiTapIfLj1728000EED2Ev
                0x00000000080006d0        0x4 build/Veno-Echo.o
                0x00000000080006d0                daisysp::DelayLineMultiTap<float, 1728000u>::~DelayLineMultiTap()
                0x00000000080006d0                daisysp::DelayLineMultiTap<float, 1728000u>::~DelayLineMultiTap()
 .text._ZN7daisysp16DelayLineReverseIfLj600000EED2Ev
                0x00000000080006d4        0x4 build/Veno-Echo.o
                0x00000000080006d4                daisysp::DelayLineReverse<float, 600000u>::~DelayLineReverse()
                0x00000000080006d4                daisysp::DelayLineReverse<float, 600000u>::~DelayLineReverse()
 .text._Z16checkPickupStateff11pickupStateb.part.0
                0x00000000080006d8       0x44 build/Veno-Echo.o
 .text._Z10InitDelaysf
                0x000000000800071c      0x1e4 build/Veno-Echo.o
                0x000000000800071c                InitDelays(float)
 .text._Z16Update_feedbackLv
                0x0000000008000900      0x218 build/Veno-Echo.o
                0x0000000008000900                Update_feedbackL()
 .text._Z16Update_feedbackRv
                0x0000000008000b18      0x218 build/Veno-Echo.o
                0x0000000008000b18                Update_feedbackR()
 .text._Z13Update_drywetv
                0x0000000008000d30      0x29c build/Veno-Echo.o
                0x0000000008000d30                Update_drywet()
 .text._Z12Update_widthv
                0x0000000008000fcc       0xec build/Veno-Echo.o
                0x0000000008000fcc                Update_width()
 .text._Z20Update_crossfeedbackv
                0x00000000080010b8       0xb0 build/Veno-Echo.o
                0x00000000080010b8                Update_crossfeedback()
 .text._Z18Update_filterXfadev
                0x0000000008001168       0xbc build/Veno-Echo.o
                0x0000000008001168                Update_filterXfade()
 .text._Z8GetModCVv
                0x0000000008001224       0x30 build/Veno-Echo.o
                0x0000000008001224                GetModCV()
 .text._Z10Update_Modv
                0x0000000008001254       0x9c build/Veno-Echo.o
                0x0000000008001254                Update_Mod()
 .text._Z11UpdateClockv
                0x00000000080012f0       0x88 build/Veno-Echo.o
                0x00000000080012f0                UpdateClock()
 .text._Z19Update_BaseTempoLEDv
                0x0000000008001378       0x54 build/Veno-Echo.o
                0x0000000008001378                Update_BaseTempoLED()
 .text._Z11SetTempoDivfP9TempoDivs
                0x00000000080013cc      0x13c build/Veno-Echo.o
                0x00000000080013cc                SetTempoDiv(float, TempoDivs*)
 .text._Z17Update_DelayTimeRv
                0x0000000008001508      0x27c build/Veno-Echo.o
                0x0000000008001508                Update_DelayTimeR()
 .text._Z17Update_DelayTimeLv
                0x0000000008001784      0x2d8 build/Veno-Echo.o
                0x0000000008001784                Update_DelayTimeL()
 .text._Z13ApplySettingsRK8Settings
                0x0000000008001a5c      0x3bc build/Veno-Echo.o
                0x0000000008001a5c                ApplySettings(Settings const&)
 .text.startup.main
                0x0000000008001e18      0x5f0 build/Veno-Echo.o
                0x0000000008001e18                main
 .text._Z12ResetAllLEDsv
                0x0000000008002408       0x9c build/Veno-Echo.o
                0x0000000008002408                ResetAllLEDs()
 .text._Z14Update_Buttonsv
                0x00000000080024a4      0x1f8 build/Veno-Echo.o
                0x00000000080024a4                Update_Buttons()
 .text._ZL13AudioCallbackPfS_j
                0x000000000800269c      0xcc0 build/Veno-Echo.o
 .text.startup._GLOBAL__sub_I_delMemsL
                0x000000000800335c      0x368 build/Veno-Echo.o
 .text._Z5scalefff9CurveType
                0x00000000080036c4       0xb0 build/scale.o
                0x00000000080036c4                scale(float, float, float, CurveType)
 .text._ZN8Taptempo4initEiif
                0x0000000008003774       0x28 build/taptempo.o
                0x0000000008003774                Taptempo::init(int, int, float)
 .text._ZN8Taptempo3tapEv
                0x000000000800379c       0x80 build/taptempo.o
                0x000000000800379c                Taptempo::tap()
 .text._ZN8Taptempo12getTapLengthEv
                0x000000000800381c        0x8 build/taptempo.o
                0x000000000800381c                Taptempo::getTapLength()
 .text._ZN8Taptempo10getTapFreqEv
                0x0000000008003824       0x1c build/taptempo.o
                0x0000000008003824                Taptempo::getTapFreq()
 .text._ZN8Taptempo11setTapRatioEf
                0x0000000008003840        0x8 build/taptempo.o
                0x0000000008003840                Taptempo::setTapRatio(float)
 .text._ZN10DelayMulti4initE12dsy_gpio_pinf
                0x0000000008003848       0xf0 build/DelayMulti.o
                0x0000000008003848                DelayMulti::init(dsy_gpio_pin, float)
 .text._ZN10DelayMulti12SetDelayTimeEf
                0x0000000008003938       0xe0 build/DelayMulti.o
                0x0000000008003938                DelayMulti::SetDelayTime(float)
 .text._ZN10DelayMulti16SetDelayTime_potEfb
                0x0000000008003a18       0x3c build/DelayMulti.o
                0x0000000008003a18                DelayMulti::SetDelayTime_pot(float, bool)
 .text._ZN10DelayMulti9GetOutputEv
                0x0000000008003a54      0x118 build/DelayMulti.o
                0x0000000008003a54                DelayMulti::GetOutput()
 .text._ZN10DelayMulti5WriteERKf
                0x0000000008003b6c       0x34 build/DelayMulti.o
                0x0000000008003b6c                DelayMulti::Write(float const&)
 .text._ZN10DelayMulti13SetModulationERKf
                0x0000000008003ba0        0x8 build/DelayMulti.o
                0x0000000008003ba0                DelayMulti::SetModulation(float const&)
 .text._ZN8TempoLED4initE12dsy_gpio_pinf
                0x0000000008003ba8       0x94 build/LEDs.o
                0x0000000008003ba8                TempoLED::init(dsy_gpio_pin, float)
 .text._ZN8TempoLED8setTempoEf
                0x0000000008003c3c       0x14 build/LEDs.o
                0x0000000008003c3c                TempoLED::setTempo(float)
 .text._ZN8TempoLED10resetPhaseEv
                0x0000000008003c50        0x8 build/LEDs.o
                0x0000000008003c50                TempoLED::resetPhase()
 .text._ZN8TempoLED6updateEv
                0x0000000008003c58       0x2c build/LEDs.o
                0x0000000008003c58                TempoLED::update()
 .text._ZN8TempoLED7LED_setEf
                0x0000000008003c84        0x4 build/LEDs.o
                0x0000000008003c84                TempoLED::LED_set(float)
 .text._ZN8TempoLED5isEOCEv
                0x0000000008003c88        0x8 build/LEDs.o
                0x0000000008003c88                TempoLED::isEOC()
 .text._ZN9ButtonLED4initE12dsy_gpio_pinS0_NS_10SwitchTypeEf
                0x0000000008003c90       0x4c build/LEDs.o
                0x0000000008003c90                ButtonLED::init(dsy_gpio_pin, dsy_gpio_pin, ButtonLED::SwitchType, float)
 .text._ZN9ButtonLED6toggleEv
                0x0000000008003cdc       0x24 build/LEDs.o
                0x0000000008003cdc                ButtonLED::toggle()
 .text._ZN9ButtonLED6updateEv
                0x0000000008003d00       0x78 build/LEDs.o
                0x0000000008003d00                ButtonLED::update()
 .text._ZN9ButtonLED8getStateEv
                0x0000000008003d78        0x4 build/LEDs.o
                0x0000000008003d78                ButtonLED::getState()
 .text._ZN9ButtonLED10RisingEdgeEv
                0x0000000008003d7c       0x10 build/LEDs.o
                0x0000000008003d7c                ButtonLED::RisingEdge()
 .text._ZN9ButtonLED11FallingEdgeEv
                0x0000000008003d8c       0x10 build/LEDs.o
                0x0000000008003d8c                ButtonLED::FallingEdge()
 .text._ZN9ButtonLED7LED_setEf
                0x0000000008003d9c        0x8 build/LEDs.o
                0x0000000008003d9c                ButtonLED::LED_set(float)
 .text.startup._GLOBAL__sub_I_base
                0x0000000008003da4       0x1c build/QSPI_Settings.o
 .text._ZN5daisy9DaisySeed9ConfigureEv
                0x0000000008003dc0       0x40 ../libdaisy/build/libdaisy.a(daisy_seed.o)
                0x0000000008003dc0                daisy::DaisySeed::Configure()
 .text._ZN5daisy9DaisySeed6GetPinEh
                0x0000000008003e00       0x2c ../libdaisy/build/libdaisy.a(daisy_seed.o)
                0x0000000008003e00                daisy::DaisySeed::GetPin(unsigned char)
 .text._ZN5daisy9DaisySeed10StartAudioEPFvPfS1_jE
                0x0000000008003e2c        0x8 ../libdaisy/build/libdaisy.a(daisy_seed.o)
                0x0000000008003e2c                daisy::DaisySeed::StartAudio(void (*)(float*, float*, unsigned int))
 .text._ZN5daisy9DaisySeed15AudioSampleRateEv
                0x0000000008003e34        0x8 ../libdaisy/build/libdaisy.a(daisy_seed.o)
                0x0000000008003e34                daisy::DaisySeed::AudioSampleRate()
 .text._ZN5daisy9DaisySeed17SetAudioBlockSizeEj
                0x0000000008003e3c       0x38 ../libdaisy/build/libdaisy.a(daisy_seed.o)
                0x0000000008003e3c                daisy::DaisySeed::SetAudioBlockSize(unsigned int)
 .text._ZN5daisy9DaisySeed14ConfigureAudioEv
                0x0000000008003e74       0x70 ../libdaisy/build/libdaisy.a(daisy_seed.o)
                0x0000000008003e74                daisy::DaisySeed::ConfigureAudio()
 .text._ZN5daisy9DaisySeed4InitEb
                0x0000000008003ee4       0x7c ../libdaisy/build/libdaisy.a(daisy_seed.o)
                0x0000000008003ee4                daisy::DaisySeed::Init(bool)
 .text._ZN5daisy6Ak45564InitE12dsy_gpio_pin
                0x0000000008003f60       0x44 ../libdaisy/build/libdaisy.a(codec_ak4556.o)
                0x0000000008003f60                daisy::Ak4556::Init(dsy_gpio_pin)
 .text.dsy_sdram_init
                0x0000000008003fa4      0x120 ../libdaisy/build/libdaisy.a(sdram.o)
                0x0000000008003fa4                dsy_sdram_init
 .text.HAL_SDRAM_MspInit
                0x00000000080040c4      0x1cc ../libdaisy/build/libdaisy.a(sdram.o)
                0x00000000080040c4                HAL_SDRAM_MspInit
 .text._ZN5daisy11AudioHandle4Impl16InternalCallbackEPlS2_j
                0x0000000008004290      0xc14 ../libdaisy/build/libdaisy.a(audio.o)
                0x0000000008004290                daisy::AudioHandle::Impl::InternalCallback(long*, long*, unsigned int)
 .text._ZN5daisy11AudioHandle4InitERKNS0_6ConfigENS_9SaiHandleE
                0x0000000008004ea4       0x68 ../libdaisy/build/libdaisy.a(audio.o)
                0x0000000008004ea4                daisy::AudioHandle::Init(daisy::AudioHandle::Config const&, daisy::SaiHandle)
 .text._ZNK5daisy11AudioHandle9GetConfigEv
                0x0000000008004f0c        0x8 ../libdaisy/build/libdaisy.a(audio.o)
                0x0000000008004f0c                daisy::AudioHandle::GetConfig() const
 .text._ZN5daisy11AudioHandle12SetBlockSizeEj
                0x0000000008004f14       0x1c ../libdaisy/build/libdaisy.a(audio.o)
                0x0000000008004f14                daisy::AudioHandle::SetBlockSize(unsigned int)
 .text._ZN5daisy11AudioHandle13GetSampleRateEv
                0x0000000008004f30        0x8 ../libdaisy/build/libdaisy.a(audio.o)
                0x0000000008004f30                daisy::AudioHandle::GetSampleRate()
 .text._ZN5daisy11AudioHandle5StartEPFvPfS1_jE
                0x0000000008004f38       0x2c ../libdaisy/build/libdaisy.a(audio.o)
                0x0000000008004f38                daisy::AudioHandle::Start(void (*)(float*, float*, unsigned int))
 .text.startup._GLOBAL__sub_I__ZN5daisy11AudioHandle4Impl4InitENS0_6ConfigENS_9SaiHandleE
                0x0000000008004f64       0x10 ../libdaisy/build/libdaisy.a(audio.o)
 .text._ZN5daisy3Led4InitE12dsy_gpio_pinbf
                0x0000000008004f74       0x48 ../libdaisy/build/libdaisy.a(led.o)
                0x0000000008004f74                daisy::Led::Init(dsy_gpio_pin, bool, float)
 .text._ZN5daisy3Led3SetEf
                0x0000000008004fbc       0x24 ../libdaisy/build/libdaisy.a(led.o)
                0x0000000008004fbc                daisy::Led::Set(float)
 .text._ZN5daisy3Led6UpdateEv
                0x0000000008004fe0       0x48 ../libdaisy/build/libdaisy.a(led.o)
                0x0000000008004fe0                daisy::Led::Update()
 .text._ZN5daisy6Switch4InitE12dsy_gpio_pinfNS0_4TypeENS0_8PolarityENS0_4PullE
                0x0000000008005028       0x68 ../libdaisy/build/libdaisy.a(switch.o)
                0x0000000008005028                daisy::Switch::Init(dsy_gpio_pin, float, daisy::Switch::Type, daisy::Switch::Polarity, daisy::Switch::Pull)
 .text._ZN5daisy6Switch4InitE12dsy_gpio_pinf
                0x0000000008005090       0x38 ../libdaisy/build/libdaisy.a(switch.o)
                0x0000000008005090                daisy::Switch::Init(dsy_gpio_pin, float)
 .text._ZN5daisy6Switch8DebounceEv
                0x00000000080050c8       0x4c ../libdaisy/build/libdaisy.a(switch.o)
                0x00000000080050c8                daisy::Switch::Debounce()
 .text._ZN5daisy16AdcChannelConfig10InitSingleE12dsy_gpio_pin
                0x0000000008005114       0x1c ../libdaisy/build/libdaisy.a(adc.o)
                0x0000000008005114                daisy::AdcChannelConfig::InitSingle(dsy_gpio_pin)
 .text._ZN5daisy16AdcChannelConfig7InitMuxE12dsy_gpio_pinjS1_S1_S1_
                0x0000000008005130       0x74 ../libdaisy/build/libdaisy.a(adc.o)
                0x0000000008005130                daisy::AdcChannelConfig::InitMux(dsy_gpio_pin, unsigned int, dsy_gpio_pin, dsy_gpio_pin, dsy_gpio_pin)
 .text._ZN5daisy9AdcHandle4InitEPNS_16AdcChannelConfigEjNS0_12OverSamplingE
                0x00000000080051a4      0x744 ../libdaisy/build/libdaisy.a(adc.o)
                0x00000000080051a4                daisy::AdcHandle::Init(daisy::AdcChannelConfig*, unsigned int, daisy::AdcHandle::OverSampling)
 .text._ZN5daisy9AdcHandle5StartEv
                0x00000000080058e8       0x2c ../libdaisy/build/libdaisy.a(adc.o)
                0x00000000080058e8                daisy::AdcHandle::Start()
 .text._ZNK5daisy9AdcHandle8GetFloatEh
                0x0000000008005914       0x20 ../libdaisy/build/libdaisy.a(adc.o)
                0x0000000008005914                daisy::AdcHandle::GetFloat(unsigned char) const
 .text._ZNK5daisy9AdcHandle11GetMuxFloatEhh
                0x0000000008005934       0x20 ../libdaisy/build/libdaisy.a(adc.o)
                0x0000000008005934                daisy::AdcHandle::GetMuxFloat(unsigned char, unsigned char) const
 .text.HAL_ADC_MspInit
                0x0000000008005954       0x9c ../libdaisy/build/libdaisy.a(adc.o)
                0x0000000008005954                HAL_ADC_MspInit
 .text.DMA1_Stream2_IRQHandler
                0x00000000080059f0        0xc ../libdaisy/build/libdaisy.a(adc.o)
                0x00000000080059f0                DMA1_Stream2_IRQHandler
 .text.HAL_ADC_ConvCpltCallback
                0x00000000080059fc      0x14c ../libdaisy/build/libdaisy.a(adc.o)
                0x00000000080059fc                HAL_ADC_ConvCpltCallback
 .text.HAL_ADC_ErrorCallback
                0x0000000008005b48        0x4 ../libdaisy/build/libdaisy.a(adc.o)
                0x0000000008005b48                HAL_ADC_ErrorCallback
 .text.dsy_gpio_init
                0x0000000008005b4c      0x1b8 ../libdaisy/build/libdaisy.a(gpio.o)
                0x0000000008005b4c                dsy_gpio_init
 .text.dsy_gpio_read
                0x0000000008005d04       0x1c ../libdaisy/build/libdaisy.a(gpio.o)
                0x0000000008005d04                dsy_gpio_read
 .text.dsy_gpio_write
                0x0000000008005d20       0x24 ../libdaisy/build/libdaisy.a(gpio.o)
                0x0000000008005d20                dsy_gpio_write
 .text.dsy_qspi_init
                0x0000000008005d44      0x390 ../libdaisy/build/libdaisy.a(qspi.o)
                0x0000000008005d44                dsy_qspi_init
 .text.HAL_QSPI_MspInit
                0x00000000080060d4      0x10c ../libdaisy/build/libdaisy.a(qspi.o)
                0x00000000080060d4                HAL_QSPI_MspInit
 .text.HAL_QSPI_MspDeInit
                0x00000000080061e0       0x58 ../libdaisy/build/libdaisy.a(qspi.o)
                0x00000000080061e0                HAL_QSPI_MspDeInit
 .text.QUADSPI_IRQHandler
                0x0000000008006238        0xc ../libdaisy/build/libdaisy.a(qspi.o)
                0x0000000008006238                QUADSPI_IRQHandler
 .text._ZN5daisy9SaiHandle4Impl7InitDmaENS1_15PeripheralBlockE
                0x0000000008006244       0xa0 ../libdaisy/build/libdaisy.a(sai.o)
                0x0000000008006244                daisy::SaiHandle::Impl::InitDma(daisy::SaiHandle::Impl::PeripheralBlock)
 .text._ZN5daisy9SaiHandle4Impl8InitPinsEv
                0x00000000080062e4       0xa8 ../libdaisy/build/libdaisy.a(sai.o)
                0x00000000080062e4                daisy::SaiHandle::Impl::InitPins()
 .text.HAL_SAI_MspInit
                0x000000000800638c      0x164 ../libdaisy/build/libdaisy.a(sai.o)
                0x000000000800638c                HAL_SAI_MspInit
 .text.DMA1_Stream0_IRQHandler
                0x00000000080064f0        0xc ../libdaisy/build/libdaisy.a(sai.o)
                0x00000000080064f0                DMA1_Stream0_IRQHandler
 .text.DMA1_Stream1_IRQHandler
                0x00000000080064fc        0xc ../libdaisy/build/libdaisy.a(sai.o)
                0x00000000080064fc                DMA1_Stream1_IRQHandler
 .text.DMA1_Stream3_IRQHandler
                0x0000000008006508        0xc ../libdaisy/build/libdaisy.a(sai.o)
                0x0000000008006508                DMA1_Stream3_IRQHandler
 .text.DMA1_Stream4_IRQHandler
                0x0000000008006514        0xc ../libdaisy/build/libdaisy.a(sai.o)
                0x0000000008006514                DMA1_Stream4_IRQHandler
 .text.HAL_SAI_RxHalfCpltCallback
                0x0000000008006520       0x78 ../libdaisy/build/libdaisy.a(sai.o)
                0x0000000008006520                HAL_SAI_RxHalfCpltCallback
 .text.HAL_SAI_RxCpltCallback
                0x0000000008006598       0x70 ../libdaisy/build/libdaisy.a(sai.o)
                0x0000000008006598                HAL_SAI_RxCpltCallback
 .text._ZN5daisy9SaiHandle4InitERKNS0_6ConfigE
                0x0000000008006608      0x1e0 ../libdaisy/build/libdaisy.a(sai.o)
                0x0000000008006608                daisy::SaiHandle::Init(daisy::SaiHandle::Config const&)
 .text._ZNK5daisy9SaiHandle9GetConfigEv
                0x00000000080067e8        0x4 ../libdaisy/build/libdaisy.a(sai.o)
                0x00000000080067e8                daisy::SaiHandle::GetConfig() const
 .text._ZN5daisy9SaiHandle8StartDmaEPlS1_jPFvS1_S1_jE
                0x00000000080067ec       0x68 ../libdaisy/build/libdaisy.a(sai.o)
                0x00000000080067ec                daisy::SaiHandle::StartDma(long*, long*, unsigned int, void (*)(long*, long*, unsigned int))
 .text._ZN5daisy9SaiHandle13GetSampleRateEv
                0x0000000008006854       0x24 ../libdaisy/build/libdaisy.a(sai.o)
                0x0000000008006854                daisy::SaiHandle::GetSampleRate()
 .text._ZNK5daisy9SaiHandle9GetOffsetEv
                0x0000000008006878        0x8 ../libdaisy/build/libdaisy.a(sai.o)
                0x0000000008006878                daisy::SaiHandle::GetOffset() const
 .text._ZN5daisy11TimerHandleD2Ev
                0x0000000008006880        0x4 ../libdaisy/build/libdaisy.a(system.o)
                0x0000000008006880                daisy::TimerHandle::~TimerHandle()
                0x0000000008006880                daisy::TimerHandle::~TimerHandle()
 .text.SysTick_Handler
                0x0000000008006884       0x10 ../libdaisy/build/libdaisy.a(system.o)
                0x0000000008006884                SysTick_Handler
 .text.HardFault_Handler
                0x0000000008006894        0x4 ../libdaisy/build/libdaisy.a(system.o)
                0x0000000008006894                HardFault_Handler
 .text._ZN5daisy6System6GetNowEv
                0x0000000008006898        0x4 ../libdaisy/build/libdaisy.a(system.o)
                0x0000000008006898                daisy::System::GetNow()
 .text._ZN5daisy6System5DelayEm
                0x000000000800689c        0x4 ../libdaisy/build/libdaisy.a(system.o)
                0x000000000800689c                daisy::System::Delay(unsigned long)
 .text._ZN5daisy6System15ConfigureClocksEv
                0x00000000080068a0      0x1c4 ../libdaisy/build/libdaisy.a(system.o)
                0x00000000080068a0                daisy::System::ConfigureClocks()
 .text._ZN5daisy6System4InitERKNS0_6ConfigE
                0x0000000008006a64      0x114 ../libdaisy/build/libdaisy.a(system.o)
                0x0000000008006a64                daisy::System::Init(daisy::System::Config const&)
 .text.startup._GLOBAL__sub_I_SysTick_Handler
                0x0000000008006b78       0x1c ../libdaisy/build/libdaisy.a(system.o)
 .text.SystemInit
                0x0000000008006b94       0x80 ../libdaisy/build/libdaisy.a(system_stm32h7xx.o)
                0x0000000008006b94                SystemInit
 .text.dsy_hal_map_get_port
                0x0000000008006c14       0x10 ../libdaisy/build/libdaisy.a(hal_map.o)
                0x0000000008006c14                dsy_hal_map_get_port
 .text.dsy_hal_map_get_pin
                0x0000000008006c24       0x10 ../libdaisy/build/libdaisy.a(hal_map.o)
                0x0000000008006c24                dsy_hal_map_get_pin
 .text.HAL_MspInit
                0x0000000008006c34        0x4 ../libdaisy/build/libdaisy.a(stm32h7xx_hal.o)
                0x0000000008006c34                HAL_MspInit
 .text.HAL_InitTick
                0x0000000008006c38       0x4c ../libdaisy/build/libdaisy.a(stm32h7xx_hal.o)
                0x0000000008006c38                HAL_InitTick
 .text.HAL_Init
                0x0000000008006c84       0x5c ../libdaisy/build/libdaisy.a(stm32h7xx_hal.o)
                0x0000000008006c84                HAL_Init
 .text.HAL_IncTick
                0x0000000008006ce0       0x18 ../libdaisy/build/libdaisy.a(stm32h7xx_hal.o)
                0x0000000008006ce0                HAL_IncTick
 .text.HAL_GetTick
                0x0000000008006cf8        0xc ../libdaisy/build/libdaisy.a(stm32h7xx_hal.o)
                0x0000000008006cf8                HAL_GetTick
 .text.HAL_Delay
                0x0000000008006d04       0x24 ../libdaisy/build/libdaisy.a(stm32h7xx_hal.o)
                0x0000000008006d04                HAL_Delay
 .text.HAL_GetREVID
                0x0000000008006d28        0xc ../libdaisy/build/libdaisy.a(stm32h7xx_hal.o)
                0x0000000008006d28                HAL_GetREVID
 .text.HAL_ADC_ConvHalfCpltCallback
                0x0000000008006d34        0x4 ../libdaisy/build/libdaisy.a(stm32h7xx_hal_adc.o)
                0x0000000008006d34                HAL_ADC_ConvHalfCpltCallback
 .text.ADC_DMAHalfConvCplt
                0x0000000008006d38        0xc ../libdaisy/build/libdaisy.a(stm32h7xx_hal_adc.o)
                0x0000000008006d38                ADC_DMAHalfConvCplt
 .text.ADC_DMAConvCplt
                0x0000000008006d44       0x6c ../libdaisy/build/libdaisy.a(stm32h7xx_hal_adc.o)
                0x0000000008006d44                ADC_DMAConvCplt
 .text.ADC_DMAError
                0x0000000008006db0       0x1c ../libdaisy/build/libdaisy.a(stm32h7xx_hal_adc.o)
                0x0000000008006db0                ADC_DMAError
 .text.HAL_ADC_ConfigChannel
                0x0000000008006dcc      0x3fc ../libdaisy/build/libdaisy.a(stm32h7xx_hal_adc.o)
                0x0000000008006dcc                HAL_ADC_ConfigChannel
 .text.ADC_Enable
                0x00000000080071c8       0xac ../libdaisy/build/libdaisy.a(stm32h7xx_hal_adc.o)
                0x00000000080071c8                ADC_Enable
 .text.HAL_ADC_Start_DMA
                0x0000000008007274      0x118 ../libdaisy/build/libdaisy.a(stm32h7xx_hal_adc.o)
                0x0000000008007274                HAL_ADC_Start_DMA
 .text.ADC_Disable
                0x000000000800738c       0x68 ../libdaisy/build/libdaisy.a(stm32h7xx_hal_adc.o)
                0x000000000800738c                ADC_Disable
 .text.ADC_ConfigureBoostMode
                0x00000000080073f4      0x190 ../libdaisy/build/libdaisy.a(stm32h7xx_hal_adc.o)
                0x00000000080073f4                ADC_ConfigureBoostMode
 .text.HAL_ADC_Init
                0x0000000008007584      0x214 ../libdaisy/build/libdaisy.a(stm32h7xx_hal_adc.o)
                0x0000000008007584                HAL_ADC_Init
 .text.HAL_ADCEx_Calibration_Start
                0x0000000008007798       0xa4 ../libdaisy/build/libdaisy.a(stm32h7xx_hal_adc_ex.o)
                0x0000000008007798                HAL_ADCEx_Calibration_Start
 .text.HAL_ADCEx_MultiModeConfigChannel
                0x000000000800783c       0xc4 ../libdaisy/build/libdaisy.a(stm32h7xx_hal_adc_ex.o)
                0x000000000800783c                HAL_ADCEx_MultiModeConfigChannel
 .text.HAL_NVIC_SetPriorityGrouping
                0x0000000008007900       0x28 ../libdaisy/build/libdaisy.a(stm32h7xx_hal_cortex.o)
                0x0000000008007900                HAL_NVIC_SetPriorityGrouping
 .text.HAL_NVIC_SetPriority
                0x0000000008007928       0x74 ../libdaisy/build/libdaisy.a(stm32h7xx_hal_cortex.o)
                0x0000000008007928                HAL_NVIC_SetPriority
 .text.HAL_NVIC_EnableIRQ
                0x000000000800799c       0x1c ../libdaisy/build/libdaisy.a(stm32h7xx_hal_cortex.o)
                0x000000000800799c                HAL_NVIC_EnableIRQ
 .text.HAL_NVIC_DisableIRQ
                0x00000000080079b8       0x28 ../libdaisy/build/libdaisy.a(stm32h7xx_hal_cortex.o)
                0x00000000080079b8                HAL_NVIC_DisableIRQ
 .text.HAL_SYSTICK_Config
                0x00000000080079e0       0x30 ../libdaisy/build/libdaisy.a(stm32h7xx_hal_cortex.o)
                0x00000000080079e0                HAL_SYSTICK_Config
 .text.HAL_MPU_Disable
                0x0000000008007a10       0x20 ../libdaisy/build/libdaisy.a(stm32h7xx_hal_cortex.o)
                0x0000000008007a10                HAL_MPU_Disable
 .text.HAL_MPU_Enable
                0x0000000008007a30       0x24 ../libdaisy/build/libdaisy.a(stm32h7xx_hal_cortex.o)
                0x0000000008007a30                HAL_MPU_Enable
 .text.HAL_MPU_ConfigRegion
                0x0000000008007a54       0x50 ../libdaisy/build/libdaisy.a(stm32h7xx_hal_cortex.o)
                0x0000000008007a54                HAL_MPU_ConfigRegion
 .text.HAL_SYSTICK_Callback
                0x0000000008007aa4        0x4 ../libdaisy/build/libdaisy.a(stm32h7xx_hal_cortex.o)
                0x0000000008007aa4                HAL_SYSTICK_Callback
 .text.HAL_SYSTICK_IRQHandler
                0x0000000008007aa8        0x8 ../libdaisy/build/libdaisy.a(stm32h7xx_hal_cortex.o)
                0x0000000008007aa8                HAL_SYSTICK_IRQHandler
 .text.DMA_CalcBaseAndBitshift
                0x0000000008007ab0       0xf8 ../libdaisy/build/libdaisy.a(stm32h7xx_hal_dma.o)
 .text.DMA_CalcDMAMUXChannelBaseAndMask
                0x0000000008007ba8       0xd8 ../libdaisy/build/libdaisy.a(stm32h7xx_hal_dma.o)
 .text.HAL_DMA_Init
                0x0000000008007c80      0x394 ../libdaisy/build/libdaisy.a(stm32h7xx_hal_dma.o)
                0x0000000008007c80                HAL_DMA_Init
 .text.HAL_DMA_Start_IT
                0x0000000008008014      0x250 ../libdaisy/build/libdaisy.a(stm32h7xx_hal_dma.o)
                0x0000000008008014                HAL_DMA_Start_IT
 .text.HAL_DMA_IRQHandler
                0x0000000008008264      0x6bc ../libdaisy/build/libdaisy.a(stm32h7xx_hal_dma.o)
                0x0000000008008264                HAL_DMA_IRQHandler
 .text.HAL_DMA_GetError
                0x0000000008008920        0x4 ../libdaisy/build/libdaisy.a(stm32h7xx_hal_dma.o)
                0x0000000008008920                HAL_DMA_GetError
 .text.HAL_GPIO_Init
                0x0000000008008924      0x248 ../libdaisy/build/libdaisy.a(stm32h7xx_hal_gpio.o)
                0x0000000008008924                HAL_GPIO_Init
 .text.HAL_GPIO_DeInit
                0x0000000008008b6c      0x19c ../libdaisy/build/libdaisy.a(stm32h7xx_hal_gpio.o)
                0x0000000008008b6c                HAL_GPIO_DeInit
 .text.HAL_GPIO_ReadPin
                0x0000000008008d08        0xc ../libdaisy/build/libdaisy.a(stm32h7xx_hal_gpio.o)
                0x0000000008008d08                HAL_GPIO_ReadPin
 .text.HAL_GPIO_WritePin
                0x0000000008008d14        0x8 ../libdaisy/build/libdaisy.a(stm32h7xx_hal_gpio.o)
                0x0000000008008d14                HAL_GPIO_WritePin
 .text.HAL_PWREx_ConfigSupply
                0x0000000008008d1c       0x4c ../libdaisy/build/libdaisy.a(stm32h7xx_hal_pwr_ex.o)
                0x0000000008008d1c                HAL_PWREx_ConfigSupply
 .text.HAL_PWREx_EnableUSBVoltageDetector
                0x0000000008008d68       0x10 ../libdaisy/build/libdaisy.a(stm32h7xx_hal_pwr_ex.o)
                0x0000000008008d68                HAL_PWREx_EnableUSBVoltageDetector
 .text.QSPI_Config
                0x0000000008008d78      0x1d4 ../libdaisy/build/libdaisy.a(stm32h7xx_hal_qspi.o)
 .text.HAL_QSPI_Init
                0x0000000008008f4c       0xd8 ../libdaisy/build/libdaisy.a(stm32h7xx_hal_qspi.o)
                0x0000000008008f4c                HAL_QSPI_Init
 .text.HAL_QSPI_DeInit
                0x0000000008009024       0x3c ../libdaisy/build/libdaisy.a(stm32h7xx_hal_qspi.o)
                0x0000000008009024                HAL_QSPI_DeInit
 .text.HAL_QSPI_Command
                0x0000000008009060       0xd4 ../libdaisy/build/libdaisy.a(stm32h7xx_hal_qspi.o)
                0x0000000008009060                HAL_QSPI_Command
 .text.HAL_QSPI_Transmit
                0x0000000008009134       0xfc ../libdaisy/build/libdaisy.a(stm32h7xx_hal_qspi.o)
                0x0000000008009134                HAL_QSPI_Transmit
 .text.HAL_QSPI_Receive
                0x0000000008009230      0x108 ../libdaisy/build/libdaisy.a(stm32h7xx_hal_qspi.o)
                0x0000000008009230                HAL_QSPI_Receive
 .text.HAL_QSPI_AutoPolling
                0x0000000008009338       0xe8 ../libdaisy/build/libdaisy.a(stm32h7xx_hal_qspi.o)
                0x0000000008009338                HAL_QSPI_AutoPolling
 .text.HAL_QSPI_MemoryMapped
                0x0000000008009420       0xb8 ../libdaisy/build/libdaisy.a(stm32h7xx_hal_qspi.o)
                0x0000000008009420                HAL_QSPI_MemoryMapped
 .text.HAL_QSPI_ErrorCallback
                0x00000000080094d8        0x4 ../libdaisy/build/libdaisy.a(stm32h7xx_hal_qspi.o)
                0x00000000080094d8                HAL_QSPI_ErrorCallback
 .text.QSPI_DMAAbortCplt
                0x00000000080094dc       0x38 ../libdaisy/build/libdaisy.a(stm32h7xx_hal_qspi.o)
 .text.HAL_QSPI_AbortCpltCallback
                0x0000000008009514        0x4 ../libdaisy/build/libdaisy.a(stm32h7xx_hal_qspi.o)
                0x0000000008009514                HAL_QSPI_AbortCpltCallback
 .text.HAL_QSPI_CmdCpltCallback
                0x0000000008009518        0x4 ../libdaisy/build/libdaisy.a(stm32h7xx_hal_qspi.o)
                0x0000000008009518                HAL_QSPI_CmdCpltCallback
 .text.HAL_QSPI_RxCpltCallback
                0x000000000800951c        0x4 ../libdaisy/build/libdaisy.a(stm32h7xx_hal_qspi.o)
                0x000000000800951c                HAL_QSPI_RxCpltCallback
 .text.HAL_QSPI_TxCpltCallback
                0x0000000008009520        0x4 ../libdaisy/build/libdaisy.a(stm32h7xx_hal_qspi.o)
                0x0000000008009520                HAL_QSPI_TxCpltCallback
 .text.HAL_QSPI_FifoThresholdCallback
                0x0000000008009524        0x4 ../libdaisy/build/libdaisy.a(stm32h7xx_hal_qspi.o)
                0x0000000008009524                HAL_QSPI_FifoThresholdCallback
 .text.HAL_QSPI_StatusMatchCallback
                0x0000000008009528        0x4 ../libdaisy/build/libdaisy.a(stm32h7xx_hal_qspi.o)
                0x0000000008009528                HAL_QSPI_StatusMatchCallback
 .text.HAL_QSPI_TimeOutCallback
                0x000000000800952c        0x4 ../libdaisy/build/libdaisy.a(stm32h7xx_hal_qspi.o)
                0x000000000800952c                HAL_QSPI_TimeOutCallback
 .text.HAL_QSPI_IRQHandler
                0x0000000008009530      0x210 ../libdaisy/build/libdaisy.a(stm32h7xx_hal_qspi.o)
                0x0000000008009530                HAL_QSPI_IRQHandler
 .text.HAL_RCC_OscConfig
                0x0000000008009740      0x540 ../libdaisy/build/libdaisy.a(stm32h7xx_hal_rcc.o)
                0x0000000008009740                HAL_RCC_OscConfig
 .text.HAL_RCC_GetSysClockFreq
                0x0000000008009c80      0x140 ../libdaisy/build/libdaisy.a(stm32h7xx_hal_rcc.o)
                0x0000000008009c80                HAL_RCC_GetSysClockFreq
 .text.HAL_RCC_ClockConfig
                0x0000000008009dc0      0x234 ../libdaisy/build/libdaisy.a(stm32h7xx_hal_rcc.o)
                0x0000000008009dc0                HAL_RCC_ClockConfig
 .text.HAL_RCC_GetHCLKFreq
                0x0000000008009ff4       0x2c ../libdaisy/build/libdaisy.a(stm32h7xx_hal_rcc.o)
                0x0000000008009ff4                HAL_RCC_GetHCLKFreq
 .text.RCCEx_PLL2_Config
                0x000000000800a020       0xf8 ../libdaisy/build/libdaisy.a(stm32h7xx_hal_rcc_ex.o)
 .text.RCCEx_PLL3_Config
                0x000000000800a118       0xf8 ../libdaisy/build/libdaisy.a(stm32h7xx_hal_rcc_ex.o)
 .text.HAL_RCCEx_PeriphCLKConfig
                0x000000000800a210      0xa7c ../libdaisy/build/libdaisy.a(stm32h7xx_hal_rcc_ex.o)
                0x000000000800a210                HAL_RCCEx_PeriphCLKConfig
 .text.HAL_RCCEx_GetPLL2ClockFreq
                0x000000000800ac8c      0x17c ../libdaisy/build/libdaisy.a(stm32h7xx_hal_rcc_ex.o)
                0x000000000800ac8c                HAL_RCCEx_GetPLL2ClockFreq
 .text.HAL_RCCEx_GetPLL3ClockFreq
                0x000000000800ae08      0x17c ../libdaisy/build/libdaisy.a(stm32h7xx_hal_rcc_ex.o)
                0x000000000800ae08                HAL_RCCEx_GetPLL3ClockFreq
 .text.HAL_RCCEx_GetPLL1ClockFreq
                0x000000000800af84      0x17c ../libdaisy/build/libdaisy.a(stm32h7xx_hal_rcc_ex.o)
                0x000000000800af84                HAL_RCCEx_GetPLL1ClockFreq
 .text.HAL_RCCEx_GetPeriphCLKFreq
                0x000000000800b100      0x198 ../libdaisy/build/libdaisy.a(stm32h7xx_hal_rcc_ex.o)
                0x000000000800b100                HAL_RCCEx_GetPeriphCLKFreq
 .text.HAL_RCCEx_GetD1SysClockFreq
                0x000000000800b298       0x2c ../libdaisy/build/libdaisy.a(stm32h7xx_hal_rcc_ex.o)
                0x000000000800b298                HAL_RCCEx_GetD1SysClockFreq
 .text.HAL_SAI_Init.part.0
                0x000000000800b2c4      0x364 ../libdaisy/build/libdaisy.a(stm32h7xx_hal_sai.o)
 .text.HAL_SAI_InitProtocol
                0x000000000800b628      0x184 ../libdaisy/build/libdaisy.a(stm32h7xx_hal_sai.o)
                0x000000000800b628                HAL_SAI_InitProtocol
 .text.HAL_SAI_Transmit_DMA
                0x000000000800b7ac      0x124 ../libdaisy/build/libdaisy.a(stm32h7xx_hal_sai.o)
                0x000000000800b7ac                HAL_SAI_Transmit_DMA
 .text.HAL_SAI_Receive_DMA
                0x000000000800b8d0       0xcc ../libdaisy/build/libdaisy.a(stm32h7xx_hal_sai.o)
                0x000000000800b8d0                HAL_SAI_Receive_DMA
 .text.HAL_SAI_TxCpltCallback
                0x000000000800b99c        0x4 ../libdaisy/build/libdaisy.a(stm32h7xx_hal_sai.o)
                0x000000000800b99c                HAL_SAI_TxCpltCallback
 .text.SAI_DMATxCplt
                0x000000000800b9a0       0x60 ../libdaisy/build/libdaisy.a(stm32h7xx_hal_sai.o)
 .text.HAL_SAI_TxHalfCpltCallback
                0x000000000800ba00        0x4 ../libdaisy/build/libdaisy.a(stm32h7xx_hal_sai.o)
                0x000000000800ba00                HAL_SAI_TxHalfCpltCallback
 .text.SAI_DMATxHalfCplt
                0x000000000800ba04        0xc ../libdaisy/build/libdaisy.a(stm32h7xx_hal_sai.o)
 .text.SAI_DMARxCplt
                0x000000000800ba10       0x60 ../libdaisy/build/libdaisy.a(stm32h7xx_hal_sai.o)
 .text.SAI_DMARxHalfCplt
                0x000000000800ba70        0xc ../libdaisy/build/libdaisy.a(stm32h7xx_hal_sai.o)
 .text.HAL_SAI_ErrorCallback
                0x000000000800ba7c        0x4 ../libdaisy/build/libdaisy.a(stm32h7xx_hal_sai.o)
                0x000000000800ba7c                HAL_SAI_ErrorCallback
 .text.SAI_DMAError
                0x000000000800ba80       0x6c ../libdaisy/build/libdaisy.a(stm32h7xx_hal_sai.o)
 .text.HAL_SDRAM_Init
                0x000000000800baec       0x54 ../libdaisy/build/libdaisy.a(stm32h7xx_hal_sdram.o)
                0x000000000800baec                HAL_SDRAM_Init
 .text.HAL_SDRAM_SendCommand
                0x000000000800bb40       0x40 ../libdaisy/build/libdaisy.a(stm32h7xx_hal_sdram.o)
                0x000000000800bb40                HAL_SDRAM_SendCommand
 .text.HAL_SDRAM_ProgramRefreshRate
                0x000000000800bb80       0x30 ../libdaisy/build/libdaisy.a(stm32h7xx_hal_sdram.o)
                0x000000000800bb80                HAL_SDRAM_ProgramRefreshRate
 .text.FMC_SDRAM_Init
                0x000000000800bbb0       0x78 ../libdaisy/build/libdaisy.a(stm32h7xx_ll_fmc.o)
                0x000000000800bbb0                FMC_SDRAM_Init
 .text.FMC_SDRAM_Timing_Init
                0x000000000800bc28       0x98 ../libdaisy/build/libdaisy.a(stm32h7xx_ll_fmc.o)
                0x000000000800bc28                FMC_SDRAM_Timing_Init
 .text.FMC_SDRAM_SendCommand
                0x000000000800bcc0       0x24 ../libdaisy/build/libdaisy.a(stm32h7xx_ll_fmc.o)
                0x000000000800bcc0                FMC_SDRAM_SendCommand
 .text.FMC_SDRAM_ProgramRefreshRate
                0x000000000800bce4       0x1c ../libdaisy/build/libdaisy.a(stm32h7xx_ll_fmc.o)
                0x000000000800bce4                FMC_SDRAM_ProgramRefreshRate
 .text.dsy_i2c_global_init
                0x000000000800bd00       0x70 ../libdaisy/build/libdaisy.a(i2c.o)
                0x000000000800bd00                dsy_i2c_global_init
 .text.DMA1_Stream6_IRQHandler
                0x000000000800bd70       0x24 ../libdaisy/build/libdaisy.a(i2c.o)
                0x000000000800bd70                DMA1_Stream6_IRQHandler
 .text.I2C1_EV_IRQHandler
                0x000000000800bd94        0xc ../libdaisy/build/libdaisy.a(i2c.o)
                0x000000000800bd94                I2C1_EV_IRQHandler
 .text.I2C2_EV_IRQHandler
                0x000000000800bda0        0xc ../libdaisy/build/libdaisy.a(i2c.o)
                0x000000000800bda0                I2C2_EV_IRQHandler
 .text.I2C3_EV_IRQHandler
                0x000000000800bdac        0xc ../libdaisy/build/libdaisy.a(i2c.o)
                0x000000000800bdac                I2C3_EV_IRQHandler
 .text.HAL_TIM_Base_MspInit
                0x000000000800bdb8       0xcc ../libdaisy/build/libdaisy.a(tim.o)
                0x000000000800bdb8                HAL_TIM_Base_MspInit
 .text._ZN5daisy11TimerHandle4InitERKNS0_6ConfigE
                0x000000000800be84       0xd0 ../libdaisy/build/libdaisy.a(tim.o)
                0x000000000800be84                daisy::TimerHandle::Init(daisy::TimerHandle::Config const&)
 .text._ZN5daisy11TimerHandle5StartEv
                0x000000000800bf54       0x14 ../libdaisy/build/libdaisy.a(tim.o)
                0x000000000800bf54                daisy::TimerHandle::Start()
 .text.dsy_dma_init
                0x000000000800bf68       0xd0 ../libdaisy/build/libdaisy.a(dma.o)
                0x000000000800bf68                dsy_dma_init
 .text.HAL_I2C_EV_IRQHandler
                0x000000000800c038       0x10 ../libdaisy/build/libdaisy.a(stm32h7xx_hal_i2c.o)
                0x000000000800c038                HAL_I2C_EV_IRQHandler
 .text.HAL_MDMA_Abort_IT
                0x000000000800c048       0x2c ../libdaisy/build/libdaisy.a(stm32h7xx_hal_mdma.o)
                0x000000000800c048                HAL_MDMA_Abort_IT
 .text.HAL_TIM_Base_Init
                0x000000000800c074      0x130 ../libdaisy/build/libdaisy.a(stm32h7xx_hal_tim.o)
                0x000000000800c074                HAL_TIM_Base_Init
 .text.HAL_TIM_Base_Start
                0x000000000800c1a4       0x38 ../libdaisy/build/libdaisy.a(stm32h7xx_hal_tim.o)
                0x000000000800c1a4                HAL_TIM_Base_Start
 .text.HAL_TIM_ConfigClockSource
                0x000000000800c1dc      0x17c ../libdaisy/build/libdaisy.a(stm32h7xx_hal_tim.o)
                0x000000000800c1dc                HAL_TIM_ConfigClockSource
 .text.HAL_TIMEx_MasterConfigSynchronization
                0x000000000800c358       0x60 ../libdaisy/build/libdaisy.a(stm32h7xx_hal_tim_ex.o)
                0x000000000800c358                HAL_TIMEx_MasterConfigSynchronization
 .text._ZN7daisysp4Adsr4InitEf
                0x000000000800c3b8       0x3c ../DaisySP/build/libdaisysp.a(adsr.o)
                0x000000000800c3b8                daisysp::Adsr::Init(float)
 .text._ZN7daisysp4Adsr7ProcessEb
                0x000000000800c3f4      0x1b0 ../DaisySP/build/libdaisysp.a(adsr.o)
                0x000000000800c3f4                daisysp::Adsr::Process(bool)
 .text._ZN7daisysp9CrossFade7ProcessERfS1_
                0x000000000800c5a4       0xd0 ../DaisySP/build/libdaisysp.a(crossfade.o)
                0x000000000800c5a4                daisysp::CrossFade::Process(float&, float&)
 .text._ZN7daisysp3Svf4InitEf
                0x000000000800c674       0x4c ../DaisySP/build/libdaisysp.a(svf.o)
                0x000000000800c674                daisysp::Svf::Init(float)
 .text._ZN7daisysp3Svf7ProcessEf
                0x000000000800c6c0       0xc0 ../DaisySP/build/libdaisysp.a(svf.o)
                0x000000000800c6c0                daisysp::Svf::Process(float)
 .text._ZN7daisysp3Svf7SetFreqEf
                0x000000000800c780       0xc8 ../DaisySP/build/libdaisysp.a(svf.o)
                0x000000000800c780                daisysp::Svf::SetFreq(float)
 .text._ZN7daisysp3Svf6SetResEf
                0x000000000800c848       0x8c ../DaisySP/build/libdaisysp.a(svf.o)
                0x000000000800c848                daisysp::Svf::SetRes(float)
 .text._ZN7daisysp3Svf8SetDriveEf
                0x000000000800c8d4       0x34 ../DaisySP/build/libdaisysp.a(svf.o)
                0x000000000800c8d4                daisysp::Svf::SetDrive(float)
 .text._ZN7daisysp10Oscillator7ProcessEv
                0x000000000800c908      0x3c4 ../DaisySP/build/libdaisysp.a(oscillator.o)
                0x000000000800c908                daisysp::Oscillator::Process()
 .text._ZN7daisysp10Oscillator12CalcPhaseIncEf
                0x000000000800cccc       0x18 ../DaisySP/build/libdaisysp.a(oscillator.o)
                0x000000000800cccc                daisysp::Oscillator::CalcPhaseInc(float)
 .text._ZN7daisysp7DcBlock4InitEf
                0x000000000800cce4       0x10 ../DaisySP/build/libdaisysp.a(dcblock.o)
                0x000000000800cce4                daisysp::DcBlock::Init(float)
 .text._ZN7daisysp7DcBlock7ProcessEf
                0x000000000800ccf4       0x24 ../DaisySP/build/libdaisysp.a(dcblock.o)
                0x000000000800ccf4                daisysp::DcBlock::Process(float)
 .text.__aeabi_atexit
                0x000000000800cd18        0xa /usr/local/Cellar/arm-none-eabi-gcc/9-2019-q4-major/gcc/bin/../lib/gcc/arm-none-eabi/9.2.1/../../../../arm-none-eabi/lib/thumb/v7e-m+dp/hard/libstdc++_nano.a(atexit_arm.o)
                0x000000000800cd18                __aeabi_atexit
 *fill*         0x000000000800cd22        0x2 
 .text.expf     0x000000000800cd24       0xe4 /usr/local/Cellar/arm-none-eabi-gcc/9-2019-q4-major/gcc/bin/../lib/gcc/arm-none-eabi/9.2.1/../../../../arm-none-eabi/lib/thumb/v7e-m+dp/hard/libm.a(lib_a-sf_exp.o)
                0x000000000800cd24                expf
 .text.logf     0x000000000800ce08       0xd0 /usr/local/Cellar/arm-none-eabi-gcc/9-2019-q4-major/gcc/bin/../lib/gcc/arm-none-eabi/9.2.1/../../../../arm-none-eabi/lib/thumb/v7e-m+dp/hard/libm.a(lib_a-sf_log.o)
                0x000000000800ce08                logf
 .text.powf     0x000000000800ced8      0x348 /usr/local/Cellar/arm-none-eabi-gcc/9-2019-q4-major/gcc/bin/../lib/gcc/arm-none-eabi/9.2.1/../../../../arm-none-eabi/lib/thumb/v7e-m+dp/hard/libm.a(lib_a-sf_pow.o)
                0x000000000800ced8                powf
 .text.sinf     0x000000000800d220      0x214 /usr/local/Cellar/arm-none-eabi-gcc/9-2019-q4-major/gcc/bin/../lib/gcc/arm-none-eabi/9.2.1/../../../../arm-none-eabi/lib/thumb/v7e-m+dp/hard/libm.a(lib_a-sinf.o)
                0x000000000800d220                sinf
 *fill*         0x000000000800d434        0x4 
 .text.fmodf    0x000000000800d438       0xb8 /usr/local/Cellar/arm-none-eabi-gcc/9-2019-q4-major/gcc/bin/../lib/gcc/arm-none-eabi/9.2.1/../../../../arm-none-eabi/lib/thumb/v7e-m+dp/hard/libm.a(lib_a-wf_fmod.o)
                0x000000000800d438                fmodf
 .text.__ieee754_fmodf
                0x000000000800d4f0      0x120 /usr/local/Cellar/arm-none-eabi-gcc/9-2019-q4-major/gcc/bin/../lib/gcc/arm-none-eabi/9.2.1/../../../../arm-none-eabi/lib/thumb/v7e-m+dp/hard/libm.a(lib_a-ef_fmod.o)
                0x000000000800d4f0                __ieee754_fmodf
 .text.with_errnof
                0x000000000800d610       0x18 /usr/local/Cellar/arm-none-eabi-gcc/9-2019-q4-major/gcc/bin/../lib/gcc/arm-none-eabi/9.2.1/../../../../arm-none-eabi/lib/thumb/v7e-m+dp/hard/libm.a(lib_a-math_errf.o)
 .text.xflowf   0x000000000800d628       0x20 /usr/local/Cellar/arm-none-eabi-gcc/9-2019-q4-major/gcc/bin/../lib/gcc/arm-none-eabi/9.2.1/../../../../arm-none-eabi/lib/thumb/v7e-m+dp/hard/libm.a(lib_a-math_errf.o)
 .text.__math_uflowf
                0x000000000800d648        0xc /usr/local/Cellar/arm-none-eabi-gcc/9-2019-q4-major/gcc/bin/../lib/gcc/arm-none-eabi/9.2.1/../../../../arm-none-eabi/lib/thumb/v7e-m+dp/hard/libm.a(lib_a-math_errf.o)
                0x000000000800d648                __math_uflowf
 .text.__math_may_uflowf
                0x000000000800d654        0xc /usr/local/Cellar/arm-none-eabi-gcc/9-2019-q4-major/gcc/bin/../lib/gcc/arm-none-eabi/9.2.1/../../../../arm-none-eabi/lib/thumb/v7e-m+dp/hard/libm.a(lib_a-math_errf.o)
                0x000000000800d654                __math_may_uflowf
 .text.__math_oflowf
                0x000000000800d660        0xc /usr/local/Cellar/arm-none-eabi-gcc/9-2019-q4-major/gcc/bin/../lib/gcc/arm-none-eabi/9.2.1/../../../../arm-none-eabi/lib/thumb/v7e-m+dp/hard/libm.a(lib_a-math_errf.o)
                0x000000000800d660                __math_oflowf
 .text.__math_divzerof
                0x000000000800d66c       0x24 /usr/local/Cellar/arm-none-eabi-gcc/9-2019-q4-major/gcc/bin/../lib/gcc/arm-none-eabi/9.2.1/../../../../arm-none-eabi/lib/thumb/v7e-m+dp/hard/libm.a(lib_a-math_errf.o)
                0x000000000800d66c                __math_divzerof
 .text.__math_invalidf
                0x000000000800d690       0x20 /usr/local/Cellar/arm-none-eabi-gcc/9-2019-q4-major/gcc/bin/../lib/gcc/arm-none-eabi/9.2.1/../../../../arm-none-eabi/lib/thumb/v7e-m+dp/hard/libm.a(lib_a-math_errf.o)
                0x000000000800d690                __math_invalidf
 .text.matherr  0x000000000800d6b0        0x4 /usr/local/Cellar/arm-none-eabi-gcc/9-2019-q4-major/gcc/bin/../lib/gcc/arm-none-eabi/9.2.1/../../../../arm-none-eabi/lib/thumb/v7e-m+dp/hard/libm.a(lib_a-s_matherr.o)
                0x000000000800d6b0                matherr
 .text.__cxa_atexit
                0x000000000800d6b4       0x1c /usr/local/Cellar/arm-none-eabi-gcc/9-2019-q4-major/gcc/bin/../lib/gcc/arm-none-eabi/9.2.1/../../../../arm-none-eabi/lib/thumb/v7e-m+dp/hard/libc_nano.a(lib_a-cxa_atexit.o)
                0x000000000800d6b4                __cxa_atexit
 .text.__errno  0x000000000800d6d0        0xc /usr/local/Cellar/arm-none-eabi-gcc/9-2019-q4-major/gcc/bin/../lib/gcc/arm-none-eabi/9.2.1/../../../../arm-none-eabi/lib/thumb/v7e-m+dp/hard/libc_nano.a(lib_a-errno.o)
                0x000000000800d6d0                __errno
 .text.__libc_init_array
                0x000000000800d6dc       0x48 /usr/local/Cellar/arm-none-eabi-gcc/9-2019-q4-major/gcc/bin/../lib/gcc/arm-none-eabi/9.2.1/../../../../arm-none-eabi/lib/thumb/v7e-m+dp/hard/libc_nano.a(lib_a-init.o)
                0x000000000800d6dc                __libc_init_array
 .text.memset   0x000000000800d724       0x10 /usr/local/Cellar/arm-none-eabi-gcc/9-2019-q4-major/gcc/bin/../lib/gcc/arm-none-eabi/9.2.1/../../../../arm-none-eabi/lib/thumb/v7e-m+dp/hard/libc_nano.a(lib_a-memset.o)
                0x000000000800d724                memset
 *(.rodata)
 .rodata        0x000000000800d734       0x10 ../libdaisy/build/libdaisy.a(tim.o)
 *(.rodata*)
 .rodata.CSWTCH.303
                0x000000000800d744        0xc build/Veno-Echo.o
 .rodata._ZL18defaultAltControls
                0x000000000800d750       0x20 build/Veno-Echo.o
 .rodata._ZL8seedgpio
                0x000000000800d770       0x3e ../libdaisy/build/libdaisy.a(daisy_seed.o)
 *fill*         0x000000000800d7ae        0x2 
 .rodata._ZL16dsy_adc_rank_map
                0x000000000800d7b0       0x40 ../libdaisy/build/libdaisy.a(adc.o)
 .rodata.HAL_QSPI_MspInit.str1.4
                0x000000000800d7f0        0x7 ../libdaisy/build/libdaisy.a(qspi.o)
 *fill*         0x000000000800d7f7        0x1 
 .rodata.CSWTCH.33
                0x000000000800d7f8        0x3 ../libdaisy/build/libdaisy.a(sai.o)
 *fill*         0x000000000800d7fb        0x1 
 .rodata.CSWTCH.34
                0x000000000800d7fc        0xc ../libdaisy/build/libdaisy.a(sai.o)
 .rodata.CSWTCH.41
                0x000000000800d808       0x14 ../libdaisy/build/libdaisy.a(sai.o)
 .rodata.D1CorePrescTable
                0x000000000800d81c       0x10 ../libdaisy/build/libdaisy.a(system_stm32h7xx.o)
                0x000000000800d81c                D1CorePrescTable
 .rodata.gpio_hal_pin_map
                0x000000000800d82c       0x20 ../libdaisy/build/libdaisy.a(hal_map.o)
 .rodata.gpio_hal_port_map
                0x000000000800d84c       0x30 ../libdaisy/build/libdaisy.a(hal_map.o)
 .rodata.flagBitshiftOffset.17899
                0x000000000800d87c        0x8 ../libdaisy/build/libdaisy.a(stm32h7xx_hal_dma.o)
 *fill*         0x000000000800d884        0x4 
 .rodata.__exp2f_data
                0x000000000800d888      0x148 /usr/local/Cellar/arm-none-eabi-gcc/9-2019-q4-major/gcc/bin/../lib/gcc/arm-none-eabi/9.2.1/../../../../arm-none-eabi/lib/thumb/v7e-m+dp/hard/libm.a(lib_a-sf_exp2_data.o)
                0x000000000800d888                __exp2f_data
 .rodata.__logf_data
                0x000000000800d9d0      0x120 /usr/local/Cellar/arm-none-eabi-gcc/9-2019-q4-major/gcc/bin/../lib/gcc/arm-none-eabi/9.2.1/../../../../arm-none-eabi/lib/thumb/v7e-m+dp/hard/libm.a(lib_a-sf_log_data.o)
                0x000000000800d9d0                __logf_data
 .rodata.__powf_log2_data
                0x000000000800daf0      0x128 /usr/local/Cellar/arm-none-eabi-gcc/9-2019-q4-major/gcc/bin/../lib/gcc/arm-none-eabi/9.2.1/../../../../arm-none-eabi/lib/thumb/v7e-m+dp/hard/libm.a(lib_a-sf_pow_log2_data.o)
                0x000000000800daf0                __powf_log2_data
 .rodata.fmodf.str1.4
                0x000000000800dc18        0x6 /usr/local/Cellar/arm-none-eabi-gcc/9-2019-q4-major/gcc/bin/../lib/gcc/arm-none-eabi/9.2.1/../../../../arm-none-eabi/lib/thumb/v7e-m+dp/hard/libm.a(lib_a-wf_fmod.o)
 *fill*         0x000000000800dc1e        0x2 
 .rodata.Zero   0x000000000800dc20        0x8 /usr/local/Cellar/arm-none-eabi-gcc/9-2019-q4-major/gcc/bin/../lib/gcc/arm-none-eabi/9.2.1/../../../../arm-none-eabi/lib/thumb/v7e-m+dp/hard/libm.a(lib_a-ef_fmod.o)
 .rodata.__inv_pio4
                0x000000000800dc28       0x60 /usr/local/Cellar/arm-none-eabi-gcc/9-2019-q4-major/gcc/bin/../lib/gcc/arm-none-eabi/9.2.1/../../../../arm-none-eabi/lib/thumb/v7e-m+dp/hard/libm.a(lib_a-sincosf_data.o)
                0x000000000800dc28                __inv_pio4
 .rodata.__sincosf_table
                0x000000000800dc88       0xe0 /usr/local/Cellar/arm-none-eabi-gcc/9-2019-q4-major/gcc/bin/../lib/gcc/arm-none-eabi/9.2.1/../../../../arm-none-eabi/lib/thumb/v7e-m+dp/hard/libm.a(lib_a-sincosf_data.o)
                0x000000000800dc88                __sincosf_table
 *(.glue_7)
 .glue_7        0x000000000800dd68        0x0 linker stubs
 *(.glue_7t)
 .glue_7t       0x000000000800dd68        0x0 linker stubs
 *(.init)
 .init          0x000000000800dd68        0x4 /usr/local/Cellar/arm-none-eabi-gcc/9-2019-q4-major/gcc/bin/../lib/gcc/arm-none-eabi/9.2.1/thumb/v7e-m+dp/hard/crti.o
                0x000000000800dd68                _init
 .init          0x000000000800dd6c        0x8 /usr/local/Cellar/arm-none-eabi-gcc/9-2019-q4-major/gcc/bin/../lib/gcc/arm-none-eabi/9.2.1/thumb/v7e-m+dp/hard/crtn.o
 *(.fini)
 .fini          0x000000000800dd74        0x4 /usr/local/Cellar/arm-none-eabi-gcc/9-2019-q4-major/gcc/bin/../lib/gcc/arm-none-eabi/9.2.1/thumb/v7e-m+dp/hard/crti.o
                0x000000000800dd74                _fini
 .fini          0x000000000800dd78        0x8 /usr/local/Cellar/arm-none-eabi-gcc/9-2019-q4-major/gcc/bin/../lib/gcc/arm-none-eabi/9.2.1/thumb/v7e-m+dp/hard/crtn.o
                0x000000000800dd80                . = ALIGN (0x4)
                0x000000000800dd80                _etext = .

.eh_frame       0x000000000800dd80        0x0
 .eh_frame      0x000000000800dd80        0x0 /usr/local/Cellar/arm-none-eabi-gcc/9-2019-q4-major/gcc/bin/../lib/gcc/arm-none-eabi/9.2.1/thumb/v7e-m+dp/hard/crtbegin.o

.vfp11_veneer   0x000000000800dd80        0x0
 .vfp11_veneer  0x000000000800dd80        0x0 linker stubs

.v4_bx          0x000000000800dd80        0x0
 .v4_bx         0x000000000800dd80        0x0 linker stubs

.iplt           0x000000000800dd80        0x0
 .iplt          0x000000000800dd80        0x0 /usr/local/Cellar/arm-none-eabi-gcc/9-2019-q4-major/gcc/bin/../lib/gcc/arm-none-eabi/9.2.1/thumb/v7e-m+dp/hard/crtbegin.o

.rel.dyn        0x000000000800dd80        0x0
 .rel.iplt      0x000000000800dd80        0x0 /usr/local/Cellar/arm-none-eabi-gcc/9-2019-q4-major/gcc/bin/../lib/gcc/arm-none-eabi/9.2.1/thumb/v7e-m+dp/hard/crtbegin.o

.ARM.extab      0x000000000800dd80        0x0
                0x000000000800dd80                . = ALIGN (0x4)
 *(.ARM.extab)
 *(.gnu.linkonce.armextab.*)
                0x000000000800dd80                . = ALIGN (0x4)

.exidx          0x000000000800dd80        0x0
                0x000000000800dd80                . = ALIGN (0x4)
                [!provide]                        PROVIDE (__exidx_start = .)
 *(.ARM.exidx*)
                0x000000000800dd80                . = ALIGN (0x4)
                [!provide]                        PROVIDE (__exidx_end = .)

.ARM.attributes
                0x000000000800dd80       0x2e
 *(.ARM.attributes)
 .ARM.attributes
                0x000000000800dd80       0x1e /usr/local/Cellar/arm-none-eabi-gcc/9-2019-q4-major/gcc/bin/../lib/gcc/arm-none-eabi/9.2.1/thumb/v7e-m+dp/hard/crti.o
 .ARM.attributes
                0x000000000800dd9e       0x32 /usr/local/Cellar/arm-none-eabi-gcc/9-2019-q4-major/gcc/bin/../lib/gcc/arm-none-eabi/9.2.1/thumb/v7e-m+dp/hard/crtbegin.o
 .ARM.attributes
                0x000000000800ddd0       0x32 build/startup_stm32h750xx.o
 .ARM.attributes
                0x000000000800de02       0x32 build/Veno-Echo.o
 .ARM.attributes
                0x000000000800de34       0x32 build/scale.o
 .ARM.attributes
                0x000000000800de66       0x32 build/taptempo.o
 .ARM.attributes
                0x000000000800de98       0x32 build/DelayMulti.o
 .ARM.attributes
                0x000000000800deca       0x32 build/LEDs.o
 .ARM.attributes
                0x000000000800defc       0x32 build/QSPI_Settings.o
 .ARM.attributes
                0x000000000800df2e       0x32 ../libdaisy/build/libdaisy.a(daisy_seed.o)
 .ARM.attributes
                0x000000000800df60       0x32 ../libdaisy/build/libdaisy.a(codec_ak4556.o)
 .ARM.attributes
                0x000000000800df92       0x32 ../libdaisy/build/libdaisy.a(sdram.o)
 .ARM.attributes
                0x000000000800dfc4       0x32 ../libdaisy/build/libdaisy.a(audio.o)
 .ARM.attributes
                0x000000000800dff6       0x32 ../libdaisy/build/libdaisy.a(led.o)
 .ARM.attributes
                0x000000000800e028       0x32 ../libdaisy/build/libdaisy.a(switch.o)
 .ARM.attributes
                0x000000000800e05a       0x32 ../libdaisy/build/libdaisy.a(adc.o)
 .ARM.attributes
                0x000000000800e08c       0x32 ../libdaisy/build/libdaisy.a(gpio.o)
 .ARM.attributes
                0x000000000800e0be       0x32 ../libdaisy/build/libdaisy.a(qspi.o)
 .ARM.attributes
                0x000000000800e0f0       0x32 ../libdaisy/build/libdaisy.a(sai.o)
 .ARM.attributes
                0x000000000800e122       0x32 ../libdaisy/build/libdaisy.a(system.o)
 .ARM.attributes
                0x000000000800e154       0x32 ../libdaisy/build/libdaisy.a(system_stm32h7xx.o)
 .ARM.attributes
                0x000000000800e186       0x32 ../libdaisy/build/libdaisy.a(hal_map.o)
 .ARM.attributes
                0x000000000800e1b8       0x32 ../libdaisy/build/libdaisy.a(stm32h7xx_hal.o)
 .ARM.attributes
                0x000000000800e1ea       0x32 ../libdaisy/build/libdaisy.a(stm32h7xx_hal_adc.o)
 .ARM.attributes
                0x000000000800e21c       0x32 ../libdaisy/build/libdaisy.a(stm32h7xx_hal_adc_ex.o)
 .ARM.attributes
                0x000000000800e24e       0x32 ../libdaisy/build/libdaisy.a(stm32h7xx_hal_cortex.o)
 .ARM.attributes
                0x000000000800e280       0x32 ../libdaisy/build/libdaisy.a(stm32h7xx_hal_dma.o)
 .ARM.attributes
                0x000000000800e2b2       0x32 ../libdaisy/build/libdaisy.a(stm32h7xx_hal_gpio.o)
 .ARM.attributes
                0x000000000800e2e4       0x32 ../libdaisy/build/libdaisy.a(stm32h7xx_hal_pwr_ex.o)
 .ARM.attributes
                0x000000000800e316       0x32 ../libdaisy/build/libdaisy.a(stm32h7xx_hal_qspi.o)
 .ARM.attributes
                0x000000000800e348       0x32 ../libdaisy/build/libdaisy.a(stm32h7xx_hal_rcc.o)
 .ARM.attributes
                0x000000000800e37a       0x32 ../libdaisy/build/libdaisy.a(stm32h7xx_hal_rcc_ex.o)
 .ARM.attributes
                0x000000000800e3ac       0x32 ../libdaisy/build/libdaisy.a(stm32h7xx_hal_sai.o)
 .ARM.attributes
                0x000000000800e3de       0x32 ../libdaisy/build/libdaisy.a(stm32h7xx_hal_sdram.o)
 .ARM.attributes
                0x000000000800e410       0x32 ../libdaisy/build/libdaisy.a(stm32h7xx_ll_fmc.o)
 .ARM.attributes
                0x000000000800e442       0x32 ../libdaisy/build/libdaisy.a(i2c.o)
 .ARM.attributes
                0x000000000800e474       0x32 ../libdaisy/build/libdaisy.a(tim.o)
 .ARM.attributes
                0x000000000800e4a6       0x32 ../libdaisy/build/libdaisy.a(dma.o)
 .ARM.attributes
                0x000000000800e4d8       0x32 ../libdaisy/build/libdaisy.a(stm32h7xx_hal_i2c.o)
 .ARM.attributes
                0x000000000800e50a       0x32 ../libdaisy/build/libdaisy.a(stm32h7xx_hal_mdma.o)
 .ARM.attributes
                0x000000000800e53c       0x32 ../libdaisy/build/libdaisy.a(stm32h7xx_hal_tim.o)
 .ARM.attributes
                0x000000000800e56e       0x32 ../libdaisy/build/libdaisy.a(stm32h7xx_hal_tim_ex.o)
 .ARM.attributes
                0x000000000800e5a0       0x32 ../DaisySP/build/libdaisysp.a(adsr.o)
 .ARM.attributes
                0x000000000800e5d2       0x32 ../DaisySP/build/libdaisysp.a(crossfade.o)
 .ARM.attributes
                0x000000000800e604       0x32 ../DaisySP/build/libdaisysp.a(svf.o)
 .ARM.attributes
                0x000000000800e636       0x32 ../DaisySP/build/libdaisysp.a(oscillator.o)
 .ARM.attributes
                0x000000000800e668       0x32 ../DaisySP/build/libdaisysp.a(dcblock.o)
 .ARM.attributes
                0x000000000800e69a       0x32 /usr/local/Cellar/arm-none-eabi-gcc/9-2019-q4-major/gcc/bin/../lib/gcc/arm-none-eabi/9.2.1/../../../../arm-none-eabi/lib/thumb/v7e-m+dp/hard/libstdc++_nano.a(atexit_arm.o)
 .ARM.attributes
                0x000000000800e6cc       0x32 /usr/local/Cellar/arm-none-eabi-gcc/9-2019-q4-major/gcc/bin/../lib/gcc/arm-none-eabi/9.2.1/../../../../arm-none-eabi/lib/thumb/v7e-m+dp/hard/libm.a(lib_a-sf_exp.o)
 .ARM.attributes
                0x000000000800e6fe       0x30 /usr/local/Cellar/arm-none-eabi-gcc/9-2019-q4-major/gcc/bin/../lib/gcc/arm-none-eabi/9.2.1/../../../../arm-none-eabi/lib/thumb/v7e-m+dp/hard/libm.a(lib_a-sf_exp2_data.o)
 .ARM.attributes
                0x000000000800e72e       0x32 /usr/local/Cellar/arm-none-eabi-gcc/9-2019-q4-major/gcc/bin/../lib/gcc/arm-none-eabi/9.2.1/../../../../arm-none-eabi/lib/thumb/v7e-m+dp/hard/libm.a(lib_a-sf_log.o)
 .ARM.attributes
                0x000000000800e760       0x30 /usr/local/Cellar/arm-none-eabi-gcc/9-2019-q4-major/gcc/bin/../lib/gcc/arm-none-eabi/9.2.1/../../../../arm-none-eabi/lib/thumb/v7e-m+dp/hard/libm.a(lib_a-sf_log_data.o)
 .ARM.attributes
                0x000000000800e790       0x32 /usr/local/Cellar/arm-none-eabi-gcc/9-2019-q4-major/gcc/bin/../lib/gcc/arm-none-eabi/9.2.1/../../../../arm-none-eabi/lib/thumb/v7e-m+dp/hard/libm.a(lib_a-sf_pow.o)
 .ARM.attributes
                0x000000000800e7c2       0x30 /usr/local/Cellar/arm-none-eabi-gcc/9-2019-q4-major/gcc/bin/../lib/gcc/arm-none-eabi/9.2.1/../../../../arm-none-eabi/lib/thumb/v7e-m+dp/hard/libm.a(lib_a-sf_pow_log2_data.o)
 .ARM.attributes
                0x000000000800e7f2       0x32 /usr/local/Cellar/arm-none-eabi-gcc/9-2019-q4-major/gcc/bin/../lib/gcc/arm-none-eabi/9.2.1/../../../../arm-none-eabi/lib/thumb/v7e-m+dp/hard/libm.a(lib_a-sinf.o)
 .ARM.attributes
                0x000000000800e824       0x32 /usr/local/Cellar/arm-none-eabi-gcc/9-2019-q4-major/gcc/bin/../lib/gcc/arm-none-eabi/9.2.1/../../../../arm-none-eabi/lib/thumb/v7e-m+dp/hard/libm.a(lib_a-wf_fmod.o)
 .ARM.attributes
                0x000000000800e856       0x32 /usr/local/Cellar/arm-none-eabi-gcc/9-2019-q4-major/gcc/bin/../lib/gcc/arm-none-eabi/9.2.1/../../../../arm-none-eabi/lib/thumb/v7e-m+dp/hard/libm.a(lib_a-ef_fmod.o)
 .ARM.attributes
                0x000000000800e888       0x32 /usr/local/Cellar/arm-none-eabi-gcc/9-2019-q4-major/gcc/bin/../lib/gcc/arm-none-eabi/9.2.1/../../../../arm-none-eabi/lib/thumb/v7e-m+dp/hard/libm.a(lib_a-math_errf.o)
 .ARM.attributes
                0x000000000800e8ba       0x30 /usr/local/Cellar/arm-none-eabi-gcc/9-2019-q4-major/gcc/bin/../lib/gcc/arm-none-eabi/9.2.1/../../../../arm-none-eabi/lib/thumb/v7e-m+dp/hard/libm.a(lib_a-s_lib_ver.o)
 .ARM.attributes
                0x000000000800e8ea       0x32 /usr/local/Cellar/arm-none-eabi-gcc/9-2019-q4-major/gcc/bin/../lib/gcc/arm-none-eabi/9.2.1/../../../../arm-none-eabi/lib/thumb/v7e-m+dp/hard/libm.a(lib_a-s_matherr.o)
 .ARM.attributes
                0x000000000800e91c       0x30 /usr/local/Cellar/arm-none-eabi-gcc/9-2019-q4-major/gcc/bin/../lib/gcc/arm-none-eabi/9.2.1/../../../../arm-none-eabi/lib/thumb/v7e-m+dp/hard/libm.a(lib_a-sincosf_data.o)
 .ARM.attributes
                0x000000000800e94c       0x32 /usr/local/Cellar/arm-none-eabi-gcc/9-2019-q4-major/gcc/bin/../lib/gcc/arm-none-eabi/9.2.1/../../../../arm-none-eabi/lib/thumb/v7e-m+dp/hard/libc_nano.a(lib_a-cxa_atexit.o)
 .ARM.attributes
                0x000000000800e97e       0x32 /usr/local/Cellar/arm-none-eabi-gcc/9-2019-q4-major/gcc/bin/../lib/gcc/arm-none-eabi/9.2.1/../../../../arm-none-eabi/lib/thumb/v7e-m+dp/hard/libc_nano.a(lib_a-errno.o)
 .ARM.attributes
                0x000000000800e9b0       0x30 /usr/local/Cellar/arm-none-eabi-gcc/9-2019-q4-major/gcc/bin/../lib/gcc/arm-none-eabi/9.2.1/../../../../arm-none-eabi/lib/thumb/v7e-m+dp/hard/libc_nano.a(lib_a-impure.o)
 .ARM.attributes
                0x000000000800e9e0       0x32 /usr/local/Cellar/arm-none-eabi-gcc/9-2019-q4-major/gcc/bin/../lib/gcc/arm-none-eabi/9.2.1/../../../../arm-none-eabi/lib/thumb/v7e-m+dp/hard/libc_nano.a(lib_a-init.o)
 .ARM.attributes
                0x000000000800ea12       0x32 /usr/local/Cellar/arm-none-eabi-gcc/9-2019-q4-major/gcc/bin/../lib/gcc/arm-none-eabi/9.2.1/../../../../arm-none-eabi/lib/thumb/v7e-m+dp/hard/libc_nano.a(lib_a-memset.o)
 .ARM.attributes
                0x000000000800ea44       0x1e /usr/local/Cellar/arm-none-eabi-gcc/9-2019-q4-major/gcc/bin/../lib/gcc/arm-none-eabi/9.2.1/thumb/v7e-m+dp/hard/libgcc.a(_arm_addsubdf3.o)
 .ARM.attributes
                0x000000000800ea62       0x1e /usr/local/Cellar/arm-none-eabi-gcc/9-2019-q4-major/gcc/bin/../lib/gcc/arm-none-eabi/9.2.1/thumb/v7e-m+dp/hard/crtn.o

.preinit_array  0x000000000800dd80        0x0
                0x000000000800dd80                PROVIDE (__preinit_array_start = .)
 *(.preinit_array*)
                0x000000000800dd80                PROVIDE (__preinit_array_end = .)

.init_array     0x000000000800dd80       0x14
                0x000000000800dd80                PROVIDE (__init_array_start = .)
 *(SORT_BY_NAME(.init_array.*))
 *(.init_array*)
 .init_array    0x000000000800dd80        0x4 /usr/local/Cellar/arm-none-eabi-gcc/9-2019-q4-major/gcc/bin/../lib/gcc/arm-none-eabi/9.2.1/thumb/v7e-m+dp/hard/crtbegin.o
 .init_array    0x000000000800dd84        0x4 build/Veno-Echo.o
 .init_array    0x000000000800dd88        0x4 build/QSPI_Settings.o
 .init_array    0x000000000800dd8c        0x4 ../libdaisy/build/libdaisy.a(audio.o)
 .init_array    0x000000000800dd90        0x4 ../libdaisy/build/libdaisy.a(system.o)
                0x000000000800dd94                PROVIDE (__init_array_end = .)

.fini_array     0x000000000800dd94        0x4
                [!provide]                        PROVIDE (__fini_array_start = .)
 *(.fini_array*)
 .fini_array    0x000000000800dd94        0x4 /usr/local/Cellar/arm-none-eabi-gcc/9-2019-q4-major/gcc/bin/../lib/gcc/arm-none-eabi/9.2.1/thumb/v7e-m+dp/hard/crtbegin.o
 *(SORT_BY_NAME(.fini_array.*))
                [!provide]                        PROVIDE (__fini_array_end = .)

.data           0x0000000024000000       0x88 load address 0x000000000800dd98
                0x0000000024000000                . = ALIGN (0x4)
                0x0000000024000000                _sdata = .
                [!provide]                        PROVIDE (__data_start__ = _sdata)
 *(.data)
 .data          0x0000000024000000        0x4 /usr/local/Cellar/arm-none-eabi-gcc/9-2019-q4-major/gcc/bin/../lib/gcc/arm-none-eabi/9.2.1/thumb/v7e-m+dp/hard/crtbegin.o
                0x0000000024000000                __dso_handle
 *(.data*)
 .data.delayL_flag
                0x0000000024000004        0x1 build/Veno-Echo.o
                0x0000000024000004                delayL_flag
 .data.delayR_flag
                0x0000000024000005        0x1 build/Veno-Echo.o
                0x0000000024000005                delayR_flag
 *fill*         0x0000000024000006        0x2 
 .data.drywet   0x0000000024000008        0x4 build/Veno-Echo.o
                0x0000000024000008                drywet
 .data.width    0x000000002400000c        0x4 build/Veno-Echo.o
                0x000000002400000c                width
 .data.SystemCoreClock
                0x0000000024000010        0x4 ../libdaisy/build/libdaisy.a(system_stm32h7xx.o)
                0x0000000024000010                SystemCoreClock
 .data.SystemD2Clock
                0x0000000024000014        0x4 ../libdaisy/build/libdaisy.a(system_stm32h7xx.o)
                0x0000000024000014                SystemD2Clock
 .data.uwTickFreq
                0x0000000024000018        0x1 ../libdaisy/build/libdaisy.a(stm32h7xx_hal.o)
 *fill*         0x0000000024000019        0x3 
 .data.uwTickPrio
                0x000000002400001c        0x4 ../libdaisy/build/libdaisy.a(stm32h7xx_hal.o)
 .data.__fdlib_version
                0x0000000024000020        0x1 /usr/local/Cellar/arm-none-eabi-gcc/9-2019-q4-major/gcc/bin/../lib/gcc/arm-none-eabi/9.2.1/../../../../arm-none-eabi/lib/thumb/v7e-m+dp/hard/libm.a(lib_a-s_lib_ver.o)
                0x0000000024000020                __fdlib_version
 *fill*         0x0000000024000021        0x3 
 .data._impure_ptr
                0x0000000024000024        0x4 /usr/local/Cellar/arm-none-eabi-gcc/9-2019-q4-major/gcc/bin/../lib/gcc/arm-none-eabi/9.2.1/../../../../arm-none-eabi/lib/thumb/v7e-m+dp/hard/libc_nano.a(lib_a-impure.o)
                0x0000000024000024                _impure_ptr
 .data.impure_data
                0x0000000024000028       0x60 /usr/local/Cellar/arm-none-eabi-gcc/9-2019-q4-major/gcc/bin/../lib/gcc/arm-none-eabi/9.2.1/../../../../arm-none-eabi/lib/thumb/v7e-m+dp/hard/libc_nano.a(lib_a-impure.o)
                0x0000000024000088                . = ALIGN (0x4)
                0x0000000024000088                _edata = .
                [!provide]                        PROVIDE (__data_end__ = _edata)
                0x000000000800dd98                _sidata = LOADADDR (.data)

.igot.plt       0x0000000024000088        0x0 load address 0x000000000800de20
 .igot.plt      0x0000000024000088        0x0 /usr/local/Cellar/arm-none-eabi-gcc/9-2019-q4-major/gcc/bin/../lib/gcc/arm-none-eabi/9.2.1/thumb/v7e-m+dp/hard/crtbegin.o

.bss            0x0000000024000088     0x15d4 load address 0x000000000800de20
                0x0000000024000088                . = ALIGN (0x4)
                0x0000000024000088                _sbss = .
                0x0000000024000088                PROVIDE (__bss_start__ = _sbss)
 *(.bss)
 .bss           0x0000000024000088       0x1c /usr/local/Cellar/arm-none-eabi-gcc/9-2019-q4-major/gcc/bin/../lib/gcc/arm-none-eabi/9.2.1/thumb/v7e-m+dp/hard/crtbegin.o
 *(.bss*)
 .bss.AltControls
                0x00000000240000a4       0x20 build/Veno-Echo.o
                0x00000000240000a4                AltControls
 .bss.BaseTempo
                0x00000000240000c4       0x28 build/Veno-Echo.o
                0x00000000240000c4                BaseTempo
 .bss.ClockIn   0x00000000240000ec       0x10 build/Veno-Echo.o
                0x00000000240000ec                ClockIn
 .bss.HPF_sw    0x00000000240000fc       0x34 build/Veno-Echo.o
                0x00000000240000fc                HPF_sw
 .bss.LPF_sw    0x0000000024000130       0x34 build/Veno-Echo.o
                0x0000000024000130                LPF_sw
 .bss.ModDepth  0x0000000024000164        0x4 build/Veno-Echo.o
                0x0000000024000164                ModDepth
 .bss.PostFilters
                0x0000000024000168        0x1 build/Veno-Echo.o
                0x0000000024000168                PostFilters
 *fill*         0x0000000024000169        0x3 
 .bss.Rev_L_sw  0x000000002400016c       0x34 build/Veno-Echo.o
                0x000000002400016c                Rev_L_sw
 .bss.Rev_R_sw  0x00000000240001a0       0x34 build/Veno-Echo.o
                0x00000000240001a0                Rev_R_sw
 .bss.ReverseGateL
                0x00000000240001d4       0x10 build/Veno-Echo.o
                0x00000000240001d4                ReverseGateL
 .bss.ReverseGateR
                0x00000000240001e4       0x10 build/Veno-Echo.o
                0x00000000240001e4                ReverseGateR
 .bss.Sync      0x00000000240001f4       0x10 build/Veno-Echo.o
                0x00000000240001f4                Sync
 .bss.Tap_Button
                0x0000000024000204       0x34 build/Veno-Echo.o
                0x0000000024000204                Tap_Button
 .bss._ZL10FwdRevLEnv
                0x0000000024000238       0x38 build/Veno-Echo.o
 .bss._ZL10FwdRevREnv
                0x0000000024000270       0x38 build/Veno-Echo.o
 .bss._ZL10HPF_LXfade
                0x00000000240002a8        0x8 build/Veno-Echo.o
 .bss._ZL10HPF_L_post
                0x00000000240002b0       0x4c build/Veno-Echo.o
 .bss._ZL10HPF_RXfade
                0x00000000240002fc        0x8 build/Veno-Echo.o
 .bss._ZL10HPF_R_post
                0x0000000024000304       0x4c build/Veno-Echo.o
 .bss._ZL10LPF_LXfade
                0x0000000024000350        0x8 build/Veno-Echo.o
 .bss._ZL10LPF_L_post
                0x0000000024000358       0x4c build/Veno-Echo.o
 .bss._ZL10LPF_RXfade
                0x00000000240003a4        0x8 build/Veno-Echo.o
 .bss._ZL10LPF_R_post
                0x00000000240003ac       0x4c build/Veno-Echo.o
 .bss._ZL10WidthXfade
                0x00000000240003f8        0x8 build/Veno-Echo.o
 .bss._ZL11DcBlock_LFB
                0x0000000024000400        0xc build/Veno-Echo.o
 .bss._ZL11DcBlock_RFB
                0x000000002400040c        0xc build/Veno-Echo.o
 .bss._ZL11FilterMix_L
                0x0000000024000418        0x8 build/Veno-Echo.o
 .bss._ZL11FilterMix_R
                0x0000000024000420        0x8 build/Veno-Echo.o
 .bss._ZL12FwdRevLXfade
                0x0000000024000428        0x8 build/Veno-Echo.o
 .bss._ZL12FwdRevRXfade
                0x0000000024000430        0x8 build/Veno-Echo.o
 .bss._ZL15HPF_LXfade_post
                0x0000000024000438        0x8 build/Veno-Echo.o
 .bss._ZL15HPF_RXfade_post
                0x0000000024000440        0x8 build/Veno-Echo.o
 .bss._ZL15LPF_LXfade_post
                0x0000000024000448        0x8 build/Veno-Echo.o
 .bss._ZL15LPF_RXfade_post
                0x0000000024000450        0x8 build/Veno-Echo.o
 .bss._ZL16FilterMix_L_post
                0x0000000024000458        0x8 build/Veno-Echo.o
 .bss._ZL16FilterMix_R_post
                0x0000000024000460        0x8 build/Veno-Echo.o
 .bss._ZL2hw    0x0000000024000468       0x3c build/Veno-Echo.o
 .bss._ZL3lfo   0x00000000240004a4       0x28 build/Veno-Echo.o
 .bss._ZL5HPF_L
                0x00000000240004cc       0x4c build/Veno-Echo.o
 .bss._ZL5HPF_R
                0x0000000024000518       0x4c build/Veno-Echo.o
 .bss._ZL5LPF_L
                0x0000000024000564       0x4c build/Veno-Echo.o
 .bss._ZL5LPF_R
                0x00000000240005b0       0x4c build/Veno-Echo.o
 .bss._ZL7HPF_Env
                0x00000000240005fc       0x38 build/Veno-Echo.o
 .bss._ZL7LPF_Env
                0x0000000024000634       0x38 build/Veno-Echo.o
 .bss._ZL7LeftEnv
                0x000000002400066c       0x18 build/Veno-Echo.o
 .bss._ZL8RightEnv
                0x0000000024000684       0x18 build/Veno-Echo.o
 .bss._ZZ10Update_ModvE13modulation_CV
                0x000000002400069c        0x4 build/Veno-Echo.o
 .bss._ZZ10Update_ModvE17ModDepth_Filtered
                0x00000000240006a0        0x4 build/Veno-Echo.o
 .bss._ZZ11UpdateClockvE10divCounter
                0x00000000240006a4        0x4 build/Veno-Echo.o
 .bss._ZZ12Update_widthvE14width_Pot_Last
                0x00000000240006a8        0x4 build/Veno-Echo.o
 .bss._ZZ13Update_drywetvE10Res_pickup
                0x00000000240006ac        0x1 build/Veno-Echo.o
 *fill*         0x00000000240006ad        0x3 
 .bss._ZZ13Update_drywetvE11drywet_Last
                0x00000000240006b0        0x4 build/Veno-Echo.o
 .bss._ZZ13Update_drywetvE13drywet_pickup
                0x00000000240006b4        0x1 build/Veno-Echo.o
 *fill*         0x00000000240006b5        0x3 
 .bss._ZZ13Update_drywetvE8Res_Last
                0x00000000240006b8        0x4 build/Veno-Echo.o
 .bss._ZZ13Update_drywetvE9lastShift
                0x00000000240006bc        0x1 build/Veno-Echo.o
 *fill*         0x00000000240006bd        0x3 
 .bss._ZZ14Update_ButtonsvE11buttonstate
                0x00000000240006c0        0x4 build/Veno-Echo.o
 .bss._ZZ14Update_ButtonsvE9resetTime
                0x00000000240006c4        0x4 build/Veno-Echo.o
 .bss._ZZ16Update_feedbackLvE13HPCutoff_Last
                0x00000000240006c8        0x4 build/Veno-Echo.o
 .bss._ZZ16Update_feedbackLvE14feedbackL_Last
                0x00000000240006cc        0x4 build/Veno-Echo.o
 .bss._ZZ16Update_feedbackLvE15HPCutoff_pickup
                0x00000000240006d0        0x1 build/Veno-Echo.o
 .bss._ZZ16Update_feedbackLvE16feedbackL_pickup
                0x00000000240006d1        0x1 build/Veno-Echo.o
 .bss._ZZ16Update_feedbackLvE9lastShift
                0x00000000240006d2        0x1 build/Veno-Echo.o
 *fill*         0x00000000240006d3        0x1 