Archive member included to satisfy reference by file (symbol)

../libdaisy/build/libdaisy.a(daisy_seed.o)
                              build/Veno-Echo.o (daisy::DaisySeed::Configure())
../libdaisy/build/libdaisy.a(codec_ak4556.o)
                              ../libdaisy/build/libdaisy.a(daisy_seed.o) (daisy::Ak4556::Init(dsy_gpio_pin))
../libdaisy/build/libdaisy.a(codec_wm8731.o)
                              ../libdaisy/build/libdaisy.a(daisy_seed.o) (daisy::Wm8731::Init(daisy::Wm8731::Config const&, daisy::I2CHandle))
../libdaisy/build/libdaisy.a(sdram.o)
                              ../libdaisy/build/libdaisy.a(daisy_seed.o) (SdramHandle::Init())
../libdaisy/build/libdaisy.a(audio.o)
                              ../libdaisy/build/libdaisy.a(daisy_seed.o) (daisy::AudioHandle::Init(daisy::AudioHandle::Config const&, daisy::SaiHandle))
../libdaisy/build/libdaisy.a(gatein.o)
                              build/Veno-Echo.o (daisy::GateIn::Init(dsy_gpio_pin*))
../libdaisy/build/libdaisy.a(led.o)
                              build/LEDs.o (daisy::Led::Init(dsy_gpio_pin, bool, float))
../libdaisy/build/libdaisy.a(switch.o)
                              build/Veno-Echo.o (daisy::Switch::Init(dsy_gpio_pin, float, daisy::Switch::Type, daisy::Switch::Polarity, daisy::Switch::Pull))
../libdaisy/build/libdaisy.a(adc.o)
                              build/Veno-Echo.o (daisy::AdcChannelConfig::InitSingle(dsy_gpio_pin))
../libdaisy/build/libdaisy.a(gpio.o)
                              ../libdaisy/build/libdaisy.a(daisy_seed.o) (dsy_gpio_init)
../libdaisy/build/libdaisy.a(i2c.o)
                              ../libdaisy/build/libdaisy.a(daisy_seed.o) (daisy::I2CHandle::Init(daisy::I2CHandle::Config const&))
../libdaisy/build/libdaisy.a(qspi.o)
                              ../libdaisy/build/libdaisy.a(daisy_seed.o) (daisy::QSPIHandle::Init(daisy::QSPIHandle::Config const&))
../libdaisy/build/libdaisy.a(sai.o)
                              ../libdaisy/build/libdaisy.a(daisy_seed.o) (daisy::SaiHandle::Init(daisy::SaiHandle::Config const&))
../libdaisy/build/libdaisy.a(system.o)
                              ../libdaisy/build/libdaisy.a(daisy_seed.o) (daisy::System::DeInit())
../libdaisy/build/libdaisy.a(system_stm32h7xx.o)
                              build/startup_stm32h750xx.o (SystemInit)
../libdaisy/build/libdaisy.a(usbd_conf.o)
                              ../libdaisy/build/libdaisy.a(system.o) (hpcd_USB_OTG_HS)
../libdaisy/build/libdaisy.a(usbh_conf.o)
                              ../libdaisy/build/libdaisy.a(system.o) (hhcd_USB_OTG_HS)
../libdaisy/build/libdaisy.a(hal_map.o)
                              ../libdaisy/build/libdaisy.a(gpio.o) (dsy_hal_map_get_port)
../libdaisy/build/libdaisy.a(stm32h7xx_hal.o)
                              ../libdaisy/build/libdaisy.a(system.o) (HAL_Init)
../libdaisy/build/libdaisy.a(stm32h7xx_hal_adc.o)
                              ../libdaisy/build/libdaisy.a(adc.o) (HAL_ADC_ConfigChannel)
../libdaisy/build/libdaisy.a(stm32h7xx_hal_adc_ex.o)
                              ../libdaisy/build/libdaisy.a(adc.o) (HAL_ADCEx_Calibration_Start)
../libdaisy/build/libdaisy.a(stm32h7xx_hal_cortex.o)
                              ../libdaisy/build/libdaisy.a(stm32h7xx_hal.o) (HAL_NVIC_SetPriorityGrouping)
../libdaisy/build/libdaisy.a(stm32h7xx_hal_dma.o)
                              ../libdaisy/build/libdaisy.a(adc.o) (HAL_DMA_Init)
../libdaisy/build/libdaisy.a(stm32h7xx_hal_gpio.o)
                              ../libdaisy/build/libdaisy.a(sdram.o) (HAL_GPIO_Init)
../libdaisy/build/libdaisy.a(stm32h7xx_hal_hcd.o)
                              ../libdaisy/build/libdaisy.a(usbh_conf.o) (HAL_HCD_HC_Init)
../libdaisy/build/libdaisy.a(stm32h7xx_hal_i2c.o)
                              ../libdaisy/build/libdaisy.a(i2c.o) (HAL_I2C_Init)
../libdaisy/build/libdaisy.a(stm32h7xx_hal_i2c_ex.o)
                              ../libdaisy/build/libdaisy.a(i2c.o) (HAL_I2CEx_ConfigAnalogFilter)
../libdaisy/build/libdaisy.a(stm32h7xx_hal_pcd.o)
                              ../libdaisy/build/libdaisy.a(usbd_conf.o) (HAL_PCD_Init)
../libdaisy/build/libdaisy.a(stm32h7xx_hal_pcd_ex.o)
                              ../libdaisy/build/libdaisy.a(usbd_conf.o) (HAL_PCDEx_SetTxFiFo)
../libdaisy/build/libdaisy.a(stm32h7xx_hal_pwr_ex.o)
                              ../libdaisy/build/libdaisy.a(system.o) (HAL_PWREx_ConfigSupply)
../libdaisy/build/libdaisy.a(stm32h7xx_hal_qspi.o)
                              ../libdaisy/build/libdaisy.a(qspi.o) (HAL_QSPI_Init)
../libdaisy/build/libdaisy.a(stm32h7xx_hal_rcc.o)
                              ../libdaisy/build/libdaisy.a(system.o) (HAL_RCC_OscConfig)
../libdaisy/build/libdaisy.a(stm32h7xx_hal_rcc_ex.o)
                              ../libdaisy/build/libdaisy.a(system.o) (HAL_RCCEx_PeriphCLKConfig)
../libdaisy/build/libdaisy.a(stm32h7xx_hal_sai.o)
                              ../libdaisy/build/libdaisy.a(sai.o) (HAL_SAI_InitProtocol)
[...]
Memory Configuration

Name             Origin             Length             Attributes
FLASH            0x0000000008000000 0x0000000000020000 xr
DTCMRAM          0x0000000020000000 0x0000000000020000 xrw
SRAM             0x0000000024000000 0x0000000000080000 xrw
RAM_D2           0x0000000030000000 0x0000000000048000 xrw
RAM_D3           0x0000000038000000 0x0000000000010000 xrw
ITCMRAM          0x0000000000000000 0x0000000000010000 xrw
SDRAM            0x00000000c0000000 0x0000000004000000 xrw
QSPIFLASH        0x0000000090000000 0x0000000000800000 xr
*default*        0x0000000000000000 0xffffffffffffffff

Linker script and memory map

LOAD /usr/local/Cellar/arm-none-eabi-gcc/9-2019-q4-major/gcc/bin/../lib/gcc/arm-none-eabi/9.2.1/thumb/v7e-m+dp/hard/crti.o
LOAD /usr/local/Cellar/arm-none-eabi-gcc/9-2019-q4-major/gcc/bin/../lib/gcc/arm-none-eabi/9.2.1/thumb/v7e-m+dp/hard/crtbegin.o
LOAD /usr/local/Cellar/arm-none-eabi-gcc/9-2019-q4-major/gcc/bin/../lib/gcc/arm-none-eabi/9.2.1/../../../../arm-none-eabi/lib/thumb/v7e-m+dp/hard/crt0.o
LOAD build/startup_stm32h750xx.o
LOAD build/Veno-Echo.o
LOAD build/scale.o
LOAD build/taptempo.o
LOAD build/DelayMulti.o
LOAD build/LEDs.o
LOAD build/QSPI_Settings.o
LOAD build/oscillator_p.o
LOAD ../libdaisy/build/libdaisy.a
LOAD /usr/local/Cellar/arm-none-eabi-gcc/9-2019-q4-major/gcc/bin/../lib/gcc/arm-none-eabi/9.2.1/../../../../arm-none-eabi/lib/thumb/v7e-m+dp/hard/libnosys.a
LOAD ../DaisySP/build/libdaisysp.a
LOAD /usr/local/Cellar/arm-none-eabi-gcc/9-2019-q4-major/gcc/bin/../lib/gcc/arm-none-eabi/9.2.1/../../../../arm-none-eabi/lib/thumb/v7e-m+dp/hard/libstdc++_nano.a
LOAD /usr/local/Cellar/arm-none-eabi-gcc/9-2019-q4-major/gcc/bin/../lib/gcc/arm-none-eabi/9.2.1/../../../../arm-none-eabi/lib/thumb/v7e-m+dp/hard/libm.a
LOAD /usr/local/Cellar/arm-none-eabi-gcc/9-2019-q4-major/gcc/bin/../lib/gcc/arm-none-eabi/9.2.1/../../../../arm-none-eabi/lib/thumb/v7e-m+dp/hard/libc_nano.a
START GROUP
LOAD /usr/local/Cellar/arm-none-eabi-gcc/9-2019-q4-major/gcc/bin/../lib/gcc/arm-none-eabi/9.2.1/thumb/v7e-m+dp/hard/libgcc.a
LOAD /usr/local/Cellar/arm-none-eabi-gcc/9-2019-q4-major/gcc/bin/../lib/gcc/arm-none-eabi/9.2.1/../../../../arm-none-eabi/lib/thumb/v7e-m+dp/hard/libc_nano.a
END GROUP
START GROUP
LOAD /usr/local/Cellar/arm-none-eabi-gcc/9-2019-q4-major/gcc/bin/../lib/gcc/arm-none-eabi/9.2.1/thumb/v7e-m+dp/hard/libgcc.a
LOAD /usr/local/Cellar/arm-none-eabi-gcc/9-2019-q4-major/gcc/bin/../lib/gcc/arm-none-eabi/9.2.1/../../../../arm-none-eabi/lib/thumb/v7e-m+dp/hard/libc_nano.a
LOAD /usr/local/Cellar/arm-none-eabi-gcc/9-2019-q4-major/gcc/bin/../lib/gcc/arm-none-eabi/9.2.1/../../../../arm-none-eabi/lib/thumb/v7e-m+dp/hard/libnosys.a
END GROUP
START GROUP
LOAD /usr/local/Cellar/arm-none-eabi-gcc/9-2019-q4-major/gcc/bin/../lib/gcc/arm-none-eabi/9.2.1/thumb/v7e-m+dp/hard/libgcc.a
LOAD /usr/local/Cellar/arm-none-eabi-gcc/9-2019-q4-major/gcc/bin/../lib/gcc/arm-none-eabi/9.2.1/../../../../arm-none-eabi/lib/thumb/v7e-m+dp/hard/libc_nano.a
LOAD /usr/local/Cellar/arm-none-eabi-gcc/9-2019-q4-major/gcc/bin/../lib/gcc/arm-none-eabi/9.2.1/../../../../arm-none-eabi/lib/thumb/v7e-m+dp/hard/libnosys.a
END GROUP
LOAD /usr/local/Cellar/arm-none-eabi-gcc/9-2019-q4-major/gcc/bin/../lib/gcc/arm-none-eabi/9.2.1/thumb/v7e-m+dp/hard/crtend.o
LOAD /usr/local/Cellar/arm-none-eabi-gcc/9-2019-q4-major/gcc/bin/../lib/gcc/arm-none-eabi/9.2.1/thumb/v7e-m+dp/hard/crtn.o
                0x0000000020020000                _estack = 0x20020000

.isr_vector     0x0000000008000000      0x298
                0x0000000008000000                . = ALIGN (0x4)
 *(.isr_vector)
 .isr_vector    0x0000000008000000      0x298 build/startup_stm32h750xx.o
                0x0000000008000000                g_pfnVectors
                0x0000000008000298                . = ALIGN (0x4)

.text           0x0000000008000298    0x13ae0
                0x0000000008000298                . = ALIGN (0x4)
                0x0000000008000298                _stext = .
 *(.text)
 .text          0x0000000008000298       0x40 /usr/local/Cellar/arm-none-eabi-gcc/9-2019-q4-major/gcc/bin/../lib/gcc/arm-none-eabi/9.2.1/thumb/v7e-m+dp/hard/crtbegin.o
 .text          0x00000000080002d8      0x378 /usr/local/Cellar/arm-none-eabi-gcc/9-2019-q4-major/gcc/bin/../lib/gcc/arm-none-eabi/9.2.1/thumb/v7e-m+dp/hard/libgcc.a(_arm_addsubdf3.o)
                0x00000000080002d8                __aeabi_drsub
                0x00000000080002e0                __subdf3
                0x00000000080002e0                __aeabi_dsub
                0x00000000080002e4                __aeabi_dadd
                0x00000000080002e4                __adddf3
                0x000000000800055c                __aeabi_ui2d
                0x000000000800055c                __floatunsidf
                0x000000000800057c                __floatsidf
                0x000000000800057c                __aeabi_i2d
                0x00000000080005a0                __extendsfdf2
                0x00000000080005a0                __aeabi_f2d
                0x00000000080005e4                __aeabi_ul2d
                0x00000000080005e4                __floatundidf
                0x00000000080005f4                __aeabi_l2d
                0x00000000080005f4                __floatdidf
 *(.text*)
 .text.Default_Handler
                0x0000000008000650        0x4 build/startup_stm32h750xx.o
                0x0000000008000650                SAI1_IRQHandler
                0x0000000008000650                HASH_RNG_IRQHandler
                0x0000000008000650                EXTI2_IRQHandler
                0x0000000008000650                TIM8_CC_IRQHandler
                0x0000000008000650                HRTIM1_Master_IRQHandler
                0x0000000008000650                DebugMon_Handler
                0x0000000008000650                UART8_IRQHandler
                0x0000000008000650                SPI4_IRQHandler
                0x0000000008000650                TIM1_CC_IRQHandler
                0x0000000008000650                BDMA_Channel6_IRQHandler
                0x0000000008000650                DMA2_Stream5_IRQHandler
                0x0000000008000650                HRTIM1_FLT_IRQHandler
                0x0000000008000650                JPEG_IRQHandler
                0x0000000008000650                DMA1_Stream5_IRQHandler
                0x0000000008000650                BDMA_Channel1_IRQHandler
                0x0000000008000650                HRTIM1_TIMD_IRQHandler
                0x0000000008000650                TAMP_STAMP_IRQHandler
                0x0000000008000650                PendSV_Handler
                0x0000000008000650                NMI_Handler
                0x0000000008000650                EXTI3_IRQHandler
                0x0000000008000650                LPTIM4_IRQHandler
                0x0000000008000650                TIM8_TRG_COM_TIM14_IRQHandler
                0x0000000008000650                LPTIM2_IRQHandler
                0x0000000008000650                DFSDM1_FLT1_IRQHandler
                0x0000000008000650                DMAMUX2_OVR_IRQHandler
                0x0000000008000650                TIM8_UP_TIM13_IRQHandler
                0x0000000008000650                I2C3_ER_IRQHandler
                0x0000000008000650                DFSDM1_FLT2_IRQHandler
                0x0000000008000650                MDMA_IRQHandler
                0x0000000008000650                LPTIM3_IRQHandler
                0x0000000008000650                HSEM1_IRQHandler
                0x0000000008000650                EXTI0_IRQHandler
                0x0000000008000650                FPU_IRQHandler
                0x0000000008000650                OTG_HS_WKUP_IRQHandler
                0x0000000008000650                FDCAN1_IT1_IRQHandler
                0x0000000008000650                UsageFault_Handler
                0x0000000008000650                LTDC_ER_IRQHandler
                0x0000000008000650                DMA2_Stream2_IRQHandler
                0x0000000008000650                HRTIM1_TIME_IRQHandler
                0x0000000008000650                TIM6_DAC_IRQHandler
                0x0000000008000650                DCMI_IRQHandler
                0x0000000008000650                HRTIM1_TIMC_IRQHandler
                0x0000000008000650                DMA2_Stream3_IRQHandler
                0x0000000008000650                SAI2_IRQHandler
                0x0000000008000650                DFSDM1_FLT3_IRQHandler
                0x0000000008000650                USART6_IRQHandler
                0x0000000008000650                TIM17_IRQHandler
                0x0000000008000650                USART3_IRQHandler
                0x0000000008000650                CRYP_IRQHandler
                0x0000000008000650                BDMA_Channel7_IRQHandler
                0x0000000008000650                LPTIM5_IRQHandler
                0x0000000008000650                UART5_IRQHandler
                0x0000000008000650                ADC3_IRQHandler
                0x0000000008000650                DMA2_Stream0_IRQHandler
                0x0000000008000650                TIM4_IRQHandler
                0x0000000008000650                BDMA_Channel2_IRQHandler
                0x0000000008000650                DMAMUX1_OVR_IRQHandler
                0x0000000008000650                TIM16_IRQHandler
                0x0000000008000650                UART4_IRQHandler
                0x0000000008000650                BDMA_Channel5_IRQHandler
                0x0000000008000650                TIM3_IRQHandler
                0x0000000008000650                RCC_IRQHandler
                0x0000000008000650                TIM8_BRK_TIM12_IRQHandler
                0x0000000008000650                TIM1_TRG_COM_IRQHandler
                0x0000000008000650                Default_Handler
                0x0000000008000650                ECC_IRQHandler
                0x0000000008000650                CEC_IRQHandler
                0x0000000008000650                EXTI15_10_IRQHandler
                0x0000000008000650                BDMA_Channel0_IRQHandler
                0x0000000008000650                ADC_IRQHandler
                0x0000000008000650                HRTIM1_TIMA_IRQHandler
                0x0000000008000650                SPI5_IRQHandler
                0x0000000008000650                TIM7_IRQHandler
                0x0000000008000650                SDMMC1_IRQHandler
                0x0000000008000650                TIM5_IRQHandler
                0x0000000008000650                DMA2_Stream7_IRQHandler
                0x0000000008000650                TIM15_IRQHandler
                0x0000000008000650                PVD_AVD_IRQHandler
                0x0000000008000650                EXTI9_5_IRQHandler
                0x0000000008000650                RTC_WKUP_IRQHandler
                0x0000000008000650                LTDC_IRQHandler
                0x0000000008000650                SAI3_IRQHandler
                0x0000000008000650                ETH_WKUP_IRQHandler
                0x0000000008000650                SPDIF_RX_IRQHandler
                0x0000000008000650                SPI2_IRQHandler
                0x0000000008000650                MemManage_Handler
                0x0000000008000650                SVC_Handler
                0x0000000008000650                CRS_IRQHandler
                0x0000000008000650                EXTI4_IRQHandler
                0x0000000008000650                HRTIM1_TIMB_IRQHandler
                0x0000000008000650                FDCAN2_IT1_IRQHandler
                0x0000000008000650                ETH_IRQHandler
                0x0000000008000650                TIM1_UP_IRQHandler
                0x0000000008000650                BDMA_Channel4_IRQHandler
                0x0000000008000650                WWDG_IRQHandler
                0x0000000008000650                SPI6_IRQHandler
                0x0000000008000650                I2C4_EV_IRQHandler
                0x0000000008000650                MDIOS_IRQHandler
                0x0000000008000650                FDCAN2_IT0_IRQHandler
                0x0000000008000650                LPUART1_IRQHandler
                0x0000000008000650                FDCAN1_IT0_IRQHandler
                0x0000000008000650                TIM2_IRQHandler
                0x0000000008000650                OTG_FS_WKUP_IRQHandler
                0x0000000008000650                DMA2D_IRQHandler
                0x0000000008000650                TIM1_BRK_IRQHandler
                0x0000000008000650                EXTI1_IRQHandler
                0x0000000008000650                SDMMC2_IRQHandler
                0x0000000008000650                OTG_FS_EP1_OUT_IRQHandler
                0x0000000008000650                BDMA_Channel3_IRQHandler
                0x0000000008000650                UART7_IRQHandler
                0x0000000008000650                MDIOS_WKUP_IRQHandler
                0x0000000008000650                USART2_IRQHandler
                0x0000000008000650                DFSDM1_FLT0_IRQHandler
                0x0000000008000650                SAI4_IRQHandler
                0x0000000008000650                I2C2_ER_IRQHandler
                0x0000000008000650                DMA2_Stream1_IRQHandler
                0x0000000008000650                FLASH_IRQHandler
                0x0000000008000650                DMA2_Stream4_IRQHandler
                0x0000000008000650                BusFault_Handler
                0x0000000008000650                USART1_IRQHandler
                0x0000000008000650                OTG_FS_IRQHandler
                0x0000000008000650                SPI3_IRQHandler
                0x0000000008000650                WAKEUP_PIN_IRQHandler
                0x0000000008000650                OTG_FS_EP1_IN_IRQHandler
                0x0000000008000650                I2C1_ER_IRQHandler
                0x0000000008000650                FMC_IRQHandler
                0x0000000008000650                FDCAN_CAL_IRQHandler
                0x0000000008000650                SWPMI1_IRQHandler
                0x0000000008000650                COMP1_IRQHandler
                0x0000000008000650                LPTIM1_IRQHandler
                0x0000000008000650                I2C4_ER_IRQHandler
                0x0000000008000650                DMA2_Stream6_IRQHandler
                0x0000000008000650                RTC_Alarm_IRQHandler
 .text.Reset_Handler
                0x0000000008000654       0x4c build/startup_stm32h750xx.o
                0x0000000008000654                Reset_Handler
 .text._ZN5daisy6SwitchD2Ev
                0x00000000080006a0        0x4 build/Veno-Echo.o
                0x00000000080006a0                daisy::Switch::~Switch()
                0x00000000080006a0                daisy::Switch::~Switch()
 .text._ZN5daisy6GateInD2Ev
                0x00000000080006a4        0x4 build/Veno-Echo.o
                0x00000000080006a4                daisy::GateIn::~GateIn()
                0x00000000080006a4                daisy::GateIn::~GateIn()
 .text._ZN5daisy9DaisySeedD2Ev
                0x00000000080006a8        0x4 build/Veno-Echo.o
                0x00000000080006a8                daisy::DaisySeed::~DaisySeed()
                0x00000000080006a8                daisy::DaisySeed::~DaisySeed()
 .text._ZN7daisysp4AdsrD2Ev
                0x00000000080006ac        0x4 build/Veno-Echo.o
                0x00000000080006ac                daisysp::Adsr::~Adsr()
                0x00000000080006ac                daisysp::Adsr::~Adsr()
 .text._ZN7daisysp10OscillatorD2Ev
                0x00000000080006b0        0x4 build/Veno-Echo.o
                0x00000000080006b0                daisysp::Oscillator::~Oscillator()
                0x00000000080006b0                daisysp::Oscillator::~Oscillator()
 .text._ZN7daisysp3SvfD2Ev
                0x00000000080006b4        0x4 build/Veno-Echo.o
                0x00000000080006b4                daisysp::Svf::~Svf()
                0x00000000080006b4                daisysp::Svf::~Svf()
 .text._ZN7daisysp9CrossFadeD2Ev
                0x00000000080006b8        0x4 build/Veno-Echo.o
                0x00000000080006b8                daisysp::CrossFade::~CrossFade()
                0x00000000080006b8                daisysp::CrossFade::~CrossFade()
 .text._ZN7daisysp9EnvFollowD2Ev
                0x00000000080006bc        0x4 build/Veno-Echo.o
                0x00000000080006bc                daisysp::EnvFollow::~EnvFollow()
                0x00000000080006bc                daisysp::EnvFollow::~EnvFollow()
 .text._ZN8TaptempoD2Ev
                0x00000000080006c0        0x4 build/Veno-Echo.o
                0x00000000080006c0                Taptempo::~Taptempo()
                0x00000000080006c0                Taptempo::~Taptempo()
 .text._ZN8TempoLEDD2Ev
                0x00000000080006c4        0x4 build/Veno-Echo.o
                0x00000000080006c4                TempoLED::~TempoLED()
                0x00000000080006c4                TempoLED::~TempoLED()
 .text._ZN9ButtonLEDD2Ev
                0x00000000080006c8        0x4 build/Veno-Echo.o
                0x00000000080006c8                ButtonLED::~ButtonLED()
                0x00000000080006c8                ButtonLED::~ButtonLED()
 .text._ZN10DelayMultiD2Ev
                0x00000000080006cc        0x4 build/Veno-Echo.o
                0x00000000080006cc                DelayMulti::~DelayMulti()
                0x00000000080006cc                DelayMulti::~DelayMulti()
 .text._ZN7daisysp17DelayLineMultiTapIfLj1728000EED2Ev
                0x00000000080006d0        0x4 build/Veno-Echo.o
                0x00000000080006d0                daisysp::DelayLineMultiTap<float, 1728000u>::~DelayLineMultiTap()
                0x00000000080006d0                daisysp::DelayLineMultiTap<float, 1728000u>::~DelayLineMultiTap()
 .text._ZN7daisysp16DelayLineReverseIfLj600000EED2Ev
                0x00000000080006d4        0x4 build/Veno-Echo.o
                0x00000000080006d4                daisysp::DelayLineReverse<float, 600000u>::~DelayLineReverse()
                0x00000000080006d4                daisysp::DelayLineReverse<float, 600000u>::~DelayLineReverse()
 .text._Z10InitDelaysf
                0x00000000080006d8      0x1cc build/Veno-Echo.o
                0x00000000080006d8                InitDelays(float)
 .text._Z17Update_DelayTimeLv
                0x00000000080008a4      0x238 build/Veno-Echo.o
                0x00000000080008a4                Update_DelayTimeL()
 .text._Z17Update_DelayTimeRv
                0x0000000008000adc      0x1f8 build/Veno-Echo.o
                0x0000000008000adc                Update_DelayTimeR()
 .text._Z16Update_feedbackLv
                0x0000000008000cd4      0x1f0 build/Veno-Echo.o
                0x0000000008000cd4                Update_feedbackL()
 .text._Z16Update_feedbackRv
                0x0000000008000ec4      0x1f0 build/Veno-Echo.o
                0x0000000008000ec4                Update_feedbackR()
 *fill*         0x00000000080010b4        0x4 
 .text._Z13Update_drywetv
                0x00000000080010b8      0x26c build/Veno-Echo.o
                0x00000000080010b8                Update_drywet()
 .text._Z12Update_widthv
                0x0000000008001324      0x1d8 build/Veno-Echo.o
                0x0000000008001324                Update_width()
 .text._Z20Update_crossfeedbackv
                0x00000000080014fc      0x15c build/Veno-Echo.o
                0x00000000080014fc                Update_crossfeedback()
 .text._Z18Update_filterXfadev
                0x0000000008001658      0x164 build/Veno-Echo.o
                0x0000000008001658                Update_filterXfade()
 .text._Z8GetModCVv
                0x00000000080017bc       0x30 build/Veno-Echo.o
                0x00000000080017bc                GetModCV()
 .text._Z10Update_Modv
                0x00000000080017ec       0x78 build/Veno-Echo.o
                0x00000000080017ec                Update_Mod()
 .text._Z11UpdateClockv
                0x0000000008001864       0x64 build/Veno-Echo.o
                0x0000000008001864                UpdateClock()
 .text._Z21Update_DelayBaseTempov
                0x00000000080018c8       0x28 build/Veno-Echo.o
                0x00000000080018c8                Update_DelayBaseTempo()
 .text._Z21Update_DelayTempoLEDsv
                0x00000000080018f0       0x24 build/Veno-Echo.o
                0x00000000080018f0                Update_DelayTempoLEDs()
 .text._Z19Update_BaseTempoLEDv
                0x0000000008001914       0x80 build/Veno-Echo.o
                0x0000000008001914                Update_BaseTempoLED()
 .text._Z13ApplySettingsRK8Settings
                0x0000000008001994      0x468 build/Veno-Echo.o
                0x0000000008001994                ApplySettings(Settings const&)
 .text.startup.main
                0x0000000008001dfc      0x6d8 build/Veno-Echo.o
                0x0000000008001dfc                main
 .text._Z12ResetAllLEDsv
                0x00000000080024d4       0x9c build/Veno-Echo.o
                0x00000000080024d4                ResetAllLEDs()
 .text._Z14Update_Buttonsv
                0x0000000008002570      0x2b4 build/Veno-Echo.o
                0x0000000008002570                Update_Buttons()
 .text._ZL13AudioCallbackPKPKfPPfj
                0x0000000008002824      0xcdc build/Veno-Echo.o
 .text.startup._GLOBAL__sub_I_delMemsL
                0x0000000008003500      0x474 build/Veno-Echo.o
 .text._Z5scalefff9CurveType
                0x0000000008003974       0xb0 build/scale.o
                0x0000000008003974                scale(float, float, float, CurveType)
 .text._ZN8Taptempo4initEmmfi
                0x0000000008003a24       0x44 build/taptempo.o
                0x0000000008003a24                Taptempo::init(unsigned long, unsigned long, float, int)
 .text._ZN8Taptempo3tapEv
                0x0000000008003a68       0x98 build/taptempo.o
                0x0000000008003a68                Taptempo::tap()
 .text._ZN8Taptempo5clockEm
                0x0000000008003b00       0x90 build/taptempo.o
                0x0000000008003b00                Taptempo::clock(unsigned long)
 .text._ZN8Taptempo14getDelayLengthEv
                0x0000000008003b90       0x58 build/taptempo.o
                0x0000000008003b90                Taptempo::getDelayLength()
 .text._ZN8Taptempo10getTapFreqEv
                0x0000000008003be8       0x1c build/taptempo.o
                0x0000000008003be8                Taptempo::getTapFreq()
 .text._ZN8Taptempo11setTapRatioEf
                0x0000000008003c04        0x8 build/taptempo.o
                0x0000000008003c04                Taptempo::setTapRatio(float)
 .text._ZN8Taptempo8setTempoEf
                0x0000000008003c0c        0x8 build/taptempo.o
                0x0000000008003c0c                Taptempo::setTempo(float)
 .text._ZN8Taptempo8getTempoEv
                0x0000000008003c14        0x8 build/taptempo.o
                0x0000000008003c14                Taptempo::getTempo()
 .text._ZN10DelayMulti4initE12dsy_gpio_pinf
                0x0000000008003c1c      0x130 build/DelayMulti.o
                0x0000000008003c1c                DelayMulti::init(dsy_gpio_pin, float)
 .text._ZN10DelayMulti9GetOutputEv
                0x0000000008003d4c      0x114 build/DelayMulti.o
                0x0000000008003d4c                DelayMulti::GetOutput()
 .text._ZN10DelayMulti14updateTempoLEDEb
                0x0000000008003e60       0x18 build/DelayMulti.o
                0x0000000008003e60                DelayMulti::updateTempoLED(bool)
 .text._ZN10DelayMulti5WriteERKf
                0x0000000008003e78       0x34 build/DelayMulti.o
                0x0000000008003e78                DelayMulti::Write(float const&)
 .text._ZN10DelayMulti6GetDivEf
                0x0000000008003eac      0x154 build/DelayMulti.o
                0x0000000008003eac                DelayMulti::GetDiv(float)
 .text._ZN10DelayMulti12SetDelayTimeEfb
                0x0000000008004000      0x118 build/DelayMulti.o
                0x0000000008004000                DelayMulti::SetDelayTime(float, bool)
 .text._ZN8TempoLED4initE12dsy_gpio_pinf
                0x0000000008004118       0x94 build/LEDs.o
                0x0000000008004118                TempoLED::init(dsy_gpio_pin, float)
 .text._ZN8TempoLED8setTempoEf
                0x00000000080041ac       0x14 build/LEDs.o
                0x00000000080041ac                TempoLED::setTempo(float)
 .text._ZN8TempoLED10resetPhaseEv
                0x00000000080041c0        0x8 build/LEDs.o
                0x00000000080041c0                TempoLED::resetPhase()
 .text._ZN8TempoLED6updateEv
                0x00000000080041c8       0x2c build/LEDs.o
                0x00000000080041c8                TempoLED::update()
 .text._ZN8TempoLED6updateE9TempoDivsf
                0x00000000080041f4       0x58 build/LEDs.o
                0x00000000080041f4                TempoLED::update(TempoDivs, float)
 .text._ZN8TempoLED7LED_setEf
                0x000000000800424c        0x4 build/LEDs.o
                0x000000000800424c                TempoLED::LED_set(float)
 .text._ZN8TempoLED5isEOCEv
                0x0000000008004250        0x8 build/LEDs.o
                0x0000000008004250                TempoLED::isEOC()
 .text._ZN9ButtonLED4initE12dsy_gpio_pinS0_NS_10SwitchTypeEf
                0x0000000008004258       0x54 build/LEDs.o
                0x0000000008004258                ButtonLED::init(dsy_gpio_pin, dsy_gpio_pin, ButtonLED::SwitchType, float)
 .text._ZN9ButtonLED6toggleEv
                0x00000000080042ac       0x24 build/LEDs.o
                0x00000000080042ac                ButtonLED::toggle()
 .text._ZN9ButtonLED6updateEv
                0x00000000080042d0       0x78 build/LEDs.o
                0x00000000080042d0                ButtonLED::update()
 .text._ZN9ButtonLED6turnONEv
                0x0000000008004348       0x10 build/LEDs.o
                0x0000000008004348                ButtonLED::turnON()
 .text._ZN9ButtonLED7turnOFFEv
                0x0000000008004358       0x14 build/LEDs.o
                0x0000000008004358                ButtonLED::turnOFF()
 .text._ZN9ButtonLED8getStateEv
                0x000000000800436c        0x4 build/LEDs.o
                0x000000000800436c                ButtonLED::getState()
 .text._ZN9ButtonLED10RisingEdgeEv
                0x0000000008004370       0x10 build/LEDs.o
                0x0000000008004370                ButtonLED::RisingEdge()
 .text._ZN9ButtonLED11FallingEdgeEv
                0x0000000008004380       0x10 build/LEDs.o
                0x0000000008004380                ButtonLED::FallingEdge()
 .text._ZN9ButtonLED7LED_setEf
                0x0000000008004390        0x8 build/LEDs.o
                0x0000000008004390                ButtonLED::LED_set(float)
 .text._Z12SaveSettingsRK8Settings
                0x0000000008004398       0x98 build/QSPI_Settings.o
                0x0000000008004398                SaveSettings(Settings const&)
 .text._Z12LoadSettingsv
                0x0000000008004430       0xa8 build/QSPI_Settings.o
                0x0000000008004430                LoadSettings()
 .text.startup._GLOBAL__sub_I_base
                0x00000000080044d8       0x20 build/QSPI_Settings.o
 .text._ZN7daisysp12Oscillator_p7ProcessEv
                0x00000000080044f8      0x3c4 build/oscillator_p.o
                0x00000000080044f8                daisysp::Oscillator_p::Process()
 .text._ZN7daisysp12Oscillator_p12CalcPhaseIncEf
                0x00000000080048bc       0x18 build/oscillator_p.o
                0x00000000080048bc                daisysp::Oscillator_p::CalcPhaseInc(float)
 .text._ZN5daisy9DaisySeed9ConfigureEv
                0x00000000080048d4        0x4 ../libdaisy/build/libdaisy.a(daisy_seed.o)
                0x00000000080048d4                daisy::DaisySeed::Configure()
 .text._ZN5daisy9DaisySeed6GetPinEh
                0x00000000080048d8       0x2c ../libdaisy/build/libdaisy.a(daisy_seed.o)
                0x00000000080048d8                daisy::DaisySeed::GetPin(unsigned char)
 .text._ZN5daisy9DaisySeed10StartAudioEPFvPKPKfPPfjE
                0x0000000008004904        0x8 ../libdaisy/build/libdaisy.a(daisy_seed.o)
                0x0000000008004904                daisy::DaisySeed::StartAudio(void (*)(float const* const*, float**, unsigned int))
 .text._ZN5daisy9DaisySeed15AudioSampleRateEv
                0x000000000800490c        0x8 ../libdaisy/build/libdaisy.a(daisy_seed.o)
                0x000000000800490c                daisy::DaisySeed::AudioSampleRate()
 .text._ZN5daisy9DaisySeed17SetAudioBlockSizeEj
                0x0000000008004914       0x38 ../libdaisy/build/libdaisy.a(daisy_seed.o)
                0x0000000008004914                daisy::DaisySeed::SetAudioBlockSize(unsigned int)
 .text._ZN5daisy9DaisySeed14ConfigureAudioEv
                0x000000000800494c       0xd0 ../libdaisy/build/libdaisy.a(daisy_seed.o)
                0x000000000800494c                daisy::DaisySeed::ConfigureAudio()
 .text._ZN5daisy9DaisySeed4InitEb
                0x0000000008004a1c       0xe0 ../libdaisy/build/libdaisy.a(daisy_seed.o)
                0x0000000008004a1c                daisy::DaisySeed::Init(bool)
 .text._ZN5daisy9DaisySeed9qspi_initEv
                0x0000000008004afc       0x1c ../libdaisy/build/libdaisy.a(daisy_seed.o)
                0x0000000008004afc                daisy::DaisySeed::qspi_init()
 .text._ZN5daisy9DaisySeed11qspi_deinitEv
                0x0000000008004b18        0x4 ../libdaisy/build/libdaisy.a(daisy_seed.o)
                0x0000000008004b18                daisy::DaisySeed::qspi_deinit()
 .text._ZN5daisy9DaisySeed25Set_QSPI_INDIRECT_POLLINGEv
                0x0000000008004b1c        0x8 ../libdaisy/build/libdaisy.a(daisy_seed.o)
                0x0000000008004b1c                daisy::DaisySeed::Set_QSPI_INDIRECT_POLLING()
 .text._ZN5daisy9DaisySeed22Set_QSPI_MAPPED_MEMORYEv
                0x0000000008004b24        0x8 ../libdaisy/build/libdaisy.a(daisy_seed.o)
                0x0000000008004b24                daisy::DaisySeed::Set_QSPI_MAPPED_MEMORY()
 .text._ZN5daisy6Ak45564InitE12dsy_gpio_pin
                0x0000000008004b2c       0x44 ../libdaisy/build/libdaisy.a(codec_ak4556.o)
                0x0000000008004b2c                daisy::Ak4556::Init(dsy_gpio_pin)
 .text._ZN5daisy6Wm873120WriteControlRegisterEht
                0x0000000008004b70       0x3c ../libdaisy/build/libdaisy.a(codec_wm8731.o)
                0x0000000008004b70                daisy::Wm8731::WriteControlRegister(unsigned char, unsigned short)
 .text._ZN5daisy6Wm87314InitERKNS0_6ConfigENS_9I2CHandleE
                0x0000000008004bac      0x1c0 ../libdaisy/build/libdaisy.a(codec_wm8731.o)
                0x0000000008004bac                daisy::Wm8731::Init(daisy::Wm8731::Config const&, daisy::I2CHandle)
 .text._ZN11SdramHandle10DeviceInitEv
                0x0000000008004d6c       0xa8 ../libdaisy/build/libdaisy.a(sdram.o)
                0x0000000008004d6c                SdramHandle::DeviceInit()
 .text._ZN11SdramHandle4InitEv
                0x0000000008004e14       0x84 ../libdaisy/build/libdaisy.a(sdram.o)
                0x0000000008004e14                SdramHandle::Init()
 .text.HAL_SDRAM_MspInit
                0x0000000008004e98      0x1a8 ../libdaisy/build/libdaisy.a(sdram.o)
                0x0000000008004e98                HAL_SDRAM_MspInit
 .text._ZN5daisy11AudioHandle4Impl16InternalCallbackEPlS2_j
                0x0000000008005040      0xc14 ../libdaisy/build/libdaisy.a(audio.o)
                0x0000000008005040                daisy::AudioHandle::Impl::InternalCallback(long*, long*, unsigned int)
 .text._ZN5daisy11AudioHandle4InitERKNS0_6ConfigENS_9SaiHandleE
                0x0000000008005c54       0x68 ../libdaisy/build/libdaisy.a(audio.o)
                0x0000000008005c54                daisy::AudioHandle::Init(daisy::AudioHandle::Config const&, daisy::SaiHandle)
 .text._ZNK5daisy11AudioHandle9GetConfigEv
                0x0000000008005cbc        0x8 ../libdaisy/build/libdaisy.a(audio.o)
                0x0000000008005cbc                daisy::AudioHandle::GetConfig() const
 .text._ZN5daisy11AudioHandle12SetBlockSizeEj
                0x0000000008005cc4       0x1c ../libdaisy/build/libdaisy.a(audio.o)
                0x0000000008005cc4                daisy::AudioHandle::SetBlockSize(unsigned int)
 .text._ZN5daisy11AudioHandle13GetSampleRateEv
                0x0000000008005ce0        0x8 ../libdaisy/build/libdaisy.a(audio.o)
                0x0000000008005ce0                daisy::AudioHandle::GetSampleRate()
 .text._ZN5daisy11AudioHandle5StartEPFvPKPKfPPfjE
                0x0000000008005ce8       0x44 ../libdaisy/build/libdaisy.a(audio.o)
                0x0000000008005ce8                daisy::AudioHandle::Start(void (*)(float const* const*, float**, unsigned int))
 .text.startup._GLOBAL__sub_I__ZN5daisy11AudioHandle4Impl4InitENS0_6ConfigENS_9SaiHandleE
                0x0000000008005d2c       0x10 ../libdaisy/build/libdaisy.a(audio.o)
 .text._ZN5daisy6GateIn4InitEP12dsy_gpio_pin
                0x0000000008005d3c       0x10 ../libdaisy/build/libdaisy.a(gatein.o)
                0x0000000008005d3c                daisy::GateIn::Init(dsy_gpio_pin*)
 .text._ZN5daisy6GateIn4TrigEv
                0x0000000008005d4c       0x28 ../libdaisy/build/libdaisy.a(gatein.o)
                0x0000000008005d4c                daisy::GateIn::Trig()
 .text._ZN5daisy3Led4InitE12dsy_gpio_pinbf
                0x0000000008005d74       0x48 ../libdaisy/build/libdaisy.a(led.o)
                0x0000000008005d74                daisy::Led::Init(dsy_gpio_pin, bool, float)
 .text._ZN5daisy3Led3SetEf
                0x0000000008005dbc       0x24 ../libdaisy/build/libdaisy.a(led.o)
                0x0000000008005dbc                daisy::Led::Set(float)
 .text._ZN5daisy3Led6UpdateEv
                0x0000000008005de0       0x48 ../libdaisy/build/libdaisy.a(led.o)
                0x0000000008005de0                daisy::Led::Update()
 .text._ZN5daisy6Switch4InitE12dsy_gpio_pinfNS0_4TypeENS0_8PolarityENS0_4PullE
                0x0000000008005e28       0x58 ../libdaisy/build/libdaisy.a(switch.o)
                0x0000000008005e28                daisy::Switch::Init(dsy_gpio_pin, float, daisy::Switch::Type, daisy::Switch::Polarity, daisy::Switch::Pull)
 .text._ZN5daisy6Switch4InitE12dsy_gpio_pinf
                0x0000000008005e80       0x28 ../libdaisy/build/libdaisy.a(switch.o)
                0x0000000008005e80                daisy::Switch::Init(dsy_gpio_pin, float)
 .text._ZN5daisy6Switch8DebounceEv
                0x0000000008005ea8       0x48 ../libdaisy/build/libdaisy.a(switch.o)
                0x0000000008005ea8                daisy::Switch::Debounce()
 .text._ZN5daisy16AdcChannelConfig10InitSingleE12dsy_gpio_pin
                0x0000000008005ef0       0x1c ../libdaisy/build/libdaisy.a(adc.o)
                0x0000000008005ef0                daisy::AdcChannelConfig::InitSingle(dsy_gpio_pin)
 .text._ZN5daisy16AdcChannelConfig7InitMuxE12dsy_gpio_pinjS1_S1_S1_
                0x0000000008005f0c       0x74 ../libdaisy/build/libdaisy.a(adc.o)
                0x0000000008005f0c                daisy::AdcChannelConfig::InitMux(dsy_gpio_pin, unsigned int, dsy_gpio_pin, dsy_gpio_pin, dsy_gpio_pin)
 .text._ZN5daisy9AdcHandle4InitEPNS_16AdcChannelConfigEjNS0_12OverSamplingE
                0x0000000008005f80      0x3e8 ../libdaisy/build/libdaisy.a(adc.o)
                0x0000000008005f80                daisy::AdcHandle::Init(daisy::AdcChannelConfig*, unsigned int, daisy::AdcHandle::OverSampling)
 .text._ZN5daisy9AdcHandle5StartEv
                0x0000000008006368       0x2c ../libdaisy/build/libdaisy.a(adc.o)
                0x0000000008006368                daisy::AdcHandle::Start()
 .text._ZNK5daisy9AdcHandle8GetFloatEh
                0x0000000008006394       0x20 ../libdaisy/build/libdaisy.a(adc.o)
                0x0000000008006394                daisy::AdcHandle::GetFloat(unsigned char) const
 .text._ZNK5daisy9AdcHandle11GetMuxFloatEhh
                0x00000000080063b4       0x20 ../libdaisy/build/libdaisy.a(adc.o)
                0x00000000080063b4                daisy::AdcHandle::GetMuxFloat(unsigned char, unsigned char) const
 .text.HAL_ADC_MspInit
                0x00000000080063d4       0x9c ../libdaisy/build/libdaisy.a(adc.o)
                0x00000000080063d4                HAL_ADC_MspInit
 .text.DMA1_Stream2_IRQHandler
                0x0000000008006470        0xc ../libdaisy/build/libdaisy.a(adc.o)
                0x0000000008006470                DMA1_Stream2_IRQHandler
 .text.HAL_ADC_ConvCpltCallback
                0x000000000800647c      0x148 ../libdaisy/build/libdaisy.a(adc.o)
                0x000000000800647c                HAL_ADC_ConvCpltCallback
 .text.HAL_ADC_ErrorCallback
                0x00000000080065c4        0x4 ../libdaisy/build/libdaisy.a(adc.o)
                0x00000000080065c4                HAL_ADC_ErrorCallback
 .text.dsy_gpio_init
                0x00000000080065c8      0x1b8 ../libdaisy/build/libdaisy.a(gpio.o)
                0x00000000080065c8                dsy_gpio_init
 .text.dsy_gpio_read
                0x0000000008006780       0x1c ../libdaisy/build/libdaisy.a(gpio.o)
                0x0000000008006780                dsy_gpio_read
 .text.dsy_gpio_write
                0x000000000800679c       0x24 ../libdaisy/build/libdaisy.a(gpio.o)
                0x000000000800679c                dsy_gpio_write
 .text._ZN5daisy9I2CHandle4Impl8InitPinsEv
                0x00000000080067c0       0x58 ../libdaisy/build/libdaisy.a(i2c.o)
                0x00000000080067c0                daisy::I2CHandle::Impl::InitPins()
 .text.HAL_I2C_MspInit
                0x0000000008006818      0x1b4 ../libdaisy/build/libdaisy.a(i2c.o)
                0x0000000008006818                HAL_I2C_MspInit
 .text.dsy_i2c_global_init
                0x00000000080069cc       0x8c ../libdaisy/build/libdaisy.a(i2c.o)
                0x00000000080069cc                dsy_i2c_global_init
 .text.DMA1_Stream6_IRQHandler
                0x0000000008006a58       0x34 ../libdaisy/build/libdaisy.a(i2c.o)
                0x0000000008006a58                DMA1_Stream6_IRQHandler
 .text.I2C1_EV_IRQHandler
                0x0000000008006a8c        0xc ../libdaisy/build/libdaisy.a(i2c.o)
                0x0000000008006a8c                I2C1_EV_IRQHandler
 .text.I2C2_EV_IRQHandler
                0x0000000008006a98        0xc ../libdaisy/build/libdaisy.a(i2c.o)
                0x0000000008006a98                I2C2_EV_IRQHandler
 .text.I2C3_EV_IRQHandler
                0x0000000008006aa4        0xc ../libdaisy/build/libdaisy.a(i2c.o)
                0x0000000008006aa4                I2C3_EV_IRQHandler
 .text._ZN5daisy9I2CHandle4InitERKNS0_6ConfigE
                0x0000000008006ab0      0x12c ../libdaisy/build/libdaisy.a(i2c.o)
                0x0000000008006ab0                daisy::I2CHandle::Init(daisy::I2CHandle::Config const&)
 .text._ZN5daisy9I2CHandle16TransmitBlockingEtPhtm
                0x0000000008006bdc       0x4c ../libdaisy/build/libdaisy.a(i2c.o)
                0x0000000008006bdc                daisy::I2CHandle::TransmitBlocking(unsigned short, unsigned char*, unsigned short, unsigned long)
 .text.startup._GLOBAL__sub_I__ZN5daisy9I2CHandle4Impl10GlobalInitEv
                0x0000000008006c28       0x18 ../libdaisy/build/libdaisy.a(i2c.o)
 .text._ZN5daisy10QSPIHandle4Impl11WriteEnableEv
                0x0000000008006c40       0x8c ../libdaisy/build/libdaisy.a(qspi.o)
                0x0000000008006c40                daisy::QSPIHandle::Impl::WriteEnable()
 .text._ZN5daisy10QSPIHandle4Impl17DummyCyclesConfigENS0_6Config6DeviceE
                0x0000000008006ccc      0x10c ../libdaisy/build/libdaisy.a(qspi.o)
                0x0000000008006ccc                daisy::QSPIHandle::Impl::DummyCyclesConfig(daisy::QSPIHandle::Config::Device)
 .text._ZN5daisy10QSPIHandle4Impl10QuadEnableEv
                0x0000000008006dd8      0x16c ../libdaisy/build/libdaisy.a(qspi.o)
                0x0000000008006dd8                daisy::QSPIHandle::Impl::QuadEnable()
 .text._ZN5daisy10QSPIHandle4Impl4InitERKNS0_6ConfigE
                0x0000000008006f44      0x1ac ../libdaisy/build/libdaisy.a(qspi.o)
                0x0000000008006f44                daisy::QSPIHandle::Impl::Init(daisy::QSPIHandle::Config const&)
 .text._ZN5daisy10QSPIHandle4Impl9WritePageEmmPhb
                0x00000000080070f0      0x1d0 ../libdaisy/build/libdaisy.a(qspi.o)
                0x00000000080070f0                daisy::QSPIHandle::Impl::WritePage(unsigned long, unsigned long, unsigned char*, bool)
 .text._ZN5daisy10QSPIHandle4Impl7SetModeENS0_6Config4ModeE.part.0
                0x00000000080072c0      0x188 ../libdaisy/build/libdaisy.a(qspi.o)
 .text._ZN5daisy10QSPIHandle4Impl5WriteEmmPh
                0x0000000008007448      0x310 ../libdaisy/build/libdaisy.a(qspi.o)
                0x0000000008007448                daisy::QSPIHandle::Impl::Write(unsigned long, unsigned long, unsigned char*)
 .text._ZN5daisy10QSPIHandle4InitERKNS0_6ConfigE
                0x0000000008007758      0x1b0 ../libdaisy/build/libdaisy.a(qspi.o)
                0x0000000008007758                daisy::QSPIHandle::Init(daisy::QSPIHandle::Config const&)
 .text._ZN5daisy10QSPIHandle6DeInitEv
                0x0000000008007908       0x30 ../libdaisy/build/libdaisy.a(qspi.o)
                0x0000000008007908                daisy::QSPIHandle::DeInit()
 .text._ZN5daisy10QSPIHandle5WriteEmmPh
                0x0000000008007938        0x8 ../libdaisy/build/libdaisy.a(qspi.o)
                0x0000000008007938                daisy::QSPIHandle::Write(unsigned long, unsigned long, unsigned char*)
 .text._ZN5daisy10QSPIHandle5EraseEmm
                0x0000000008007940      0x1d8 ../libdaisy/build/libdaisy.a(qspi.o)
                0x0000000008007940                daisy::QSPIHandle::Erase(unsigned long, unsigned long)
 .text.HAL_QSPI_MspInit
                0x0000000008007b18      0x11c ../libdaisy/build/libdaisy.a(qspi.o)
                0x0000000008007b18                HAL_QSPI_MspInit
 .text.HAL_QSPI_MspDeInit
                0x0000000008007c34       0x54 ../libdaisy/build/libdaisy.a(qspi.o)
                0x0000000008007c34                HAL_QSPI_MspDeInit
 .text.QUADSPI_IRQHandler
                0x0000000008007c88        0xc ../libdaisy/build/libdaisy.a(qspi.o)
                0x0000000008007c88                QUADSPI_IRQHandler
 .text.startup._GLOBAL__sub_I__ZN5daisy10QSPIHandle4Impl4InitERKNS0_6ConfigE
                0x0000000008007c94       0x28 ../libdaisy/build/libdaisy.a(qspi.o)
 .text._ZN5daisy9SaiHandle4Impl7InitDmaENS1_15PeripheralBlockE
                0x0000000008007cbc       0xa0 ../libdaisy/build/libdaisy.a(sai.o)
                0x0000000008007cbc                daisy::SaiHandle::Impl::InitDma(daisy::SaiHandle::Impl::PeripheralBlock)
 .text._ZN5daisy9SaiHandle4Impl8InitPinsEv
                0x0000000008007d5c       0xa8 ../libdaisy/build/libdaisy.a(sai.o)
                0x0000000008007d5c                daisy::SaiHandle::Impl::InitPins()
 .text.HAL_SAI_MspInit
                0x0000000008007e04      0x164 ../libdaisy/build/libdaisy.a(sai.o)
                0x0000000008007e04                HAL_SAI_MspInit
 .text.DMA1_Stream0_IRQHandler
                0x0000000008007f68        0xc ../libdaisy/build/libdaisy.a(sai.o)
                0x0000000008007f68                DMA1_Stream0_IRQHandler
 .text.DMA1_Stream1_IRQHandler
                0x0000000008007f74        0xc ../libdaisy/build/libdaisy.a(sai.o)
                0x0000000008007f74                DMA1_Stream1_IRQHandler
 .text.DMA1_Stream3_IRQHandler
                0x0000000008007f80        0xc ../libdaisy/build/libdaisy.a(sai.o)
                0x0000000008007f80                DMA1_Stream3_IRQHandler
 .text.DMA1_Stream4_IRQHandler
                0x0000000008007f8c        0xc ../libdaisy/build/libdaisy.a(sai.o)
                0x0000000008007f8c                DMA1_Stream4_IRQHandler
 .text.HAL_SAI_RxHalfCpltCallback
                0x0000000008007f98       0x78 ../libdaisy/build/libdaisy.a(sai.o)
                0x0000000008007f98                HAL_SAI_RxHalfCpltCallback
 .text.HAL_SAI_RxCpltCallback
                0x0000000008008010       0x70 ../libdaisy/build/libdaisy.a(sai.o)
                0x0000000008008010                HAL_SAI_RxCpltCallback
 .text._ZN5daisy9SaiHandle4InitERKNS0_6ConfigE
                0x0000000008008080      0x1e0 ../libdaisy/build/libdaisy.a(sai.o)
                0x0000000008008080                daisy::SaiHandle::Init(daisy::SaiHandle::Config const&)
 .text._ZNK5daisy9SaiHandle9GetConfigEv
                0x0000000008008260        0x4 ../libdaisy/build/libdaisy.a(sai.o)
                0x0000000008008260                daisy::SaiHandle::GetConfig() const
 .text._ZN5daisy9SaiHandle8StartDmaEPlS1_jPFvS1_S1_jE
                0x0000000008008264       0xbc ../libdaisy/build/libdaisy.a(sai.o)
                0x0000000008008264                daisy::SaiHandle::StartDma(long*, long*, unsigned int, void (*)(long*, long*, unsigned int))
 .text._ZN5daisy9SaiHandle13GetSampleRateEv
                0x0000000008008320       0x24 ../libdaisy/build/libdaisy.a(sai.o)
                0x0000000008008320                daisy::SaiHandle::GetSampleRate()
 .text._ZNK5daisy9SaiHandle9GetOffsetEv
                0x0000000008008344        0x8 ../libdaisy/build/libdaisy.a(sai.o)
                0x0000000008008344                daisy::SaiHandle::GetOffset() const
 .text._ZN5daisy11TimerHandleD2Ev
                0x000000000800834c        0x4 ../libdaisy/build/libdaisy.a(system.o)
                0x000000000800834c                daisy::TimerHandle::~TimerHandle()
                0x000000000800834c                daisy::TimerHandle::~TimerHandle()
 .text.SysTick_Handler
                0x0000000008008350       0x10 ../libdaisy/build/libdaisy.a(system.o)
                0x0000000008008350                SysTick_Handler
 .text.OTG_HS_EP1_OUT_IRQHandler
                0x0000000008008360       0x24 ../libdaisy/build/libdaisy.a(system.o)
                0x0000000008008360                OTG_HS_EP1_OUT_IRQHandler
 .text.OTG_HS_EP1_IN_IRQHandler
                0x0000000008008384       0x24 ../libdaisy/build/libdaisy.a(system.o)
                0x0000000008008384                OTG_HS_EP1_IN_IRQHandler
 .text.OTG_HS_IRQHandler
                0x00000000080083a8       0x24 ../libdaisy/build/libdaisy.a(system.o)
                0x00000000080083a8                OTG_HS_IRQHandler
 .text.HardFault_Handler
                0x00000000080083cc        0x4 ../libdaisy/build/libdaisy.a(system.o)
                0x00000000080083cc                HardFault_Handler
 .text._ZN5daisy6System6GetNowEv
                0x00000000080083d0        0x4 ../libdaisy/build/libdaisy.a(system.o)
                0x00000000080083d0                daisy::System::GetNow()
 .text._ZN5daisy6System5GetUsEv
                0x00000000080083d4        0xc ../libdaisy/build/libdaisy.a(system.o)
                0x00000000080083d4                daisy::System::GetUs()
 .text._ZN5daisy6System5DelayEm
                0x00000000080083e0        0x4 ../libdaisy/build/libdaisy.a(system.o)
                0x00000000080083e0                daisy::System::Delay(unsigned long)
 *fill*         0x00000000080083e4        0x4 
 .text._ZN5daisy6System15ConfigureClocksEv
                0x00000000080083e8      0x1c4 ../libdaisy/build/libdaisy.a(system.o)
                0x00000000080083e8                daisy::System::ConfigureClocks()
 .text._ZN5daisy6System4InitERKNS0_6ConfigE
                0x00000000080085ac      0x128 ../libdaisy/build/libdaisy.a(system.o)
                0x00000000080085ac                daisy::System::Init(daisy::System::Config const&)
 .text._ZN5daisy6System12GetPClk1FreqEv
                0x00000000080086d4        0x4 ../libdaisy/build/libdaisy.a(system.o)
                0x00000000080086d4                daisy::System::GetPClk1Freq()
 .text._ZN5daisy6System22GetProgramMemoryRegionEv
                0x00000000080086d8       0x78 ../libdaisy/build/libdaisy.a(system.o)
                0x00000000080086d8                daisy::System::GetProgramMemoryRegion()
 .text.startup._GLOBAL__sub_I_SysTick_Handler
                0x0000000008008750       0x1c ../libdaisy/build/libdaisy.a(system.o)
 .text.SystemInit
                0x000000000800876c       0x98 ../libdaisy/build/libdaisy.a(system_stm32h7xx.o)
                0x000000000800876c                SystemInit
 .text.HAL_PCD_SetupStageCallback
                0x0000000008008804        0xc ../libdaisy/build/libdaisy.a(usbd_conf.o)
                0x0000000008008804                HAL_PCD_SetupStageCallback
 .text.HAL_PCD_DataOutStageCallback
                0x0000000008008810       0x14 ../libdaisy/build/libdaisy.a(usbd_conf.o)
                0x0000000008008810                HAL_PCD_DataOutStageCallback
 .text.HAL_PCD_DataInStageCallback
                0x0000000008008824       0x14 ../libdaisy/build/libdaisy.a(usbd_conf.o)
                0x0000000008008824                HAL_PCD_DataInStageCallback
 .text.HAL_PCD_SOFCallback
                0x0000000008008838        0x8 ../libdaisy/build/libdaisy.a(usbd_conf.o)
                0x0000000008008838                HAL_PCD_SOFCallback
 .text.HAL_PCD_ResetCallback
                0x0000000008008840       0x24 ../libdaisy/build/libdaisy.a(usbd_conf.o)
                0x0000000008008840                HAL_PCD_ResetCallback
 .text.HAL_PCD_SuspendCallback
                0x0000000008008864       0x30 ../libdaisy/build/libdaisy.a(usbd_conf.o)
                0x0000000008008864                HAL_PCD_SuspendCallback
 .text.HAL_PCD_ResumeCallback
                0x0000000008008894        0x8 ../libdaisy/build/libdaisy.a(usbd_conf.o)
                0x0000000008008894                HAL_PCD_ResumeCallback
 .text.HAL_PCD_ISOOUTIncompleteCallback
                0x000000000800889c        0x8 ../libdaisy/build/libdaisy.a(usbd_conf.o)
                0x000000000800889c                HAL_PCD_ISOOUTIncompleteCallback
 .text.HAL_PCD_ISOINIncompleteCallback
                0x00000000080088a4        0x8 ../libdaisy/build/libdaisy.a(usbd_conf.o)
                0x00000000080088a4                HAL_PCD_ISOINIncompleteCallback
 .text.HAL_PCD_ConnectCallback
                0x00000000080088ac        0x8 ../libdaisy/build/libdaisy.a(usbd_conf.o)
                0x00000000080088ac                HAL_PCD_ConnectCallback
 .text.HAL_PCD_DisconnectCallback
                0x00000000080088b4        0x8 ../libdaisy/build/libdaisy.a(usbd_conf.o)
                0x00000000080088b4                HAL_PCD_DisconnectCallback
 .text.USBD_LL_OpenEP
                0x00000000080088bc       0x24 ../libdaisy/build/libdaisy.a(usbd_conf.o)
                0x00000000080088bc                USBD_LL_OpenEP
 .text.USBD_LL_StallEP
                0x00000000080088e0       0x1c ../libdaisy/build/libdaisy.a(usbd_conf.o)
                0x00000000080088e0                USBD_LL_StallEP
 .text.USBD_LL_ClearStallEP
                0x00000000080088fc       0x1c ../libdaisy/build/libdaisy.a(usbd_conf.o)
                0x00000000080088fc                USBD_LL_ClearStallEP
 .text.USBD_LL_IsStallEP
                0x0000000008008918       0x28 ../libdaisy/build/libdaisy.a(usbd_conf.o)
                0x0000000008008918                USBD_LL_IsStallEP
 .text.USBD_LL_SetUSBAddress
                0x0000000008008940       0x1c ../libdaisy/build/libdaisy.a(usbd_conf.o)
                0x0000000008008940                USBD_LL_SetUSBAddress
 .text.USBD_LL_Transmit
                0x000000000800895c       0x1c ../libdaisy/build/libdaisy.a(usbd_conf.o)
                0x000000000800895c                USBD_LL_Transmit
 .text.USBD_LL_PrepareReceive
                0x0000000008008978       0x1c ../libdaisy/build/libdaisy.a(usbd_conf.o)
                0x0000000008008978                USBD_LL_PrepareReceive
 .text.HAL_HCD_SOF_Callback
                0x0000000008008994        0x8 ../libdaisy/build/libdaisy.a(usbh_conf.o)
                0x0000000008008994                HAL_HCD_SOF_Callback
 .text.HAL_HCD_Connect_Callback
                0x000000000800899c        0x8 ../libdaisy/build/libdaisy.a(usbh_conf.o)
                0x000000000800899c                HAL_HCD_Connect_Callback
 .text.HAL_HCD_Disconnect_Callback
                0x00000000080089a4        0x8 ../libdaisy/build/libdaisy.a(usbh_conf.o)
                0x00000000080089a4                HAL_HCD_Disconnect_Callback
 .text.HAL_HCD_HC_NotifyURBChange_Callback
                0x00000000080089ac        0x4 ../libdaisy/build/libdaisy.a(usbh_conf.o)
                0x00000000080089ac                HAL_HCD_HC_NotifyURBChange_Callback
 .text.HAL_HCD_PortEnabled_Callback
                0x00000000080089b0        0x8 ../libdaisy/build/libdaisy.a(usbh_conf.o)
                0x00000000080089b0                HAL_HCD_PortEnabled_Callback
 .text.HAL_HCD_PortDisabled_Callback
                0x00000000080089b8        0x8 ../libdaisy/build/libdaisy.a(usbh_conf.o)
                0x00000000080089b8                HAL_HCD_PortDisabled_Callback
 .text.USBH_LL_Stop
                0x00000000080089c0       0x1c ../libdaisy/build/libdaisy.a(usbh_conf.o)
                0x00000000080089c0                USBH_LL_Stop
 .text.dsy_hal_map_get_port
                0x00000000080089dc       0x10 ../libdaisy/build/libdaisy.a(hal_map.o)
                0x00000000080089dc                dsy_hal_map_get_port
 .text.dsy_hal_map_get_pin
                0x00000000080089ec       0x10 ../libdaisy/build/libdaisy.a(hal_map.o)
                0x00000000080089ec                dsy_hal_map_get_pin
 .text.dsy_hal_map_gpio_clk_enable
                0x00000000080089fc      0x150 ../libdaisy/build/libdaisy.a(hal_map.o)
                0x00000000080089fc                dsy_hal_map_gpio_clk_enable
 .text.HAL_MspInit
                0x0000000008008b4c        0x4 ../libdaisy/build/libdaisy.a(stm32h7xx_hal.o)
                0x0000000008008b4c                HAL_MspInit
 .text.HAL_InitTick
                0x0000000008008b50       0x4c ../libdaisy/build/libdaisy.a(stm32h7xx_hal.o)
                0x0000000008008b50                HAL_InitTick
 .text.HAL_Init
                0x0000000008008b9c       0x5c ../libdaisy/build/libdaisy.a(stm32h7xx_hal.o)
                0x0000000008008b9c                HAL_Init
 .text.HAL_IncTick
                0x0000000008008bf8       0x18 ../libdaisy/build/libdaisy.a(stm32h7xx_hal.o)
                0x0000000008008bf8                HAL_IncTick
 .text.HAL_GetTick
                0x0000000008008c10        0xc ../libdaisy/build/libdaisy.a(stm32h7xx_hal.o)
                0x0000000008008c10                HAL_GetTick
 .text.HAL_Delay
                0x0000000008008c1c       0x24 ../libdaisy/build/libdaisy.a(stm32h7xx_hal.o)
                0x0000000008008c1c                HAL_Delay
 .text.HAL_GetREVID
                0x0000000008008c40        0xc ../libdaisy/build/libdaisy.a(stm32h7xx_hal.o)
                0x0000000008008c40                HAL_GetREVID
 .text.HAL_ADC_ConvHalfCpltCallback
                0x0000000008008c4c        0x4 ../libdaisy/build/libdaisy.a(stm32h7xx_hal_adc.o)
                0x0000000008008c4c                HAL_ADC_ConvHalfCpltCallback
 .text.ADC_DMAHalfConvCplt
                0x0000000008008c50        0xc ../libdaisy/build/libdaisy.a(stm32h7xx_hal_adc.o)
                0x0000000008008c50                ADC_DMAHalfConvCplt
 .text.ADC_DMAConvCplt
                0x0000000008008c5c       0x6c ../libdaisy/build/libdaisy.a(stm32h7xx_hal_adc.o)
                0x0000000008008c5c                ADC_DMAConvCplt
 .text.ADC_DMAError
                0x0000000008008cc8       0x1c ../libdaisy/build/libdaisy.a(stm32h7xx_hal_adc.o)
                0x0000000008008cc8                ADC_DMAError
 .text.HAL_ADC_ConfigChannel
                0x0000000008008ce4      0x3fc ../libdaisy/build/libdaisy.a(stm32h7xx_hal_adc.o)
                0x0000000008008ce4                HAL_ADC_ConfigChannel
 .text.ADC_Enable
                0x00000000080090e0       0xac ../libdaisy/build/libdaisy.a(stm32h7xx_hal_adc.o)
                0x00000000080090e0                ADC_Enable
 .text.HAL_ADC_Start_DMA
                0x000000000800918c      0x118 ../libdaisy/build/libdaisy.a(stm32h7xx_hal_adc.o)
                0x000000000800918c                HAL_ADC_Start_DMA
 .text.ADC_Disable
                0x00000000080092a4       0x68 ../libdaisy/build/libdaisy.a(stm32h7xx_hal_adc.o)
                0x00000000080092a4                ADC_Disable
 .text.ADC_ConfigureBoostMode
                0x000000000800930c      0x190 ../libdaisy/build/libdaisy.a(stm32h7xx_hal_adc.o)
                0x000000000800930c                ADC_ConfigureBoostMode
 .text.HAL_ADC_Init
                0x000000000800949c      0x214 ../libdaisy/build/libdaisy.a(stm32h7xx_hal_adc.o)
                0x000000000800949c                HAL_ADC_Init
 .text.HAL_ADCEx_Calibration_Start
                0x00000000080096b0       0xa4 ../libdaisy/build/libdaisy.a(stm32h7xx_hal_adc_ex.o)
                0x00000000080096b0                HAL_ADCEx_Calibration_Start
 .text.HAL_ADCEx_MultiModeConfigChannel
                0x0000000008009754       0xc4 ../libdaisy/build/libdaisy.a(stm32h7xx_hal_adc_ex.o)
                0x0000000008009754                HAL_ADCEx_MultiModeConfigChannel
 .text.HAL_NVIC_SetPriorityGrouping
                0x0000000008009818       0x28 ../libdaisy/build/libdaisy.a(stm32h7xx_hal_cortex.o)
                0x0000000008009818                HAL_NVIC_SetPriorityGrouping
 .text.HAL_NVIC_SetPriority
                0x0000000008009840       0x74 ../libdaisy/build/libdaisy.a(stm32h7xx_hal_cortex.o)
                0x0000000008009840                HAL_NVIC_SetPriority
 .text.HAL_NVIC_EnableIRQ
                0x00000000080098b4       0x1c ../libdaisy/build/libdaisy.a(stm32h7xx_hal_cortex.o)
                0x00000000080098b4                HAL_NVIC_EnableIRQ
 .text.HAL_NVIC_DisableIRQ
                0x00000000080098d0       0x28 ../libdaisy/build/libdaisy.a(stm32h7xx_hal_cortex.o)
                0x00000000080098d0                HAL_NVIC_DisableIRQ
 .text.HAL_SYSTICK_Config
                0x00000000080098f8       0x30 ../libdaisy/build/libdaisy.a(stm32h7xx_hal_cortex.o)
                0x00000000080098f8                HAL_SYSTICK_Config
 .text.HAL_MPU_Disable
                0x0000000008009928       0x20 ../libdaisy/build/libdaisy.a(stm32h7xx_hal_cortex.o)
                0x0000000008009928                HAL_MPU_Disable
 .text.HAL_MPU_Enable
                0x0000000008009948       0x24 ../libdaisy/build/libdaisy.a(stm32h7xx_hal_cortex.o)
                0x0000000008009948                HAL_MPU_Enable
 .text.HAL_MPU_ConfigRegion
                0x000000000800996c       0x50 ../libdaisy/build/libdaisy.a(stm32h7xx_hal_cortex.o)
                0x000000000800996c                HAL_MPU_ConfigRegion
 .text.HAL_SYSTICK_Callback
                0x00000000080099bc        0x4 ../libdaisy/build/libdaisy.a(stm32h7xx_hal_cortex.o)
                0x00000000080099bc                HAL_SYSTICK_Callback
 .text.HAL_SYSTICK_IRQHandler
                0x00000000080099c0        0x8 ../libdaisy/build/libdaisy.a(stm32h7xx_hal_cortex.o)
                0x00000000080099c0                HAL_SYSTICK_IRQHandler
 .text.DMA_CalcBaseAndBitshift
                0x00000000080099c8       0xf8 ../libdaisy/build/libdaisy.a(stm32h7xx_hal_dma.o)
 .text.DMA_CalcDMAMUXChannelBaseAndMask
                0x0000000008009ac0       0xd8 ../libdaisy/build/libdaisy.a(stm32h7xx_hal_dma.o)
 .text.HAL_DMA_Init
                0x0000000008009b98      0x394 ../libdaisy/build/libdaisy.a(stm32h7xx_hal_dma.o)
                0x0000000008009b98                HAL_DMA_Init
 .text.HAL_DMA_Start_IT
                0x0000000008009f2c      0x250 ../libdaisy/build/libdaisy.a(stm32h7xx_hal_dma.o)
                0x0000000008009f2c                HAL_DMA_Start_IT
 .text.HAL_DMA_Abort_IT
                0x000000000800a17c      0x13c ../libdaisy/build/libdaisy.a(stm32h7xx_hal_dma.o)
                0x000000000800a17c                HAL_DMA_Abort_IT
 .text.HAL_DMA_IRQHandler
                0x000000000800a2b8      0x6bc ../libdaisy/build/libdaisy.a(stm32h7xx_hal_dma.o)
                0x000000000800a2b8                HAL_DMA_IRQHandler
 .text.HAL_DMA_GetError
                0x000000000800a974        0x4 ../libdaisy/build/libdaisy.a(stm32h7xx_hal_dma.o)
                0x000000000800a974                HAL_DMA_GetError
 .text.HAL_GPIO_Init
                0x000000000800a978      0x248 ../libdaisy/build/libdaisy.a(stm32h7xx_hal_gpio.o)
                0x000000000800a978                HAL_GPIO_Init
 .text.HAL_GPIO_DeInit
                0x000000000800abc0      0x19c ../libdaisy/build/libdaisy.a(stm32h7xx_hal_gpio.o)
                0x000000000800abc0                HAL_GPIO_DeInit
 .text.HAL_GPIO_ReadPin
                0x000000000800ad5c        0xc ../libdaisy/build/libdaisy.a(stm32h7xx_hal_gpio.o)
                0x000000000800ad5c                HAL_GPIO_ReadPin
 .text.HAL_GPIO_WritePin
                0x000000000800ad68        0x8 ../libdaisy/build/libdaisy.a(stm32h7xx_hal_gpio.o)
                0x000000000800ad68                HAL_GPIO_WritePin
 .text.HAL_HCD_IRQHandler
                0x000000000800ad70      0x784 ../libdaisy/build/libdaisy.a(stm32h7xx_hal_hcd.o)
                0x000000000800ad70                HAL_HCD_IRQHandler
 .text.HAL_HCD_Stop
                0x000000000800b4f4       0x24 ../libdaisy/build/libdaisy.a(stm32h7xx_hal_hcd.o)
                0x000000000800b4f4                HAL_HCD_Stop
 .text.I2C_WaitOnTXISFlagUntilTimeout
                0x000000000800b518       0xb8 ../libdaisy/build/libdaisy.a(stm32h7xx_hal_i2c.o)
 .text.I2C_WaitOnSTOPFlagUntilTimeout
                0x000000000800b5d0       0xac ../libdaisy/build/libdaisy.a(stm32h7xx_hal_i2c.o)
 .text.HAL_I2C_Init
                0x000000000800b67c       0xa8 ../libdaisy/build/libdaisy.a(stm32h7xx_hal_i2c.o)
                0x000000000800b67c                HAL_I2C_Init
 .text.HAL_I2C_Master_Transmit
                0x000000000800b724      0x1b4 ../libdaisy/build/libdaisy.a(stm32h7xx_hal_i2c.o)
                0x000000000800b724                HAL_I2C_Master_Transmit
 .text.HAL_I2C_Slave_Transmit
                0x000000000800b8d8      0x1c4 ../libdaisy/build/libdaisy.a(stm32h7xx_hal_i2c.o)
                0x000000000800b8d8                HAL_I2C_Slave_Transmit
 .text.HAL_I2C_EV_IRQHandler
                0x000000000800ba9c       0x10 ../libdaisy/build/libdaisy.a(stm32h7xx_hal_i2c.o)
                0x000000000800ba9c                HAL_I2C_EV_IRQHandler
 .text.HAL_I2C_GetState
                0x000000000800baac        0x8 ../libdaisy/build/libdaisy.a(stm32h7xx_hal_i2c.o)
                0x000000000800baac                HAL_I2C_GetState
 .text.HAL_I2CEx_ConfigAnalogFilter
                0x000000000800bab4       0x58 ../libdaisy/build/libdaisy.a(stm32h7xx_hal_i2c_ex.o)
                0x000000000800bab4                HAL_I2CEx_ConfigAnalogFilter
 .text.HAL_I2CEx_ConfigDigitalFilter
                0x000000000800bb0c       0x54 ../libdaisy/build/libdaisy.a(stm32h7xx_hal_i2c_ex.o)
                0x000000000800bb0c                HAL_I2CEx_ConfigDigitalFilter
 .text.HAL_PCD_IRQHandler
                0x000000000800bb60      0x6bc ../libdaisy/build/libdaisy.a(stm32h7xx_hal_pcd.o)
                0x000000000800bb60                HAL_PCD_IRQHandler
 .text.HAL_PCD_SetAddress
                0x000000000800c21c       0x28 ../libdaisy/build/libdaisy.a(stm32h7xx_hal_pcd.o)
                0x000000000800c21c                HAL_PCD_SetAddress
 .text.HAL_PCD_EP_Open
                0x000000000800c244       0x74 ../libdaisy/build/libdaisy.a(stm32h7xx_hal_pcd.o)
                0x000000000800c244                HAL_PCD_EP_Open
 .text.HAL_PCD_EP_Receive
                0x000000000800c2b8       0x50 ../libdaisy/build/libdaisy.a(stm32h7xx_hal_pcd.o)
                0x000000000800c2b8                HAL_PCD_EP_Receive
 .text.HAL_PCD_EP_Transmit
                0x000000000800c308       0x48 ../libdaisy/build/libdaisy.a(stm32h7xx_hal_pcd.o)
                0x000000000800c308                HAL_PCD_EP_Transmit
 .text.HAL_PCD_EP_SetStall
                0x000000000800c350       0x88 ../libdaisy/build/libdaisy.a(stm32h7xx_hal_pcd.o)
                0x000000000800c350                HAL_PCD_EP_SetStall
 .text.HAL_PCD_EP_ClrStall
                0x000000000800c3d8       0x78 ../libdaisy/build/libdaisy.a(stm32h7xx_hal_pcd.o)
                0x000000000800c3d8                HAL_PCD_EP_ClrStall
 .text.HAL_PCDEx_LPM_Callback
                0x000000000800c450        0x4 ../libdaisy/build/libdaisy.a(stm32h7xx_hal_pcd_ex.o)
                0x000000000800c450                HAL_PCDEx_LPM_Callback
 .text.HAL_PWREx_ConfigSupply
                0x000000000800c454       0x4c ../libdaisy/build/libdaisy.a(stm32h7xx_hal_pwr_ex.o)
                0x000000000800c454                HAL_PWREx_ConfigSupply
 .text.HAL_PWREx_EnableUSBVoltageDetector
                0x000000000800c4a0       0x10 ../libdaisy/build/libdaisy.a(stm32h7xx_hal_pwr_ex.o)
                0x000000000800c4a0                HAL_PWREx_EnableUSBVoltageDetector
 .text.QSPI_Config
                0x000000000800c4b0      0x1d4 ../libdaisy/build/libdaisy.a(stm32h7xx_hal_qspi.o)
 .text.HAL_QSPI_Init
                0x000000000800c684       0xd8 ../libdaisy/build/libdaisy.a(stm32h7xx_hal_qspi.o)
                0x000000000800c684                HAL_QSPI_Init
 .text.HAL_QSPI_DeInit
                0x000000000800c75c       0x3c ../libdaisy/build/libdaisy.a(stm32h7xx_hal_qspi.o)
                0x000000000800c75c                HAL_QSPI_DeInit
 .text.HAL_QSPI_Command
                0x000000000800c798       0xd4 ../libdaisy/build/libdaisy.a(stm32h7xx_hal_qspi.o)
                0x000000000800c798                HAL_QSPI_Command
 .text.HAL_QSPI_Transmit
                0x000000000800c86c       0xfc ../libdaisy/build/libdaisy.a(stm32h7xx_hal_qspi.o)
                0x000000000800c86c                HAL_QSPI_Transmit
 .text.HAL_QSPI_Receive
                0x000000000800c968      0x108 ../libdaisy/build/libdaisy.a(stm32h7xx_hal_qspi.o)
                0x000000000800c968                HAL_QSPI_Receive
 .text.HAL_QSPI_AutoPolling
                0x000000000800ca70       0xe8 ../libdaisy/build/libdaisy.a(stm32h7xx_hal_qspi.o)
                0x000000000800ca70                HAL_QSPI_AutoPolling
 .text.HAL_QSPI_MemoryMapped
                0x000000000800cb58       0xb8 ../libdaisy/build/libdaisy.a(stm32h7xx_hal_qspi.o)
                0x000000000800cb58                HAL_QSPI_MemoryMapped
 .text.HAL_QSPI_ErrorCallback
                0x000000000800cc10        0x4 ../libdaisy/build/libdaisy.a(stm32h7xx_hal_qspi.o)
                0x000000000800cc10                HAL_QSPI_ErrorCallback
 .text.QSPI_DMAAbortCplt
                0x000000000800cc14       0x38 ../libdaisy/build/libdaisy.a(stm32h7xx_hal_qspi.o)
 .text.HAL_QSPI_AbortCpltCallback
                0x000000000800cc4c        0x4 ../libdaisy/build/libdaisy.a(stm32h7xx_hal_qspi.o)
                0x000000000800cc4c                HAL_QSPI_AbortCpltCallback
 .text.HAL_QSPI_CmdCpltCallback
                0x000000000800cc50        0x4 ../libdaisy/build/libdaisy.a(stm32h7xx_hal_qspi.o)
                0x000000000800cc50                HAL_QSPI_CmdCpltCallback
 .text.HAL_QSPI_RxCpltCallback
                0x000000000800cc54        0x4 ../libdaisy/build/libdaisy.a(stm32h7xx_hal_qspi.o)
                0x000000000800cc54                HAL_QSPI_RxCpltCallback
 .text.HAL_QSPI_TxCpltCallback
                0x000000000800cc58        0x4 ../libdaisy/build/libdaisy.a(stm32h7xx_hal_qspi.o)
                0x000000000800cc58                HAL_QSPI_TxCpltCallback
 .text.HAL_QSPI_FifoThresholdCallback
                0x000000000800cc5c        0x4 ../libdaisy/build/libdaisy.a(stm32h7xx_hal_qspi.o)
                0x000000000800cc5c                HAL_QSPI_FifoThresholdCallback
 .text.HAL_QSPI_StatusMatchCallback
                0x000000000800cc60        0x4 ../libdaisy/build/libdaisy.a(stm32h7xx_hal_qspi.o)
                0x000000000800cc60                HAL_QSPI_StatusMatchCallback
 .text.HAL_QSPI_TimeOutCallback
                0x000000000800cc64        0x4 ../libdaisy/build/libdaisy.a(stm32h7xx_hal_qspi.o)
                0x000000000800cc64                HAL_QSPI_TimeOutCallback
 .text.HAL_QSPI_IRQHandler
                0x000000000800cc68      0x210 ../libdaisy/build/libdaisy.a(stm32h7xx_hal_qspi.o)
                0x000000000800cc68                HAL_QSPI_IRQHandler
 .text.HAL_RCC_OscConfig
                0x000000000800ce78      0x540 ../libdaisy/build/libdaisy.a(stm32h7xx_hal_rcc.o)
                0x000000000800ce78                HAL_RCC_OscConfig
 .text.HAL_RCC_GetSysClockFreq
                0x000000000800d3b8      0x140 ../libdaisy/build/libdaisy.a(stm32h7xx_hal_rcc.o)
                0x000000000800d3b8                HAL_RCC_GetSysClockFreq
 .text.HAL_RCC_ClockConfig
                0x000000000800d4f8      0x234 ../libdaisy/build/libdaisy.a(stm32h7xx_hal_rcc.o)
                0x000000000800d4f8                HAL_RCC_ClockConfig
 .text.HAL_RCC_GetHCLKFreq
                0x000000000800d72c       0x2c ../libdaisy/build/libdaisy.a(stm32h7xx_hal_rcc.o)
                0x000000000800d72c                HAL_RCC_GetHCLKFreq
 .text.HAL_RCC_GetPCLK1Freq
                0x000000000800d758       0x38 ../libdaisy/build/libdaisy.a(stm32h7xx_hal_rcc.o)
                0x000000000800d758                HAL_RCC_GetPCLK1Freq
 .text.RCCEx_PLL2_Config
                0x000000000800d790       0xf8 ../libdaisy/build/libdaisy.a(stm32h7xx_hal_rcc_ex.o)
 .text.RCCEx_PLL3_Config
                0x000000000800d888       0xf8 ../libdaisy/build/libdaisy.a(stm32h7xx_hal_rcc_ex.o)
 .text.HAL_RCCEx_PeriphCLKConfig
                0x000000000800d980      0xa7c ../libdaisy/build/libdaisy.a(stm32h7xx_hal_rcc_ex.o)
                0x000000000800d980                HAL_RCCEx_PeriphCLKConfig
 .text.HAL_RCCEx_GetPLL2ClockFreq
                0x000000000800e3fc      0x17c ../libdaisy/build/libdaisy.a(stm32h7xx_hal_rcc_ex.o)
                0x000000000800e3fc                HAL_RCCEx_GetPLL2ClockFreq
 .text.HAL_RCCEx_GetPLL3ClockFreq
                0x000000000800e578      0x17c ../libdaisy/build/libdaisy.a(stm32h7xx_hal_rcc_ex.o)
                0x000000000800e578                HAL_RCCEx_GetPLL3ClockFreq
 .text.HAL_RCCEx_GetPLL1ClockFreq
                0x000000000800e6f4      0x17c ../libdaisy/build/libdaisy.a(stm32h7xx_hal_rcc_ex.o)
                0x000000000800e6f4                HAL_RCCEx_GetPLL1ClockFreq
 .text.HAL_RCCEx_GetPeriphCLKFreq
                0x000000000800e870      0x198 ../libdaisy/build/libdaisy.a(stm32h7xx_hal_rcc_ex.o)
                0x000000000800e870                HAL_RCCEx_GetPeriphCLKFreq
 .text.HAL_RCCEx_GetD1SysClockFreq
                0x000000000800ea08       0x2c ../libdaisy/build/libdaisy.a(stm32h7xx_hal_rcc_ex.o)
                0x000000000800ea08                HAL_RCCEx_GetD1SysClockFreq
 .text.HAL_SAI_Init.part.0
                0x000000000800ea34      0x364 ../libdaisy/build/libdaisy.a(stm32h7xx_hal_sai.o)
 .text.HAL_SAI_InitProtocol
                0x000000000800ed98      0x184 ../libdaisy/build/libdaisy.a(stm32h7xx_hal_sai.o)
                0x000000000800ed98                HAL_SAI_InitProtocol
 .text.HAL_SAI_Transmit_DMA
                0x000000000800ef1c      0x124 ../libdaisy/build/libdaisy.a(stm32h7xx_hal_sai.o)
                0x000000000800ef1c                HAL_SAI_Transmit_DMA
 .text.HAL_SAI_Receive_DMA
                0x000000000800f040       0xcc ../libdaisy/build/libdaisy.a(stm32h7xx_hal_sai.o)
                0x000000000800f040                HAL_SAI_Receive_DMA
 .text.HAL_SAI_TxCpltCallback
                0x000000000800f10c        0x4 ../libdaisy/build/libdaisy.a(stm32h7xx_hal_sai.o)
                0x000000000800f10c                HAL_SAI_TxCpltCallback
 .text.SAI_DMATxCplt
                0x000000000800f110       0x60 ../libdaisy/build/libdaisy.a(stm32h7xx_hal_sai.o)
 .text.HAL_SAI_TxHalfCpltCallback
                0x000000000800f170        0x4 ../libdaisy/build/libdaisy.a(stm32h7xx_hal_sai.o)
                0x000000000800f170                HAL_SAI_TxHalfCpltCallback
 .text.SAI_DMATxHalfCplt
                0x000000000800f174        0xc ../libdaisy/build/libdaisy.a(stm32h7xx_hal_sai.o)
 .text.SAI_DMARxCplt
                0x000000000800f180       0x60 ../libdaisy/build/libdaisy.a(stm32h7xx_hal_sai.o)
 .text.SAI_DMARxHalfCplt
                0x000000000800f1e0        0xc ../libdaisy/build/libdaisy.a(stm32h7xx_hal_sai.o)
 .text.HAL_SAI_ErrorCallback
                0x000000000800f1ec        0x4 ../libdaisy/build/libdaisy.a(stm32h7xx_hal_sai.o)
                0x000000000800f1ec                HAL_SAI_ErrorCallback
 .text.SAI_DMAError
                0x000000000800f1f0       0x6c ../libdaisy/build/libdaisy.a(stm32h7xx_hal_sai.o)
 .text.HAL_SDRAM_Init
                0x000000000800f25c       0x54 ../libdaisy/build/libdaisy.a(stm32h7xx_hal_sdram.o)
                0x000000000800f25c                HAL_SDRAM_Init
 .text.HAL_SDRAM_SendCommand
                0x000000000800f2b0       0x40 ../libdaisy/build/libdaisy.a(stm32h7xx_hal_sdram.o)
                0x000000000800f2b0                HAL_SDRAM_SendCommand
 .text.HAL_SDRAM_ProgramRefreshRate
                0x000000000800f2f0       0x30 ../libdaisy/build/libdaisy.a(stm32h7xx_hal_sdram.o)
                0x000000000800f2f0                HAL_SDRAM_ProgramRefreshRate
 .text.FMC_SDRAM_Init
                0x000000000800f320       0x78 ../libdaisy/build/libdaisy.a(stm32h7xx_ll_fmc.o)
                0x000000000800f320                FMC_SDRAM_Init
 .text.FMC_SDRAM_Timing_Init
                0x000000000800f398       0x98 ../libdaisy/build/libdaisy.a(stm32h7xx_ll_fmc.o)
                0x000000000800f398                FMC_SDRAM_Timing_Init
 .text.FMC_SDRAM_SendCommand
                0x000000000800f430       0x24 ../libdaisy/build/libdaisy.a(stm32h7xx_ll_fmc.o)
                0x000000000800f430                FMC_SDRAM_SendCommand
 .text.FMC_SDRAM_ProgramRefreshRate
                0x000000000800f454       0x1c ../libdaisy/build/libdaisy.a(stm32h7xx_ll_fmc.o)
                0x000000000800f454                FMC_SDRAM_ProgramRefreshRate
 .text.USB_SetTurnaroundTime
                0x000000000800f470       0xf8 ../libdaisy/build/libdaisy.a(stm32h7xx_ll_usb.o)
                0x000000000800f470                USB_SetTurnaroundTime
 .text.USB_FlushTxFifo
                0x000000000800f568       0x24 ../libdaisy/build/libdaisy.a(stm32h7xx_ll_usb.o)
                0x000000000800f568                USB_FlushTxFifo
 .text.USB_GetDevSpeed
                0x000000000800f58c       0x18 ../libdaisy/build/libdaisy.a(stm32h7xx_ll_usb.o)
                0x000000000800f58c                USB_GetDevSpeed
 .text.USB_ActivateEndpoint
                0x000000000800f5a4       0x90 ../libdaisy/build/libdaisy.a(stm32h7xx_ll_usb.o)
                0x000000000800f5a4                USB_ActivateEndpoint
 .text.USB_EPStartXfer
                0x000000000800f634      0x228 ../libdaisy/build/libdaisy.a(stm32h7xx_ll_usb.o)
                0x000000000800f634                USB_EPStartXfer
 .text.USB_EP0StartXfer
                0x000000000800f85c      0x150 ../libdaisy/build/libdaisy.a(stm32h7xx_ll_usb.o)
                0x000000000800f85c                USB_EP0StartXfer
 .text.USB_WritePacket
                0x000000000800f9ac       0x2c ../libdaisy/build/libdaisy.a(stm32h7xx_ll_usb.o)
                0x000000000800f9ac                USB_WritePacket
 .text.USB_ReadPacket
                0x000000000800f9d8       0x24 ../libdaisy/build/libdaisy.a(stm32h7xx_ll_usb.o)
                0x000000000800f9d8                USB_ReadPacket
 .text.USB_EPSetStall
                0x000000000800f9fc       0x68 ../libdaisy/build/libdaisy.a(stm32h7xx_ll_usb.o)
                0x000000000800f9fc                USB_EPSetStall
 .text.USB_EPClearStall
                0x000000000800fa64       0x58 ../libdaisy/build/libdaisy.a(stm32h7xx_ll_usb.o)
                0x000000000800fa64                USB_EPClearStall
 .text.USB_SetDevAddress
                0x000000000800fabc       0x24 ../libdaisy/build/libdaisy.a(stm32h7xx_ll_usb.o)
                0x000000000800fabc                USB_SetDevAddress
 .text.USB_ReadInterrupts
                0x000000000800fae0        0x8 ../libdaisy/build/libdaisy.a(stm32h7xx_ll_usb.o)
                0x000000000800fae0                USB_ReadInterrupts
 .text.USB_ReadDevAllOutEpInterrupt
                0x000000000800fae8       0x10 ../libdaisy/build/libdaisy.a(stm32h7xx_ll_usb.o)
                0x000000000800fae8                USB_ReadDevAllOutEpInterrupt
 .text.USB_ReadDevAllInEpInterrupt
                0x000000000800faf8       0x10 ../libdaisy/build/libdaisy.a(stm32h7xx_ll_usb.o)
                0x000000000800faf8                USB_ReadDevAllInEpInterrupt
 .text.USB_ReadDevOutEPInterrupt
                0x000000000800fb08       0x14 ../libdaisy/build/libdaisy.a(stm32h7xx_ll_usb.o)
                0x000000000800fb08                USB_ReadDevOutEPInterrupt
 .text.USB_ReadDevInEPInterrupt
                0x000000000800fb1c       0x24 ../libdaisy/build/libdaisy.a(stm32h7xx_ll_usb.o)
                0x000000000800fb1c                USB_ReadDevInEPInterrupt
 .text.USB_GetMode
                0x000000000800fb40        0x8 ../libdaisy/build/libdaisy.a(stm32h7xx_ll_usb.o)
                0x000000000800fb40                USB_GetMode
 .text.USB_ActivateSetup
                0x000000000800fb48       0x38 ../libdaisy/build/libdaisy.a(stm32h7xx_ll_usb.o)
                0x000000000800fb48                USB_ActivateSetup
 .text.USB_EP0_OutStart
                0x000000000800fb80       0x58 ../libdaisy/build/libdaisy.a(stm32h7xx_ll_usb.o)
                0x000000000800fb80                USB_EP0_OutStart
 .text.USB_InitFSLSPClkSel
                0x000000000800fbd8       0x50 ../libdaisy/build/libdaisy.a(stm32h7xx_ll_usb.o)
                0x000000000800fbd8                USB_InitFSLSPClkSel
 .text.USB_HC_ReadInterrupt
                0x000000000800fc28        0xc ../libdaisy/build/libdaisy.a(stm32h7xx_ll_usb.o)
                0x000000000800fc28                USB_HC_ReadInterrupt
 .text.USB_HC_Halt
                0x000000000800fc34       0xc0 ../libdaisy/build/libdaisy.a(stm32h7xx_ll_usb.o)
                0x000000000800fc34                USB_HC_Halt
 .text.USB_StopHost
                0x000000000800fcf4      0x17c ../libdaisy/build/libdaisy.a(stm32h7xx_ll_usb.o)
                0x000000000800fcf4                USB_StopHost
 .text.USBD_SetClassConfig
                0x000000000800fe70       0x14 ../libdaisy/build/libdaisy.a(usbd_core.o)
                0x000000000800fe70                USBD_SetClassConfig
 .text.USBD_ClrClassConfig
                0x000000000800fe84       0x10 ../libdaisy/build/libdaisy.a(usbd_core.o)
                0x000000000800fe84                USBD_ClrClassConfig
 .text.USBD_LL_SetupStage
                0x000000000800fe94       0x5c ../libdaisy/build/libdaisy.a(usbd_core.o)
                0x000000000800fe94                USBD_LL_SetupStage
 .text.USBD_LL_DataOutStage
                0x000000000800fef0       0x7c ../libdaisy/build/libdaisy.a(usbd_core.o)
                0x000000000800fef0                USBD_LL_DataOutStage
 .text.USBD_LL_DataInStage
                0x000000000800ff6c       0xb8 ../libdaisy/build/libdaisy.a(usbd_core.o)
                0x000000000800ff6c                USBD_LL_DataInStage
 .text.USBD_LL_Reset
                0x0000000008010024       0x50 ../libdaisy/build/libdaisy.a(usbd_core.o)
                0x0000000008010024                USBD_LL_Reset
 .text.USBD_LL_SetSpeed
                0x0000000008010074        0x8 ../libdaisy/build/libdaisy.a(usbd_core.o)
                0x0000000008010074                USBD_LL_SetSpeed
 .text.USBD_LL_Suspend
                0x000000000801007c       0x14 ../libdaisy/build/libdaisy.a(usbd_core.o)
                0x000000000801007c                USBD_LL_Suspend
 .text.USBD_LL_Resume
                0x0000000008010090       0x10 ../libdaisy/build/libdaisy.a(usbd_core.o)
                0x0000000008010090                USBD_LL_Resume
 .text.USBD_LL_SOF
                0x00000000080100a0       0x1c ../libdaisy/build/libdaisy.a(usbd_core.o)
                0x00000000080100a0                USBD_LL_SOF
 .text.USBD_LL_IsoINIncomplete
                0x00000000080100bc        0x4 ../libdaisy/build/libdaisy.a(usbd_core.o)
                0x00000000080100bc                USBD_LL_IsoINIncomplete
 .text.USBD_LL_IsoOUTIncomplete
                0x00000000080100c0        0x4 ../libdaisy/build/libdaisy.a(usbd_core.o)
                0x00000000080100c0                USBD_LL_IsoOUTIncomplete
 .text.USBD_LL_DevConnected
                0x00000000080100c4        0x4 ../libdaisy/build/libdaisy.a(usbd_core.o)
                0x00000000080100c4                USBD_LL_DevConnected
 .text.USBD_LL_DevDisconnected
                0x00000000080100c8       0x18 ../libdaisy/build/libdaisy.a(usbd_core.o)
                0x00000000080100c8                USBD_LL_DevDisconnected
 .text.USBD_StdDevReq
                0x00000000080100e0      0x30c ../libdaisy/build/libdaisy.a(usbd_ctlreq.o)
                0x00000000080100e0                USBD_StdDevReq
 .text.USBD_StdItfReq
                0x00000000080103ec       0x68 ../libdaisy/build/libdaisy.a(usbd_ctlreq.o)
                0x00000000080103ec                USBD_StdItfReq
 .text.USBD_StdEPReq
                0x0000000008010454      0x134 ../libdaisy/build/libdaisy.a(usbd_ctlreq.o)
                0x0000000008010454                USBD_StdEPReq
 .text.USBD_ParseSetupRequest
                0x0000000008010588       0x28 ../libdaisy/build/libdaisy.a(usbd_ctlreq.o)
                0x0000000008010588                USBD_ParseSetupRequest
 .text.USBD_CtlSendData
                0x00000000080105b0       0x1c ../libdaisy/build/libdaisy.a(usbd_ioreq.o)
                0x00000000080105b0                USBD_CtlSendData
 .text.USBD_CtlContinueSendData
                0x00000000080105cc       0x14 ../libdaisy/build/libdaisy.a(usbd_ioreq.o)
                0x00000000080105cc                USBD_CtlContinueSendData
 .text.USBD_CtlContinueRx
                0x00000000080105e0       0x14 ../libdaisy/build/libdaisy.a(usbd_ioreq.o)
                0x00000000080105e0                USBD_CtlContinueRx
 .text.USBD_CtlSendStatus
                0x00000000080105f4       0x18 ../libdaisy/build/libdaisy.a(usbd_ioreq.o)
                0x00000000080105f4                USBD_CtlSendStatus
 .text.USBD_CtlReceiveStatus
                0x000000000801060c       0x18 ../libdaisy/build/libdaisy.a(usbd_ioreq.o)
                0x000000000801060c                USBD_CtlReceiveStatus
 .text.USBH_LL_IncTimer
                0x0000000008010624       0x20 ../libdaisy/build/libdaisy.a(usbh_core.o)
                0x0000000008010624                USBH_LL_IncTimer
 .text.USBH_LL_PortEnabled
                0x0000000008010644        0x8 ../libdaisy/build/libdaisy.a(usbh_core.o)
                0x0000000008010644                USBH_LL_PortEnabled
 .text.USBH_LL_PortDisabled
                0x000000000801064c        0x8 ../libdaisy/build/libdaisy.a(usbh_core.o)
                0x000000000801064c                USBH_LL_PortDisabled
 .text.USBH_LL_Connect
                0x0000000008010654       0x18 ../libdaisy/build/libdaisy.a(usbh_core.o)
                0x0000000008010654                USBH_LL_Connect
 .text.USBH_LL_Disconnect
                0x000000000801066c       0x2c ../libdaisy/build/libdaisy.a(usbh_core.o)
                0x000000000801066c                USBH_LL_Disconnect
 .text.USBH_FreePipe
                0x0000000008010698       0x18 ../libdaisy/build/libdaisy.a(usbh_pipes.o)
                0x0000000008010698                USBH_FreePipe
 .text._ZN5daisy6Random4InitEv
                0x00000000080106b0       0x3c ../libdaisy/build/libdaisy.a(rng.o)
                0x00000000080106b0                daisy::Random::Init()
 .text._ZN5daisy9SpiHandle4Impl10StartDmaTxEPhjPFvPvNS0_6ResultEES3_
                0x00000000080106ec      0x100 ../libdaisy/build/libdaisy.a(spi.o)
                0x00000000080106ec                daisy::SpiHandle::Impl::StartDmaTx(unsigned char*, unsigned int, void (*)(void*, daisy::SpiHandle::Result), void*)
 .text._ZN5daisy9SpiHandle4Impl10StartDmaRxEPhjPFvPvNS0_6ResultEES3_
                0x00000000080107ec      0x100 ../libdaisy/build/libdaisy.a(spi.o)
                0x00000000080107ec                daisy::SpiHandle::Impl::StartDmaRx(unsigned char*, unsigned int, void (*)(void*, daisy::SpiHandle::Result), void*)
 .text._ZN5daisy9SpiHandle4Impl8InitPinsEv
                0x00000000080108ec      0x260 ../libdaisy/build/libdaisy.a(spi.o)
                0x00000000080108ec                daisy::SpiHandle::Impl::InitPins()
 .text.HAL_SPI_MspInit
                0x0000000008010b4c      0x1a8 ../libdaisy/build/libdaisy.a(spi.o)
                0x0000000008010b4c                HAL_SPI_MspInit
 .text.dsy_spi_global_init
                0x0000000008010cf4       0x68 ../libdaisy/build/libdaisy.a(spi.o)
                0x0000000008010cf4                dsy_spi_global_init
 .text.SPI1_IRQHandler
                0x0000000008010d5c        0xc ../libdaisy/build/libdaisy.a(spi.o)
                0x0000000008010d5c                SPI1_IRQHandler
 .text.DMA1_Stream7_IRQHandler
                0x0000000008010d68       0x34 ../libdaisy/build/libdaisy.a(spi.o)
                0x0000000008010d68                DMA1_Stream7_IRQHandler
 .text.HAL_SPI_TxCpltCallback
                0x0000000008010d9c       0x80 ../libdaisy/build/libdaisy.a(spi.o)
                0x0000000008010d9c                HAL_SPI_TxCpltCallback
 .text.HAL_SPI_RxCpltCallback
                0x0000000008010e1c       0x80 ../libdaisy/build/libdaisy.a(spi.o)
                0x0000000008010e1c                HAL_SPI_RxCpltCallback
 .text.HAL_SPI_ErrorCallback
                0x0000000008010e9c       0x84 ../libdaisy/build/libdaisy.a(spi.o)
                0x0000000008010e9c                HAL_SPI_ErrorCallback
 .text.startup._GLOBAL__sub_I__Z19MapInstanceToHandleP11SPI_TypeDef
                0x0000000008010f20      0x168 ../libdaisy/build/libdaisy.a(spi.o)
 .text.HAL_TIM_Base_MspInit
                0x0000000008011088       0xcc ../libdaisy/build/libdaisy.a(tim.o)
                0x0000000008011088                HAL_TIM_Base_MspInit
 .text._ZN5daisy11TimerHandle4InitERKNS0_6ConfigE
                0x0000000008011154       0xd0 ../libdaisy/build/libdaisy.a(tim.o)
                0x0000000008011154                daisy::TimerHandle::Init(daisy::TimerHandle::Config const&)
 .text._ZN5daisy11TimerHandle5StartEv
                0x0000000008011224       0x14 ../libdaisy/build/libdaisy.a(tim.o)
                0x0000000008011224                daisy::TimerHandle::Start()
 .text._ZN5daisy11TimerHandle5GetUsEv
                0x0000000008011238       0x2c ../libdaisy/build/libdaisy.a(tim.o)
                0x0000000008011238                daisy::TimerHandle::GetUs()
 .text.dsy_dma_init
                0x0000000008011264       0xe0 ../libdaisy/build/libdaisy.a(dma.o)
                0x0000000008011264                dsy_dma_init
 .text.HAL_MDMA_Abort_IT
                0x0000000008011344       0x2c ../libdaisy/build/libdaisy.a(stm32h7xx_hal_mdma.o)
                0x0000000008011344                HAL_MDMA_Abort_IT
 .text.SPI_CloseTransfer
                0x0000000008011370       0xb8 ../libdaisy/build/libdaisy.a(stm32h7xx_hal_spi.o)
 .text.HAL_SPI_Init
                0x0000000008011428      0x168 ../libdaisy/build/libdaisy.a(stm32h7xx_hal_spi.o)
                0x0000000008011428                HAL_SPI_Init
 .text.HAL_SPI_Transmit_DMA
                0x0000000008011590      0x178 ../libdaisy/build/libdaisy.a(stm32h7xx_hal_spi.o)
                0x0000000008011590                HAL_SPI_Transmit_DMA
 .text.HAL_SPI_TransmitReceive_DMA
                0x0000000008011708      0x218 ../libdaisy/build/libdaisy.a(stm32h7xx_hal_spi.o)
                0x0000000008011708                HAL_SPI_TransmitReceive_DMA
 .text.HAL_SPI_Receive_DMA
                0x0000000008011920      0x1b0 ../libdaisy/build/libdaisy.a(stm32h7xx_hal_spi.o)
                0x0000000008011920                HAL_SPI_Receive_DMA
 .text.SPI_DMATransmitCplt
                0x0000000008011ad0       0x28 ../libdaisy/build/libdaisy.a(stm32h7xx_hal_spi.o)
 .text.SPI_DMAReceiveCplt
                0x0000000008011af8       0x28 ../libdaisy/build/libdaisy.a(stm32h7xx_hal_spi.o)
 .text.HAL_SPI_TxRxCpltCallback
                0x0000000008011b20        0x4 ../libdaisy/build/libdaisy.a(stm32h7xx_hal_spi.o)
                0x0000000008011b20                HAL_SPI_TxRxCpltCallback
 .text.SPI_DMATransmitReceiveCplt
                0x0000000008011b24       0x28 ../libdaisy/build/libdaisy.a(stm32h7xx_hal_spi.o)
 .text.HAL_SPI_TxHalfCpltCallback
                0x0000000008011b4c        0x4 ../libdaisy/build/libdaisy.a(stm32h7xx_hal_spi.o)
                0x0000000008011b4c                HAL_SPI_TxHalfCpltCallback
 .text.SPI_DMAHalfTransmitCplt
                0x0000000008011b50        0xc ../libdaisy/build/libdaisy.a(stm32h7xx_hal_spi.o)
 .text.HAL_SPI_RxHalfCpltCallback
                0x0000000008011b5c        0x4 ../libdaisy/build/libdaisy.a(stm32h7xx_hal_spi.o)
                0x0000000008011b5c                HAL_SPI_RxHalfCpltCallback
 .text.SPI_DMAHalfReceiveCplt
                0x0000000008011b60        0xc ../libdaisy/build/libdaisy.a(stm32h7xx_hal_spi.o)
 .text.HAL_SPI_TxRxHalfCpltCallback
                0x0000000008011b6c        0x4 ../libdaisy/build/libdaisy.a(stm32h7xx_hal_spi.o)
                0x0000000008011b6c                HAL_SPI_TxRxHalfCpltCallback
 .text.SPI_DMAHalfTransmitReceiveCplt
                0x0000000008011b70        0xc ../libdaisy/build/libdaisy.a(stm32h7xx_hal_spi.o)
 .text.SPI_DMAError
                0x0000000008011b7c       0xd8 ../libdaisy/build/libdaisy.a(stm32h7xx_hal_spi.o)
 .text.HAL_SPI_IRQHandler
                0x0000000008011c54      0x240 ../libdaisy/build/libdaisy.a(stm32h7xx_hal_spi.o)
                0x0000000008011c54                HAL_SPI_IRQHandler
 .text.SPI_DMAAbortOnError
                0x0000000008011e94       0x1c ../libdaisy/build/libdaisy.a(stm32h7xx_hal_spi.o)
 .text.HAL_SPI_GetState
                0x0000000008011eb0        0x8 ../libdaisy/build/libdaisy.a(stm32h7xx_hal_spi.o)
                0x0000000008011eb0                HAL_SPI_GetState
 .text.HAL_TIM_Base_Init
                0x0000000008011eb8      0x130 ../libdaisy/build/libdaisy.a(stm32h7xx_hal_tim.o)
                0x0000000008011eb8                HAL_TIM_Base_Init
 .text.HAL_TIM_Base_Start
                0x0000000008011fe8       0x38 ../libdaisy/build/libdaisy.a(stm32h7xx_hal_tim.o)
                0x0000000008011fe8                HAL_TIM_Base_Start
 .text.HAL_TIM_ConfigClockSource
                0x0000000008012020      0x17c ../libdaisy/build/libdaisy.a(stm32h7xx_hal_tim.o)
                0x0000000008012020                HAL_TIM_ConfigClockSource
 .text.HAL_TIMEx_MasterConfigSynchronization
                0x000000000801219c       0x60 ../libdaisy/build/libdaisy.a(stm32h7xx_hal_tim_ex.o)
                0x000000000801219c                HAL_TIMEx_MasterConfigSynchronization
 .text._ZN7daisysp4Adsr4InitEfi
                0x00000000080121fc       0xe0 ../DaisySP/build/libdaisysp.a(adsr.o)
                0x00000000080121fc                daisysp::Adsr::Init(float, int)
 .text._ZN7daisysp4Adsr7SetTimeEif
                0x00000000080122dc      0x110 ../DaisySP/build/libdaisysp.a(adsr.o)
                0x00000000080122dc                daisysp::Adsr::SetTime(int, float)
 .text._ZN7daisysp4Adsr7ProcessEb
                0x00000000080123ec       0xb0 ../DaisySP/build/libdaisysp.a(adsr.o)
                0x00000000080123ec                daisysp::Adsr::Process(bool)
 .text._ZN7daisysp9CrossFade7ProcessERfS1_
                0x000000000801249c       0xd0 ../DaisySP/build/libdaisysp.a(crossfade.o)
                0x000000000801249c                daisysp::CrossFade::Process(float&, float&)
 .text._ZN7daisysp3Svf4InitEf
                0x000000000801256c       0x4c ../DaisySP/build/libdaisysp.a(svf.o)
                0x000000000801256c                daisysp::Svf::Init(float)
 .text._ZN7daisysp3Svf7ProcessEf
                0x00000000080125b8       0xc0 ../DaisySP/build/libdaisysp.a(svf.o)
                0x00000000080125b8                daisysp::Svf::Process(float)
 .text._ZN7daisysp3Svf7SetFreqEf
                0x0000000008012678       0xc8 ../DaisySP/build/libdaisysp.a(svf.o)
                0x0000000008012678                daisysp::Svf::SetFreq(float)
 .text._ZN7daisysp3Svf6SetResEf
                0x0000000008012740       0x8c ../DaisySP/build/libdaisysp.a(svf.o)
                0x0000000008012740                daisysp::Svf::SetRes(float)
 .text._ZN7daisysp3Svf8SetDriveEf
                0x00000000080127cc       0x34 ../DaisySP/build/libdaisysp.a(svf.o)
                0x00000000080127cc                daisysp::Svf::SetDrive(float)
 .text._ZN7daisysp10Oscillator7ProcessEv
                0x0000000008012800      0x3c4 ../DaisySP/build/libdaisysp.a(oscillator.o)
                0x0000000008012800                daisysp::Oscillator::Process()
 .text._ZN7daisysp10Oscillator12CalcPhaseIncEf
                0x0000000008012bc4       0x18 ../DaisySP/build/libdaisysp.a(oscillator.o)
                0x0000000008012bc4                daisysp::Oscillator::CalcPhaseInc(float)
 .text.__aeabi_atexit
                0x0000000008012bdc        0xa /usr/local/Cellar/arm-none-eabi-gcc/9-2019-q4-major/gcc/bin/../lib/gcc/arm-none-eabi/9.2.1/../../../../arm-none-eabi/lib/thumb/v7e-m+dp/hard/libstdc++_nano.a(atexit_arm.o)
                0x0000000008012bdc                __aeabi_atexit
 *fill*         0x0000000008012be6        0x2 
 .text.expf     0x0000000008012be8       0xe4 /usr/local/Cellar/arm-none-eabi-gcc/9-2019-q4-major/gcc/bin/../lib/gcc/arm-none-eabi/9.2.1/../../../../arm-none-eabi/lib/thumb/v7e-m+dp/hard/libm.a(lib_a-sf_exp.o)